nohup: ignoring input
[2026-07-31 21:01:14,763][HYDRA] Launching 12 jobs locally
[2026-07-31 21:01:14,763][HYDRA] 	#0 : dataset=german coordinate=raw n_seeds=10 out=outputs/a1_coord
A1: wrote 400 rows -> outputs/a1_coord/a1_german_0.parquet
[2026-07-31 22:03:24,057][HYDRA] 	#1 : dataset=german coordinate=rank n_seeds=10 out=outputs/a1_coord
[2026-07-31 23:05:41,209][experiments.common][WARNING] - overwriting existing results file outputs/a1_coord/a1_german_0.parquet
A1: wrote 400 rows -> outputs/a1_coord/a1_german_0.parquet
[2026-07-31 23:05:41,233][HYDRA] 	#2 : dataset=german coordinate=rank_balanced n_seeds=10 out=outputs/a1_coord
[2026-08-01 00:07:41,833][experiments.common][WARNING] - overwriting existing results file outputs/a1_coord/a1_german_0.parquet
A1: wrote 400 rows -> outputs/a1_coord/a1_german_0.parquet
[2026-08-01 00:07:41,846][HYDRA] 	#3 : dataset=taiwan coordinate=raw n_seeds=10 out=outputs/a1_coord
A1: wrote 1200 rows -> outputs/a1_coord/a1_taiwan_0.parquet
[2026-08-01 04:40:42,328][HYDRA] 	#4 : dataset=taiwan coordinate=rank n_seeds=10 out=outputs/a1_coord
[2026-08-01 09:19:40,507][experiments.common][WARNING] - overwriting existing results file outputs/a1_coord/a1_taiwan_0.parquet
A1: wrote 1200 rows -> outputs/a1_coord/a1_taiwan_0.parquet
[2026-08-01 09:19:40,533][HYDRA] 	#5 : dataset=taiwan coordinate=rank_balanced n_seeds=10 out=outputs/a1_coord
[2026-08-01 13:59:38,619][experiments.common][WARNING] - overwriting existing results file outputs/a1_coord/a1_taiwan_0.parquet
A1: wrote 1200 rows -> outputs/a1_coord/a1_taiwan_0.parquet
[2026-08-01 13:59:38,642][HYDRA] 	#6 : dataset=gmsc coordinate=raw n_seeds=10 out=outputs/a1_coord
A1: wrote 550 rows -> outputs/a1_coord/a1_gmsc_0.parquet
[2026-08-01 15:12:49,378][HYDRA] 	#7 : dataset=gmsc coordinate=rank n_seeds=10 out=outputs/a1_coord
[2026-08-01 16:26:50,767][experiments.common][WARNING] - overwriting existing results file outputs/a1_coord/a1_gmsc_0.parquet
A1: wrote 550 rows -> outputs/a1_coord/a1_gmsc_0.parquet
[2026-08-01 16:26:50,775][HYDRA] 	#8 : dataset=gmsc coordinate=rank_balanced n_seeds=10 out=outputs/a1_coord
[2026-08-01 17:41:05,898][experiments.common][WARNING] - overwriting existing results file outputs/a1_coord/a1_gmsc_0.parquet
A1: wrote 550 rows -> outputs/a1_coord/a1_gmsc_0.parquet
[2026-08-01 17:41:05,906][HYDRA] 	#9 : dataset=hmeq coordinate=raw n_seeds=10 out=outputs/a1_coord
A1: wrote 550 rows -> outputs/a1_coord/a1_hmeq_0.parquet
[2026-08-01 20:41:41,848][HYDRA] 	#10 : dataset=hmeq coordinate=rank n_seeds=10 out=outputs/a1_coord
[2026-08-01 23:42:29,466][experiments.common][WARNING] - overwriting existing results file outputs/a1_coord/a1_hmeq_0.parquet
A1: wrote 550 rows -> outputs/a1_coord/a1_hmeq_0.parquet
[2026-08-01 23:42:29,482][HYDRA] 	#11 : dataset=hmeq coordinate=rank_balanced n_seeds=10 out=outputs/a1_coord
