nohup: ignoring input
[2026-07-16 01:05:14,579][HYDRA] Launching 5 jobs locally
[2026-07-16 01:05:14,579][HYDRA] 	#0 : dataset=baf seed=0 device=cuda token_mode=ple_interp backbones=[linear,mlp,ft] out=outputs/c3_baf
[2026-07-16 01:05:33,306][__main__][INFO] - raw/linear: auc=0.8338
[2026-07-16 01:05:52,370][__main__][INFO] - raw/mlp: auc=0.8372
[2026-07-16 01:08:24,134][__main__][ERROR] - arm raw/ft failed
Traceback (most recent call last):
  File "/work/cniel/sw/singularity_containers/ot_woe/optbinning/experiments/run_c3.py", line 298, in run
    row = _train_eval(arm, backbone, data, cfg)
          ^^^^^^^^^^^^^^^^^^^^^^^^^^^^^^^^^^^^^
  File "/work/cniel/sw/singularity_containers/ot_woe/optbinning/experiments/run_c3.py", line 235, in _train_eval
    logits, _ = net(xte, eps=cfg.eps_end, need_assign=False)
                ^^^^^^^^^^^^^^^^^^^^^^^^^^^^^^^^^^^^^^^^^^^^
  File "/usr/local/lib/python3.12/site-packages/torch/nn/modules/module.py", line 1739, in _wrapped_call_impl
    return self._call_impl(*args, **kwargs)
           ^^^^^^^^^^^^^^^^^^^^^^^^^^^^^^^^
  File "/usr/local/lib/python3.12/site-packages/torch/nn/modules/module.py", line 1750, in _call_impl
    return forward_call(*args, **kwargs)
           ^^^^^^^^^^^^^^^^^^^^^^^^^^^^^
  File "/work/cniel/sw/singularity_containers/ot_woe/optbinning/experiments/run_c3.py", line 144, in forward
    return self.head(tok), assign
           ^^^^^^^^^^^^^^
  File "/usr/local/lib/python3.12/site-packages/torch/nn/modules/module.py", line 1739, in _wrapped_call_impl
    return self._call_impl(*args, **kwargs)
           ^^^^^^^^^^^^^^^^^^^^^^^^^^^^^^^^
  File "/usr/local/lib/python3.12/site-packages/torch/nn/modules/module.py", line 1750, in _call_impl
    return forward_call(*args, **kwargs)
           ^^^^^^^^^^^^^^^^^^^^^^^^^^^^^
  File "/work/cniel/sw/singularity_containers/ot_woe/optbinning/experiments/paperc/backbones.py", line 79, in forward
    h = self.encoder(torch.cat([cls, h], dim=1))
        ^^^^^^^^^^^^^^^^^^^^^^^^^^^^^^^^^^^^^^^^
  File "/usr/local/lib/python3.12/site-packages/torch/nn/modules/module.py", line 1739, in _wrapped_call_impl
    return self._call_impl(*args, **kwargs)
           ^^^^^^^^^^^^^^^^^^^^^^^^^^^^^^^^
  File "/usr/local/lib/python3.12/site-packages/torch/nn/modules/module.py", line 1750, in _call_impl
    return forward_call(*args, **kwargs)
           ^^^^^^^^^^^^^^^^^^^^^^^^^^^^^
  File "/usr/local/lib/python3.12/site-packages/torch/nn/modules/transformer.py", line 517, in forward
    output = mod(
             ^^^^
  File "/usr/local/lib/python3.12/site-packages/torch/nn/modules/module.py", line 1739, in _wrapped_call_impl
    return self._call_impl(*args, **kwargs)
           ^^^^^^^^^^^^^^^^^^^^^^^^^^^^^^^^
  File "/usr/local/lib/python3.12/site-packages/torch/nn/modules/module.py", line 1750, in _call_impl
    return forward_call(*args, **kwargs)
           ^^^^^^^^^^^^^^^^^^^^^^^^^^^^^
  File "/usr/local/lib/python3.12/site-packages/torch/nn/modules/transformer.py", line 887, in forward
    return torch._transformer_encoder_layer_fwd(
           ^^^^^^^^^^^^^^^^^^^^^^^^^^^^^^^^^^^^^
RuntimeError: CUDA error: invalid configuration argument
CUDA kernel errors might be asynchronously reported at some other API call, so the stacktrace below might be incorrect.
For debugging consider passing CUDA_LAUNCH_BLOCKING=1
Compile with `TORCH_USE_CUDA_DSA` to enable device-side assertions.

[2026-07-16 01:08:53,093][__main__][INFO] - quantile_ple/linear: auc=0.8726
[2026-07-16 01:09:33,700][__main__][INFO] - quantile_ple/mlp: auc=0.8685
[2026-07-16 01:12:14,861][__main__][ERROR] - arm quantile_ple/ft failed
Traceback (most recent call last):
  File "/work/cniel/sw/singularity_containers/ot_woe/optbinning/experiments/run_c3.py", line 298, in run
    row = _train_eval(arm, backbone, data, cfg)
          ^^^^^^^^^^^^^^^^^^^^^^^^^^^^^^^^^^^^^
  File "/work/cniel/sw/singularity_containers/ot_woe/optbinning/experiments/run_c3.py", line 235, in _train_eval
    logits, _ = net(xte, eps=cfg.eps_end, need_assign=False)
                ^^^^^^^^^^^^^^^^^^^^^^^^^^^^^^^^^^^^^^^^^^^^
  File "/usr/local/lib/python3.12/site-packages/torch/nn/modules/module.py", line 1739, in _wrapped_call_impl
    return self._call_impl(*args, **kwargs)
           ^^^^^^^^^^^^^^^^^^^^^^^^^^^^^^^^
  File "/usr/local/lib/python3.12/site-packages/torch/nn/modules/module.py", line 1750, in _call_impl
    return forward_call(*args, **kwargs)
           ^^^^^^^^^^^^^^^^^^^^^^^^^^^^^
  File "/work/cniel/sw/singularity_containers/ot_woe/optbinning/experiments/run_c3.py", line 144, in forward
    return self.head(tok), assign
           ^^^^^^^^^^^^^^
  File "/usr/local/lib/python3.12/site-packages/torch/nn/modules/module.py", line 1739, in _wrapped_call_impl
    return self._call_impl(*args, **kwargs)
           ^^^^^^^^^^^^^^^^^^^^^^^^^^^^^^^^
  File "/usr/local/lib/python3.12/site-packages/torch/nn/modules/module.py", line 1750, in _call_impl
    return forward_call(*args, **kwargs)
           ^^^^^^^^^^^^^^^^^^^^^^^^^^^^^
  File "/work/cniel/sw/singularity_containers/ot_woe/optbinning/experiments/paperc/backbones.py", line 79, in forward
    h = self.encoder(torch.cat([cls, h], dim=1))
        ^^^^^^^^^^^^^^^^^^^^^^^^^^^^^^^^^^^^^^^^
  File "/usr/local/lib/python3.12/site-packages/torch/nn/modules/module.py", line 1739, in _wrapped_call_impl
    return self._call_impl(*args, **kwargs)
           ^^^^^^^^^^^^^^^^^^^^^^^^^^^^^^^^
  File "/usr/local/lib/python3.12/site-packages/torch/nn/modules/module.py", line 1750, in _call_impl
    return forward_call(*args, **kwargs)
           ^^^^^^^^^^^^^^^^^^^^^^^^^^^^^
  File "/usr/local/lib/python3.12/site-packages/torch/nn/modules/transformer.py", line 517, in forward
    output = mod(
             ^^^^
  File "/usr/local/lib/python3.12/site-packages/torch/nn/modules/module.py", line 1739, in _wrapped_call_impl
    return self._call_impl(*args, **kwargs)
           ^^^^^^^^^^^^^^^^^^^^^^^^^^^^^^^^
  File "/usr/local/lib/python3.12/site-packages/torch/nn/modules/module.py", line 1750, in _call_impl
    return forward_call(*args, **kwargs)
           ^^^^^^^^^^^^^^^^^^^^^^^^^^^^^
  File "/usr/local/lib/python3.12/site-packages/torch/nn/modules/transformer.py", line 887, in forward
    return torch._transformer_encoder_layer_fwd(
           ^^^^^^^^^^^^^^^^^^^^^^^^^^^^^^^^^^^^^
RuntimeError: CUDA error: invalid configuration argument
CUDA kernel errors might be asynchronously reported at some other API call, so the stacktrace below might be incorrect.
For debugging consider passing CUDA_LAUNCH_BLOCKING=1
Compile with `TORCH_USE_CUDA_DSA` to enable device-side assertions.

[2026-07-16 01:12:54,096][__main__][INFO] - target_ple/linear: auc=0.8724
[2026-07-16 01:13:46,987][__main__][INFO] - target_ple/mlp: auc=0.8694
[2026-07-16 01:16:37,520][__main__][ERROR] - arm target_ple/ft failed
Traceback (most recent call last):
  File "/work/cniel/sw/singularity_containers/ot_woe/optbinning/experiments/run_c3.py", line 298, in run
    row = _train_eval(arm, backbone, data, cfg)
          ^^^^^^^^^^^^^^^^^^^^^^^^^^^^^^^^^^^^^
  File "/work/cniel/sw/singularity_containers/ot_woe/optbinning/experiments/run_c3.py", line 235, in _train_eval
    logits, _ = net(xte, eps=cfg.eps_end, need_assign=False)
                ^^^^^^^^^^^^^^^^^^^^^^^^^^^^^^^^^^^^^^^^^^^^
  File "/usr/local/lib/python3.12/site-packages/torch/nn/modules/module.py", line 1739, in _wrapped_call_impl
    return self._call_impl(*args, **kwargs)
           ^^^^^^^^^^^^^^^^^^^^^^^^^^^^^^^^
  File "/usr/local/lib/python3.12/site-packages/torch/nn/modules/module.py", line 1750, in _call_impl
    return forward_call(*args, **kwargs)
           ^^^^^^^^^^^^^^^^^^^^^^^^^^^^^
  File "/work/cniel/sw/singularity_containers/ot_woe/optbinning/experiments/run_c3.py", line 144, in forward
    return self.head(tok), assign
           ^^^^^^^^^^^^^^
  File "/usr/local/lib/python3.12/site-packages/torch/nn/modules/module.py", line 1739, in _wrapped_call_impl
    return self._call_impl(*args, **kwargs)
           ^^^^^^^^^^^^^^^^^^^^^^^^^^^^^^^^
  File "/usr/local/lib/python3.12/site-packages/torch/nn/modules/module.py", line 1750, in _call_impl
    return forward_call(*args, **kwargs)
           ^^^^^^^^^^^^^^^^^^^^^^^^^^^^^
  File "/work/cniel/sw/singularity_containers/ot_woe/optbinning/experiments/paperc/backbones.py", line 79, in forward
    h = self.encoder(torch.cat([cls, h], dim=1))
        ^^^^^^^^^^^^^^^^^^^^^^^^^^^^^^^^^^^^^^^^
  File "/usr/local/lib/python3.12/site-packages/torch/nn/modules/module.py", line 1739, in _wrapped_call_impl
    return self._call_impl(*args, **kwargs)
           ^^^^^^^^^^^^^^^^^^^^^^^^^^^^^^^^
  File "/usr/local/lib/python3.12/site-packages/torch/nn/modules/module.py", line 1750, in _call_impl
    return forward_call(*args, **kwargs)
           ^^^^^^^^^^^^^^^^^^^^^^^^^^^^^
  File "/usr/local/lib/python3.12/site-packages/torch/nn/modules/transformer.py", line 517, in forward
    output = mod(
             ^^^^
  File "/usr/local/lib/python3.12/site-packages/torch/nn/modules/module.py", line 1739, in _wrapped_call_impl
    return self._call_impl(*args, **kwargs)
           ^^^^^^^^^^^^^^^^^^^^^^^^^^^^^^^^
  File "/usr/local/lib/python3.12/site-packages/torch/nn/modules/module.py", line 1750, in _call_impl
    return forward_call(*args, **kwargs)
           ^^^^^^^^^^^^^^^^^^^^^^^^^^^^^
  File "/usr/local/lib/python3.12/site-packages/torch/nn/modules/transformer.py", line 887, in forward
    return torch._transformer_encoder_layer_fwd(
           ^^^^^^^^^^^^^^^^^^^^^^^^^^^^^^^^^^^^^
RuntimeError: CUDA error: invalid configuration argument
CUDA kernel errors might be asynchronously reported at some other API call, so the stacktrace below might be incorrect.
For debugging consider passing CUDA_LAUNCH_BLOCKING=1
Compile with `TORCH_USE_CUDA_DSA` to enable device-side assertions.

[2026-07-16 01:27:53,265][__main__][INFO] - ot_ple/linear: auc=0.8709
[2026-07-16 01:39:13,189][__main__][INFO] - ot_ple/mlp: auc=0.8686
[2026-07-16 01:52:01,897][__main__][ERROR] - arm ot_ple/ft failed
Traceback (most recent call last):
  File "/work/cniel/sw/singularity_containers/ot_woe/optbinning/experiments/run_c3.py", line 298, in run
    row = _train_eval(arm, backbone, data, cfg)
          ^^^^^^^^^^^^^^^^^^^^^^^^^^^^^^^^^^^^^
  File "/work/cniel/sw/singularity_containers/ot_woe/optbinning/experiments/run_c3.py", line 235, in _train_eval
    logits, _ = net(xte, eps=cfg.eps_end, need_assign=False)
                ^^^^^^^^^^^^^^^^^^^^^^^^^^^^^^^^^^^^^^^^^^^^
  File "/usr/local/lib/python3.12/site-packages/torch/nn/modules/module.py", line 1739, in _wrapped_call_impl
    return self._call_impl(*args, **kwargs)
           ^^^^^^^^^^^^^^^^^^^^^^^^^^^^^^^^
  File "/usr/local/lib/python3.12/site-packages/torch/nn/modules/module.py", line 1750, in _call_impl
    return forward_call(*args, **kwargs)
           ^^^^^^^^^^^^^^^^^^^^^^^^^^^^^
  File "/work/cniel/sw/singularity_containers/ot_woe/optbinning/experiments/run_c3.py", line 144, in forward
    return self.head(tok), assign
           ^^^^^^^^^^^^^^
  File "/usr/local/lib/python3.12/site-packages/torch/nn/modules/module.py", line 1739, in _wrapped_call_impl
    return self._call_impl(*args, **kwargs)
           ^^^^^^^^^^^^^^^^^^^^^^^^^^^^^^^^
  File "/usr/local/lib/python3.12/site-packages/torch/nn/modules/module.py", line 1750, in _call_impl
    return forward_call(*args, **kwargs)
           ^^^^^^^^^^^^^^^^^^^^^^^^^^^^^
  File "/work/cniel/sw/singularity_containers/ot_woe/optbinning/experiments/paperc/backbones.py", line 79, in forward
    h = self.encoder(torch.cat([cls, h], dim=1))
        ^^^^^^^^^^^^^^^^^^^^^^^^^^^^^^^^^^^^^^^^
  File "/usr/local/lib/python3.12/site-packages/torch/nn/modules/module.py", line 1739, in _wrapped_call_impl
    return self._call_impl(*args, **kwargs)
           ^^^^^^^^^^^^^^^^^^^^^^^^^^^^^^^^
  File "/usr/local/lib/python3.12/site-packages/torch/nn/modules/module.py", line 1750, in _call_impl
    return forward_call(*args, **kwargs)
           ^^^^^^^^^^^^^^^^^^^^^^^^^^^^^
  File "/usr/local/lib/python3.12/site-packages/torch/nn/modules/transformer.py", line 517, in forward
    output = mod(
             ^^^^
  File "/usr/local/lib/python3.12/site-packages/torch/nn/modules/module.py", line 1739, in _wrapped_call_impl
    return self._call_impl(*args, **kwargs)
           ^^^^^^^^^^^^^^^^^^^^^^^^^^^^^^^^
  File "/usr/local/lib/python3.12/site-packages/torch/nn/modules/module.py", line 1750, in _call_impl
    return forward_call(*args, **kwargs)
           ^^^^^^^^^^^^^^^^^^^^^^^^^^^^^
  File "/usr/local/lib/python3.12/site-packages/torch/nn/modules/transformer.py", line 887, in forward
    return torch._transformer_encoder_layer_fwd(
           ^^^^^^^^^^^^^^^^^^^^^^^^^^^^^^^^^^^^^
RuntimeError: CUDA error: invalid configuration argument
CUDA kernel errors might be asynchronously reported at some other API call, so the stacktrace below might be incorrect.
For debugging consider passing CUDA_LAUNCH_BLOCKING=1
Compile with `TORCH_USE_CUDA_DSA` to enable device-side assertions.

/usr/local/lib/python3.12/site-packages/sklearn/utils/validation.py:2827: UserWarning: X does not have valid feature names, but LGBMClassifier was fitted with feature names
  warnings.warn(
[2026-07-16 01:57:36,339][__main__][INFO] - C3: wrote 13 rows -> outputs/c3_baf/c3_baf_0.parquet
[2026-07-16 01:57:36,349][HYDRA] 	#1 : dataset=baf seed=1 device=cuda token_mode=ple_interp backbones=[linear,mlp,ft] out=outputs/c3_baf
[2026-07-16 01:57:53,316][__main__][INFO] - raw/linear: auc=0.8319
[2026-07-16 01:58:12,499][__main__][INFO] - raw/mlp: auc=0.8315
[2026-07-16 02:00:44,296][__main__][ERROR] - arm raw/ft failed
Traceback (most recent call last):
  File "/work/cniel/sw/singularity_containers/ot_woe/optbinning/experiments/run_c3.py", line 298, in run
    row = _train_eval(arm, backbone, data, cfg)
          ^^^^^^^^^^^^^^^^^^^^^^^^^^^^^^^^^^^^^
  File "/work/cniel/sw/singularity_containers/ot_woe/optbinning/experiments/run_c3.py", line 235, in _train_eval
    logits, _ = net(xte, eps=cfg.eps_end, need_assign=False)
                ^^^^^^^^^^^^^^^^^^^^^^^^^^^^^^^^^^^^^^^^^^^^
  File "/usr/local/lib/python3.12/site-packages/torch/nn/modules/module.py", line 1739, in _wrapped_call_impl
    return self._call_impl(*args, **kwargs)
           ^^^^^^^^^^^^^^^^^^^^^^^^^^^^^^^^
  File "/usr/local/lib/python3.12/site-packages/torch/nn/modules/module.py", line 1750, in _call_impl
    return forward_call(*args, **kwargs)
           ^^^^^^^^^^^^^^^^^^^^^^^^^^^^^
  File "/work/cniel/sw/singularity_containers/ot_woe/optbinning/experiments/run_c3.py", line 144, in forward
    return self.head(tok), assign
           ^^^^^^^^^^^^^^
  File "/usr/local/lib/python3.12/site-packages/torch/nn/modules/module.py", line 1739, in _wrapped_call_impl
    return self._call_impl(*args, **kwargs)
           ^^^^^^^^^^^^^^^^^^^^^^^^^^^^^^^^
  File "/usr/local/lib/python3.12/site-packages/torch/nn/modules/module.py", line 1750, in _call_impl
    return forward_call(*args, **kwargs)
           ^^^^^^^^^^^^^^^^^^^^^^^^^^^^^
  File "/work/cniel/sw/singularity_containers/ot_woe/optbinning/experiments/paperc/backbones.py", line 79, in forward
    h = self.encoder(torch.cat([cls, h], dim=1))
        ^^^^^^^^^^^^^^^^^^^^^^^^^^^^^^^^^^^^^^^^
  File "/usr/local/lib/python3.12/site-packages/torch/nn/modules/module.py", line 1739, in _wrapped_call_impl
    return self._call_impl(*args, **kwargs)
           ^^^^^^^^^^^^^^^^^^^^^^^^^^^^^^^^
  File "/usr/local/lib/python3.12/site-packages/torch/nn/modules/module.py", line 1750, in _call_impl
    return forward_call(*args, **kwargs)
           ^^^^^^^^^^^^^^^^^^^^^^^^^^^^^
  File "/usr/local/lib/python3.12/site-packages/torch/nn/modules/transformer.py", line 517, in forward
    output = mod(
             ^^^^
  File "/usr/local/lib/python3.12/site-packages/torch/nn/modules/module.py", line 1739, in _wrapped_call_impl
    return self._call_impl(*args, **kwargs)
           ^^^^^^^^^^^^^^^^^^^^^^^^^^^^^^^^
  File "/usr/local/lib/python3.12/site-packages/torch/nn/modules/module.py", line 1750, in _call_impl
    return forward_call(*args, **kwargs)
           ^^^^^^^^^^^^^^^^^^^^^^^^^^^^^
  File "/usr/local/lib/python3.12/site-packages/torch/nn/modules/transformer.py", line 887, in forward
    return torch._transformer_encoder_layer_fwd(
           ^^^^^^^^^^^^^^^^^^^^^^^^^^^^^^^^^^^^^
RuntimeError: CUDA error: invalid configuration argument
CUDA kernel errors might be asynchronously reported at some other API call, so the stacktrace below might be incorrect.
For debugging consider passing CUDA_LAUNCH_BLOCKING=1
Compile with `TORCH_USE_CUDA_DSA` to enable device-side assertions.

[2026-07-16 02:01:13,033][__main__][INFO] - quantile_ple/linear: auc=0.8695
[2026-07-16 02:01:53,552][__main__][INFO] - quantile_ple/mlp: auc=0.8675
[2026-07-16 02:04:34,648][__main__][ERROR] - arm quantile_ple/ft failed
Traceback (most recent call last):
  File "/work/cniel/sw/singularity_containers/ot_woe/optbinning/experiments/run_c3.py", line 298, in run
    row = _train_eval(arm, backbone, data, cfg)
          ^^^^^^^^^^^^^^^^^^^^^^^^^^^^^^^^^^^^^
  File "/work/cniel/sw/singularity_containers/ot_woe/optbinning/experiments/run_c3.py", line 235, in _train_eval
    logits, _ = net(xte, eps=cfg.eps_end, need_assign=False)
                ^^^^^^^^^^^^^^^^^^^^^^^^^^^^^^^^^^^^^^^^^^^^
  File "/usr/local/lib/python3.12/site-packages/torch/nn/modules/module.py", line 1739, in _wrapped_call_impl
    return self._call_impl(*args, **kwargs)
           ^^^^^^^^^^^^^^^^^^^^^^^^^^^^^^^^
  File "/usr/local/lib/python3.12/site-packages/torch/nn/modules/module.py", line 1750, in _call_impl
    return forward_call(*args, **kwargs)
           ^^^^^^^^^^^^^^^^^^^^^^^^^^^^^
  File "/work/cniel/sw/singularity_containers/ot_woe/optbinning/experiments/run_c3.py", line 144, in forward
    return self.head(tok), assign
           ^^^^^^^^^^^^^^
  File "/usr/local/lib/python3.12/site-packages/torch/nn/modules/module.py", line 1739, in _wrapped_call_impl
    return self._call_impl(*args, **kwargs)
           ^^^^^^^^^^^^^^^^^^^^^^^^^^^^^^^^
  File "/usr/local/lib/python3.12/site-packages/torch/nn/modules/module.py", line 1750, in _call_impl
    return forward_call(*args, **kwargs)
           ^^^^^^^^^^^^^^^^^^^^^^^^^^^^^
  File "/work/cniel/sw/singularity_containers/ot_woe/optbinning/experiments/paperc/backbones.py", line 79, in forward
    h = self.encoder(torch.cat([cls, h], dim=1))
        ^^^^^^^^^^^^^^^^^^^^^^^^^^^^^^^^^^^^^^^^
  File "/usr/local/lib/python3.12/site-packages/torch/nn/modules/module.py", line 1739, in _wrapped_call_impl
    return self._call_impl(*args, **kwargs)
           ^^^^^^^^^^^^^^^^^^^^^^^^^^^^^^^^
  File "/usr/local/lib/python3.12/site-packages/torch/nn/modules/module.py", line 1750, in _call_impl
    return forward_call(*args, **kwargs)
           ^^^^^^^^^^^^^^^^^^^^^^^^^^^^^
  File "/usr/local/lib/python3.12/site-packages/torch/nn/modules/transformer.py", line 517, in forward
    output = mod(
             ^^^^
  File "/usr/local/lib/python3.12/site-packages/torch/nn/modules/module.py", line 1739, in _wrapped_call_impl
    return self._call_impl(*args, **kwargs)
           ^^^^^^^^^^^^^^^^^^^^^^^^^^^^^^^^
  File "/usr/local/lib/python3.12/site-packages/torch/nn/modules/module.py", line 1750, in _call_impl
    return forward_call(*args, **kwargs)
           ^^^^^^^^^^^^^^^^^^^^^^^^^^^^^
  File "/usr/local/lib/python3.12/site-packages/torch/nn/modules/transformer.py", line 887, in forward
    return torch._transformer_encoder_layer_fwd(
           ^^^^^^^^^^^^^^^^^^^^^^^^^^^^^^^^^^^^^
RuntimeError: CUDA error: invalid configuration argument
CUDA kernel errors might be asynchronously reported at some other API call, so the stacktrace below might be incorrect.
For debugging consider passing CUDA_LAUNCH_BLOCKING=1
Compile with `TORCH_USE_CUDA_DSA` to enable device-side assertions.

[2026-07-16 02:05:14,424][__main__][INFO] - target_ple/linear: auc=0.8702
[2026-07-16 02:06:04,539][__main__][INFO] - target_ple/mlp: auc=0.8629
[2026-07-16 02:08:54,738][__main__][ERROR] - arm target_ple/ft failed
Traceback (most recent call last):
  File "/work/cniel/sw/singularity_containers/ot_woe/optbinning/experiments/run_c3.py", line 298, in run
    row = _train_eval(arm, backbone, data, cfg)
          ^^^^^^^^^^^^^^^^^^^^^^^^^^^^^^^^^^^^^
  File "/work/cniel/sw/singularity_containers/ot_woe/optbinning/experiments/run_c3.py", line 235, in _train_eval
    logits, _ = net(xte, eps=cfg.eps_end, need_assign=False)
                ^^^^^^^^^^^^^^^^^^^^^^^^^^^^^^^^^^^^^^^^^^^^
  File "/usr/local/lib/python3.12/site-packages/torch/nn/modules/module.py", line 1739, in _wrapped_call_impl
    return self._call_impl(*args, **kwargs)
           ^^^^^^^^^^^^^^^^^^^^^^^^^^^^^^^^
  File "/usr/local/lib/python3.12/site-packages/torch/nn/modules/module.py", line 1750, in _call_impl
    return forward_call(*args, **kwargs)
           ^^^^^^^^^^^^^^^^^^^^^^^^^^^^^
  File "/work/cniel/sw/singularity_containers/ot_woe/optbinning/experiments/run_c3.py", line 144, in forward
    return self.head(tok), assign
           ^^^^^^^^^^^^^^
  File "/usr/local/lib/python3.12/site-packages/torch/nn/modules/module.py", line 1739, in _wrapped_call_impl
    return self._call_impl(*args, **kwargs)
           ^^^^^^^^^^^^^^^^^^^^^^^^^^^^^^^^
  File "/usr/local/lib/python3.12/site-packages/torch/nn/modules/module.py", line 1750, in _call_impl
    return forward_call(*args, **kwargs)
           ^^^^^^^^^^^^^^^^^^^^^^^^^^^^^
  File "/work/cniel/sw/singularity_containers/ot_woe/optbinning/experiments/paperc/backbones.py", line 79, in forward
    h = self.encoder(torch.cat([cls, h], dim=1))
        ^^^^^^^^^^^^^^^^^^^^^^^^^^^^^^^^^^^^^^^^
  File "/usr/local/lib/python3.12/site-packages/torch/nn/modules/module.py", line 1739, in _wrapped_call_impl
    return self._call_impl(*args, **kwargs)
           ^^^^^^^^^^^^^^^^^^^^^^^^^^^^^^^^
  File "/usr/local/lib/python3.12/site-packages/torch/nn/modules/module.py", line 1750, in _call_impl
    return forward_call(*args, **kwargs)
           ^^^^^^^^^^^^^^^^^^^^^^^^^^^^^
  File "/usr/local/lib/python3.12/site-packages/torch/nn/modules/transformer.py", line 517, in forward
    output = mod(
             ^^^^
  File "/usr/local/lib/python3.12/site-packages/torch/nn/modules/module.py", line 1739, in _wrapped_call_impl
    return self._call_impl(*args, **kwargs)
           ^^^^^^^^^^^^^^^^^^^^^^^^^^^^^^^^
  File "/usr/local/lib/python3.12/site-packages/torch/nn/modules/module.py", line 1750, in _call_impl
    return forward_call(*args, **kwargs)
           ^^^^^^^^^^^^^^^^^^^^^^^^^^^^^
  File "/usr/local/lib/python3.12/site-packages/torch/nn/modules/transformer.py", line 887, in forward
    return torch._transformer_encoder_layer_fwd(
           ^^^^^^^^^^^^^^^^^^^^^^^^^^^^^^^^^^^^^
RuntimeError: CUDA error: invalid configuration argument
CUDA kernel errors might be asynchronously reported at some other API call, so the stacktrace below might be incorrect.
For debugging consider passing CUDA_LAUNCH_BLOCKING=1
Compile with `TORCH_USE_CUDA_DSA` to enable device-side assertions.

[2026-07-16 02:19:57,139][__main__][INFO] - ot_ple/linear: auc=0.8698
[2026-07-16 02:31:02,582][__main__][INFO] - ot_ple/mlp: auc=0.8636
[2026-07-16 02:43:54,696][__main__][ERROR] - arm ot_ple/ft failed
Traceback (most recent call last):
  File "/work/cniel/sw/singularity_containers/ot_woe/optbinning/experiments/run_c3.py", line 298, in run
    row = _train_eval(arm, backbone, data, cfg)
          ^^^^^^^^^^^^^^^^^^^^^^^^^^^^^^^^^^^^^
  File "/work/cniel/sw/singularity_containers/ot_woe/optbinning/experiments/run_c3.py", line 235, in _train_eval
    logits, _ = net(xte, eps=cfg.eps_end, need_assign=False)
                ^^^^^^^^^^^^^^^^^^^^^^^^^^^^^^^^^^^^^^^^^^^^
  File "/usr/local/lib/python3.12/site-packages/torch/nn/modules/module.py", line 1739, in _wrapped_call_impl
    return self._call_impl(*args, **kwargs)
           ^^^^^^^^^^^^^^^^^^^^^^^^^^^^^^^^
  File "/usr/local/lib/python3.12/site-packages/torch/nn/modules/module.py", line 1750, in _call_impl
    return forward_call(*args, **kwargs)
           ^^^^^^^^^^^^^^^^^^^^^^^^^^^^^
  File "/work/cniel/sw/singularity_containers/ot_woe/optbinning/experiments/run_c3.py", line 144, in forward
    return self.head(tok), assign
           ^^^^^^^^^^^^^^
  File "/usr/local/lib/python3.12/site-packages/torch/nn/modules/module.py", line 1739, in _wrapped_call_impl
    return self._call_impl(*args, **kwargs)
           ^^^^^^^^^^^^^^^^^^^^^^^^^^^^^^^^
  File "/usr/local/lib/python3.12/site-packages/torch/nn/modules/module.py", line 1750, in _call_impl
    return forward_call(*args, **kwargs)
           ^^^^^^^^^^^^^^^^^^^^^^^^^^^^^
  File "/work/cniel/sw/singularity_containers/ot_woe/optbinning/experiments/paperc/backbones.py", line 79, in forward
    h = self.encoder(torch.cat([cls, h], dim=1))
        ^^^^^^^^^^^^^^^^^^^^^^^^^^^^^^^^^^^^^^^^
  File "/usr/local/lib/python3.12/site-packages/torch/nn/modules/module.py", line 1739, in _wrapped_call_impl
    return self._call_impl(*args, **kwargs)
           ^^^^^^^^^^^^^^^^^^^^^^^^^^^^^^^^
  File "/usr/local/lib/python3.12/site-packages/torch/nn/modules/module.py", line 1750, in _call_impl
    return forward_call(*args, **kwargs)
           ^^^^^^^^^^^^^^^^^^^^^^^^^^^^^
  File "/usr/local/lib/python3.12/site-packages/torch/nn/modules/transformer.py", line 517, in forward
    output = mod(
             ^^^^
  File "/usr/local/lib/python3.12/site-packages/torch/nn/modules/module.py", line 1739, in _wrapped_call_impl
    return self._call_impl(*args, **kwargs)
           ^^^^^^^^^^^^^^^^^^^^^^^^^^^^^^^^
  File "/usr/local/lib/python3.12/site-packages/torch/nn/modules/module.py", line 1750, in _call_impl
    return forward_call(*args, **kwargs)
           ^^^^^^^^^^^^^^^^^^^^^^^^^^^^^
  File "/usr/local/lib/python3.12/site-packages/torch/nn/modules/transformer.py", line 887, in forward
    return torch._transformer_encoder_layer_fwd(
           ^^^^^^^^^^^^^^^^^^^^^^^^^^^^^^^^^^^^^
RuntimeError: CUDA error: invalid configuration argument
CUDA kernel errors might be asynchronously reported at some other API call, so the stacktrace below might be incorrect.
For debugging consider passing CUDA_LAUNCH_BLOCKING=1
Compile with `TORCH_USE_CUDA_DSA` to enable device-side assertions.

/usr/local/lib/python3.12/site-packages/sklearn/utils/validation.py:2827: UserWarning: X does not have valid feature names, but LGBMClassifier was fitted with feature names
  warnings.warn(
[2026-07-16 02:49:54,883][__main__][INFO] - C3: wrote 13 rows -> outputs/c3_baf/c3_baf_1.parquet
[2026-07-16 02:49:54,922][HYDRA] 	#2 : dataset=baf seed=2 device=cuda token_mode=ple_interp backbones=[linear,mlp,ft] out=outputs/c3_baf
[2026-07-16 02:50:12,972][__main__][INFO] - raw/linear: auc=0.8350
[2026-07-16 02:50:31,868][__main__][INFO] - raw/mlp: auc=0.8403
[2026-07-16 02:53:03,668][__main__][ERROR] - arm raw/ft failed
Traceback (most recent call last):
  File "/work/cniel/sw/singularity_containers/ot_woe/optbinning/experiments/run_c3.py", line 298, in run
    row = _train_eval(arm, backbone, data, cfg)
          ^^^^^^^^^^^^^^^^^^^^^^^^^^^^^^^^^^^^^
  File "/work/cniel/sw/singularity_containers/ot_woe/optbinning/experiments/run_c3.py", line 235, in _train_eval
    logits, _ = net(xte, eps=cfg.eps_end, need_assign=False)
                ^^^^^^^^^^^^^^^^^^^^^^^^^^^^^^^^^^^^^^^^^^^^
  File "/usr/local/lib/python3.12/site-packages/torch/nn/modules/module.py", line 1739, in _wrapped_call_impl
    return self._call_impl(*args, **kwargs)
           ^^^^^^^^^^^^^^^^^^^^^^^^^^^^^^^^
  File "/usr/local/lib/python3.12/site-packages/torch/nn/modules/module.py", line 1750, in _call_impl
    return forward_call(*args, **kwargs)
           ^^^^^^^^^^^^^^^^^^^^^^^^^^^^^
  File "/work/cniel/sw/singularity_containers/ot_woe/optbinning/experiments/run_c3.py", line 144, in forward
    return self.head(tok), assign
           ^^^^^^^^^^^^^^
  File "/usr/local/lib/python3.12/site-packages/torch/nn/modules/module.py", line 1739, in _wrapped_call_impl
    return self._call_impl(*args, **kwargs)
           ^^^^^^^^^^^^^^^^^^^^^^^^^^^^^^^^
  File "/usr/local/lib/python3.12/site-packages/torch/nn/modules/module.py", line 1750, in _call_impl
    return forward_call(*args, **kwargs)
           ^^^^^^^^^^^^^^^^^^^^^^^^^^^^^
  File "/work/cniel/sw/singularity_containers/ot_woe/optbinning/experiments/paperc/backbones.py", line 79, in forward
    h = self.encoder(torch.cat([cls, h], dim=1))
        ^^^^^^^^^^^^^^^^^^^^^^^^^^^^^^^^^^^^^^^^
  File "/usr/local/lib/python3.12/site-packages/torch/nn/modules/module.py", line 1739, in _wrapped_call_impl
    return self._call_impl(*args, **kwargs)
           ^^^^^^^^^^^^^^^^^^^^^^^^^^^^^^^^
  File "/usr/local/lib/python3.12/site-packages/torch/nn/modules/module.py", line 1750, in _call_impl
    return forward_call(*args, **kwargs)
           ^^^^^^^^^^^^^^^^^^^^^^^^^^^^^
  File "/usr/local/lib/python3.12/site-packages/torch/nn/modules/transformer.py", line 517, in forward
    output = mod(
             ^^^^
  File "/usr/local/lib/python3.12/site-packages/torch/nn/modules/module.py", line 1739, in _wrapped_call_impl
    return self._call_impl(*args, **kwargs)
           ^^^^^^^^^^^^^^^^^^^^^^^^^^^^^^^^
  File "/usr/local/lib/python3.12/site-packages/torch/nn/modules/module.py", line 1750, in _call_impl
    return forward_call(*args, **kwargs)
           ^^^^^^^^^^^^^^^^^^^^^^^^^^^^^
  File "/usr/local/lib/python3.12/site-packages/torch/nn/modules/transformer.py", line 887, in forward
    return torch._transformer_encoder_layer_fwd(
           ^^^^^^^^^^^^^^^^^^^^^^^^^^^^^^^^^^^^^
RuntimeError: CUDA error: invalid configuration argument
CUDA kernel errors might be asynchronously reported at some other API call, so the stacktrace below might be incorrect.
For debugging consider passing CUDA_LAUNCH_BLOCKING=1
Compile with `TORCH_USE_CUDA_DSA` to enable device-side assertions.

[2026-07-16 02:53:32,425][__main__][INFO] - quantile_ple/linear: auc=0.8738
[2026-07-16 02:54:12,929][__main__][INFO] - quantile_ple/mlp: auc=0.8694
[2026-07-16 02:56:54,020][__main__][ERROR] - arm quantile_ple/ft failed
Traceback (most recent call last):
  File "/work/cniel/sw/singularity_containers/ot_woe/optbinning/experiments/run_c3.py", line 298, in run
    row = _train_eval(arm, backbone, data, cfg)
          ^^^^^^^^^^^^^^^^^^^^^^^^^^^^^^^^^^^^^
  File "/work/cniel/sw/singularity_containers/ot_woe/optbinning/experiments/run_c3.py", line 235, in _train_eval
    logits, _ = net(xte, eps=cfg.eps_end, need_assign=False)
                ^^^^^^^^^^^^^^^^^^^^^^^^^^^^^^^^^^^^^^^^^^^^
  File "/usr/local/lib/python3.12/site-packages/torch/nn/modules/module.py", line 1739, in _wrapped_call_impl
    return self._call_impl(*args, **kwargs)
           ^^^^^^^^^^^^^^^^^^^^^^^^^^^^^^^^
  File "/usr/local/lib/python3.12/site-packages/torch/nn/modules/module.py", line 1750, in _call_impl
    return forward_call(*args, **kwargs)
           ^^^^^^^^^^^^^^^^^^^^^^^^^^^^^
  File "/work/cniel/sw/singularity_containers/ot_woe/optbinning/experiments/run_c3.py", line 144, in forward
    return self.head(tok), assign
           ^^^^^^^^^^^^^^
  File "/usr/local/lib/python3.12/site-packages/torch/nn/modules/module.py", line 1739, in _wrapped_call_impl
    return self._call_impl(*args, **kwargs)
           ^^^^^^^^^^^^^^^^^^^^^^^^^^^^^^^^
  File "/usr/local/lib/python3.12/site-packages/torch/nn/modules/module.py", line 1750, in _call_impl
    return forward_call(*args, **kwargs)
           ^^^^^^^^^^^^^^^^^^^^^^^^^^^^^
  File "/work/cniel/sw/singularity_containers/ot_woe/optbinning/experiments/paperc/backbones.py", line 79, in forward
    h = self.encoder(torch.cat([cls, h], dim=1))
        ^^^^^^^^^^^^^^^^^^^^^^^^^^^^^^^^^^^^^^^^
  File "/usr/local/lib/python3.12/site-packages/torch/nn/modules/module.py", line 1739, in _wrapped_call_impl
    return self._call_impl(*args, **kwargs)
           ^^^^^^^^^^^^^^^^^^^^^^^^^^^^^^^^
  File "/usr/local/lib/python3.12/site-packages/torch/nn/modules/module.py", line 1750, in _call_impl
    return forward_call(*args, **kwargs)
           ^^^^^^^^^^^^^^^^^^^^^^^^^^^^^
  File "/usr/local/lib/python3.12/site-packages/torch/nn/modules/transformer.py", line 517, in forward
    output = mod(
             ^^^^
  File "/usr/local/lib/python3.12/site-packages/torch/nn/modules/module.py", line 1739, in _wrapped_call_impl
    return self._call_impl(*args, **kwargs)
           ^^^^^^^^^^^^^^^^^^^^^^^^^^^^^^^^
  File "/usr/local/lib/python3.12/site-packages/torch/nn/modules/module.py", line 1750, in _call_impl
    return forward_call(*args, **kwargs)
           ^^^^^^^^^^^^^^^^^^^^^^^^^^^^^
  File "/usr/local/lib/python3.12/site-packages/torch/nn/modules/transformer.py", line 887, in forward
    return torch._transformer_encoder_layer_fwd(
           ^^^^^^^^^^^^^^^^^^^^^^^^^^^^^^^^^^^^^
RuntimeError: CUDA error: invalid configuration argument
CUDA kernel errors might be asynchronously reported at some other API call, so the stacktrace below might be incorrect.
For debugging consider passing CUDA_LAUNCH_BLOCKING=1
Compile with `TORCH_USE_CUDA_DSA` to enable device-side assertions.

[2026-07-16 02:57:33,169][__main__][INFO] - target_ple/linear: auc=0.8733
[2026-07-16 02:58:24,003][__main__][INFO] - target_ple/mlp: auc=0.8684
[2026-07-16 03:01:14,048][__main__][ERROR] - arm target_ple/ft failed
Traceback (most recent call last):
  File "/work/cniel/sw/singularity_containers/ot_woe/optbinning/experiments/run_c3.py", line 298, in run
    row = _train_eval(arm, backbone, data, cfg)
          ^^^^^^^^^^^^^^^^^^^^^^^^^^^^^^^^^^^^^
  File "/work/cniel/sw/singularity_containers/ot_woe/optbinning/experiments/run_c3.py", line 235, in _train_eval
    logits, _ = net(xte, eps=cfg.eps_end, need_assign=False)
                ^^^^^^^^^^^^^^^^^^^^^^^^^^^^^^^^^^^^^^^^^^^^
  File "/usr/local/lib/python3.12/site-packages/torch/nn/modules/module.py", line 1739, in _wrapped_call_impl
    return self._call_impl(*args, **kwargs)
           ^^^^^^^^^^^^^^^^^^^^^^^^^^^^^^^^
  File "/usr/local/lib/python3.12/site-packages/torch/nn/modules/module.py", line 1750, in _call_impl
    return forward_call(*args, **kwargs)
           ^^^^^^^^^^^^^^^^^^^^^^^^^^^^^
  File "/work/cniel/sw/singularity_containers/ot_woe/optbinning/experiments/run_c3.py", line 144, in forward
    return self.head(tok), assign
           ^^^^^^^^^^^^^^
  File "/usr/local/lib/python3.12/site-packages/torch/nn/modules/module.py", line 1739, in _wrapped_call_impl
    return self._call_impl(*args, **kwargs)
           ^^^^^^^^^^^^^^^^^^^^^^^^^^^^^^^^
  File "/usr/local/lib/python3.12/site-packages/torch/nn/modules/module.py", line 1750, in _call_impl
    return forward_call(*args, **kwargs)
           ^^^^^^^^^^^^^^^^^^^^^^^^^^^^^
  File "/work/cniel/sw/singularity_containers/ot_woe/optbinning/experiments/paperc/backbones.py", line 79, in forward
    h = self.encoder(torch.cat([cls, h], dim=1))
        ^^^^^^^^^^^^^^^^^^^^^^^^^^^^^^^^^^^^^^^^
  File "/usr/local/lib/python3.12/site-packages/torch/nn/modules/module.py", line 1739, in _wrapped_call_impl
    return self._call_impl(*args, **kwargs)
           ^^^^^^^^^^^^^^^^^^^^^^^^^^^^^^^^
  File "/usr/local/lib/python3.12/site-packages/torch/nn/modules/module.py", line 1750, in _call_impl
    return forward_call(*args, **kwargs)
           ^^^^^^^^^^^^^^^^^^^^^^^^^^^^^
  File "/usr/local/lib/python3.12/site-packages/torch/nn/modules/transformer.py", line 517, in forward
    output = mod(
             ^^^^
  File "/usr/local/lib/python3.12/site-packages/torch/nn/modules/module.py", line 1739, in _wrapped_call_impl
    return self._call_impl(*args, **kwargs)
           ^^^^^^^^^^^^^^^^^^^^^^^^^^^^^^^^
  File "/usr/local/lib/python3.12/site-packages/torch/nn/modules/module.py", line 1750, in _call_impl
    return forward_call(*args, **kwargs)
           ^^^^^^^^^^^^^^^^^^^^^^^^^^^^^
  File "/usr/local/lib/python3.12/site-packages/torch/nn/modules/transformer.py", line 887, in forward
    return torch._transformer_encoder_layer_fwd(
           ^^^^^^^^^^^^^^^^^^^^^^^^^^^^^^^^^^^^^
RuntimeError: CUDA error: invalid configuration argument
CUDA kernel errors might be asynchronously reported at some other API call, so the stacktrace below might be incorrect.
For debugging consider passing CUDA_LAUNCH_BLOCKING=1
Compile with `TORCH_USE_CUDA_DSA` to enable device-side assertions.

[2026-07-16 03:12:16,498][__main__][INFO] - ot_ple/linear: auc=0.8728
[2026-07-16 03:23:28,989][__main__][INFO] - ot_ple/mlp: auc=0.8609
[2026-07-16 03:36:18,083][__main__][ERROR] - arm ot_ple/ft failed
Traceback (most recent call last):
  File "/work/cniel/sw/singularity_containers/ot_woe/optbinning/experiments/run_c3.py", line 298, in run
    row = _train_eval(arm, backbone, data, cfg)
          ^^^^^^^^^^^^^^^^^^^^^^^^^^^^^^^^^^^^^
  File "/work/cniel/sw/singularity_containers/ot_woe/optbinning/experiments/run_c3.py", line 235, in _train_eval
    logits, _ = net(xte, eps=cfg.eps_end, need_assign=False)
                ^^^^^^^^^^^^^^^^^^^^^^^^^^^^^^^^^^^^^^^^^^^^
  File "/usr/local/lib/python3.12/site-packages/torch/nn/modules/module.py", line 1739, in _wrapped_call_impl
    return self._call_impl(*args, **kwargs)
           ^^^^^^^^^^^^^^^^^^^^^^^^^^^^^^^^
  File "/usr/local/lib/python3.12/site-packages/torch/nn/modules/module.py", line 1750, in _call_impl
    return forward_call(*args, **kwargs)
           ^^^^^^^^^^^^^^^^^^^^^^^^^^^^^
  File "/work/cniel/sw/singularity_containers/ot_woe/optbinning/experiments/run_c3.py", line 144, in forward
    return self.head(tok), assign
           ^^^^^^^^^^^^^^
  File "/usr/local/lib/python3.12/site-packages/torch/nn/modules/module.py", line 1739, in _wrapped_call_impl
    return self._call_impl(*args, **kwargs)
           ^^^^^^^^^^^^^^^^^^^^^^^^^^^^^^^^
  File "/usr/local/lib/python3.12/site-packages/torch/nn/modules/module.py", line 1750, in _call_impl
    return forward_call(*args, **kwargs)
           ^^^^^^^^^^^^^^^^^^^^^^^^^^^^^
  File "/work/cniel/sw/singularity_containers/ot_woe/optbinning/experiments/paperc/backbones.py", line 79, in forward
    h = self.encoder(torch.cat([cls, h], dim=1))
        ^^^^^^^^^^^^^^^^^^^^^^^^^^^^^^^^^^^^^^^^
  File "/usr/local/lib/python3.12/site-packages/torch/nn/modules/module.py", line 1739, in _wrapped_call_impl
    return self._call_impl(*args, **kwargs)
           ^^^^^^^^^^^^^^^^^^^^^^^^^^^^^^^^
  File "/usr/local/lib/python3.12/site-packages/torch/nn/modules/module.py", line 1750, in _call_impl
    return forward_call(*args, **kwargs)
           ^^^^^^^^^^^^^^^^^^^^^^^^^^^^^
  File "/usr/local/lib/python3.12/site-packages/torch/nn/modules/transformer.py", line 517, in forward
    output = mod(
             ^^^^
  File "/usr/local/lib/python3.12/site-packages/torch/nn/modules/module.py", line 1739, in _wrapped_call_impl
    return self._call_impl(*args, **kwargs)
           ^^^^^^^^^^^^^^^^^^^^^^^^^^^^^^^^
  File "/usr/local/lib/python3.12/site-packages/torch/nn/modules/module.py", line 1750, in _call_impl
    return forward_call(*args, **kwargs)
           ^^^^^^^^^^^^^^^^^^^^^^^^^^^^^
  File "/usr/local/lib/python3.12/site-packages/torch/nn/modules/transformer.py", line 887, in forward
    return torch._transformer_encoder_layer_fwd(
           ^^^^^^^^^^^^^^^^^^^^^^^^^^^^^^^^^^^^^
RuntimeError: CUDA error: invalid configuration argument
CUDA kernel errors might be asynchronously reported at some other API call, so the stacktrace below might be incorrect.
For debugging consider passing CUDA_LAUNCH_BLOCKING=1
Compile with `TORCH_USE_CUDA_DSA` to enable device-side assertions.

/usr/local/lib/python3.12/site-packages/sklearn/utils/validation.py:2827: UserWarning: X does not have valid feature names, but LGBMClassifier was fitted with feature names
  warnings.warn(
[2026-07-16 03:43:28,231][__main__][INFO] - C3: wrote 13 rows -> outputs/c3_baf/c3_baf_2.parquet
[2026-07-16 03:43:28,269][HYDRA] 	#3 : dataset=baf seed=3 device=cuda token_mode=ple_interp backbones=[linear,mlp,ft] out=outputs/c3_baf
[2026-07-16 03:43:44,936][__main__][INFO] - raw/linear: auc=0.8349
[2026-07-16 03:44:03,890][__main__][INFO] - raw/mlp: auc=0.8430
[2026-07-16 03:46:35,728][__main__][ERROR] - arm raw/ft failed
Traceback (most recent call last):
  File "/work/cniel/sw/singularity_containers/ot_woe/optbinning/experiments/run_c3.py", line 298, in run
    row = _train_eval(arm, backbone, data, cfg)
          ^^^^^^^^^^^^^^^^^^^^^^^^^^^^^^^^^^^^^
  File "/work/cniel/sw/singularity_containers/ot_woe/optbinning/experiments/run_c3.py", line 235, in _train_eval
    logits, _ = net(xte, eps=cfg.eps_end, need_assign=False)
                ^^^^^^^^^^^^^^^^^^^^^^^^^^^^^^^^^^^^^^^^^^^^
  File "/usr/local/lib/python3.12/site-packages/torch/nn/modules/module.py", line 1739, in _wrapped_call_impl
    return self._call_impl(*args, **kwargs)
           ^^^^^^^^^^^^^^^^^^^^^^^^^^^^^^^^
  File "/usr/local/lib/python3.12/site-packages/torch/nn/modules/module.py", line 1750, in _call_impl
    return forward_call(*args, **kwargs)
           ^^^^^^^^^^^^^^^^^^^^^^^^^^^^^
  File "/work/cniel/sw/singularity_containers/ot_woe/optbinning/experiments/run_c3.py", line 144, in forward
    return self.head(tok), assign
           ^^^^^^^^^^^^^^
  File "/usr/local/lib/python3.12/site-packages/torch/nn/modules/module.py", line 1739, in _wrapped_call_impl
    return self._call_impl(*args, **kwargs)
           ^^^^^^^^^^^^^^^^^^^^^^^^^^^^^^^^
  File "/usr/local/lib/python3.12/site-packages/torch/nn/modules/module.py", line 1750, in _call_impl
    return forward_call(*args, **kwargs)
           ^^^^^^^^^^^^^^^^^^^^^^^^^^^^^
  File "/work/cniel/sw/singularity_containers/ot_woe/optbinning/experiments/paperc/backbones.py", line 79, in forward
    h = self.encoder(torch.cat([cls, h], dim=1))
        ^^^^^^^^^^^^^^^^^^^^^^^^^^^^^^^^^^^^^^^^
  File "/usr/local/lib/python3.12/site-packages/torch/nn/modules/module.py", line 1739, in _wrapped_call_impl
    return self._call_impl(*args, **kwargs)
           ^^^^^^^^^^^^^^^^^^^^^^^^^^^^^^^^
  File "/usr/local/lib/python3.12/site-packages/torch/nn/modules/module.py", line 1750, in _call_impl
    return forward_call(*args, **kwargs)
           ^^^^^^^^^^^^^^^^^^^^^^^^^^^^^
  File "/usr/local/lib/python3.12/site-packages/torch/nn/modules/transformer.py", line 517, in forward
    output = mod(
             ^^^^
  File "/usr/local/lib/python3.12/site-packages/torch/nn/modules/module.py", line 1739, in _wrapped_call_impl
    return self._call_impl(*args, **kwargs)
           ^^^^^^^^^^^^^^^^^^^^^^^^^^^^^^^^
  File "/usr/local/lib/python3.12/site-packages/torch/nn/modules/module.py", line 1750, in _call_impl
    return forward_call(*args, **kwargs)
           ^^^^^^^^^^^^^^^^^^^^^^^^^^^^^
  File "/usr/local/lib/python3.12/site-packages/torch/nn/modules/transformer.py", line 887, in forward
    return torch._transformer_encoder_layer_fwd(
           ^^^^^^^^^^^^^^^^^^^^^^^^^^^^^^^^^^^^^
RuntimeError: CUDA error: invalid configuration argument
CUDA kernel errors might be asynchronously reported at some other API call, so the stacktrace below might be incorrect.
For debugging consider passing CUDA_LAUNCH_BLOCKING=1
Compile with `TORCH_USE_CUDA_DSA` to enable device-side assertions.

[2026-07-16 03:47:04,944][__main__][INFO] - quantile_ple/linear: auc=0.8732
[2026-07-16 03:47:45,457][__main__][INFO] - quantile_ple/mlp: auc=0.8701
[2026-07-16 03:50:26,577][__main__][ERROR] - arm quantile_ple/ft failed
Traceback (most recent call last):
  File "/work/cniel/sw/singularity_containers/ot_woe/optbinning/experiments/run_c3.py", line 298, in run
    row = _train_eval(arm, backbone, data, cfg)
          ^^^^^^^^^^^^^^^^^^^^^^^^^^^^^^^^^^^^^
  File "/work/cniel/sw/singularity_containers/ot_woe/optbinning/experiments/run_c3.py", line 235, in _train_eval
    logits, _ = net(xte, eps=cfg.eps_end, need_assign=False)
                ^^^^^^^^^^^^^^^^^^^^^^^^^^^^^^^^^^^^^^^^^^^^
  File "/usr/local/lib/python3.12/site-packages/torch/nn/modules/module.py", line 1739, in _wrapped_call_impl
    return self._call_impl(*args, **kwargs)
           ^^^^^^^^^^^^^^^^^^^^^^^^^^^^^^^^
  File "/usr/local/lib/python3.12/site-packages/torch/nn/modules/module.py", line 1750, in _call_impl
    return forward_call(*args, **kwargs)
           ^^^^^^^^^^^^^^^^^^^^^^^^^^^^^
  File "/work/cniel/sw/singularity_containers/ot_woe/optbinning/experiments/run_c3.py", line 144, in forward
    return self.head(tok), assign
           ^^^^^^^^^^^^^^
  File "/usr/local/lib/python3.12/site-packages/torch/nn/modules/module.py", line 1739, in _wrapped_call_impl
    return self._call_impl(*args, **kwargs)
           ^^^^^^^^^^^^^^^^^^^^^^^^^^^^^^^^
  File "/usr/local/lib/python3.12/site-packages/torch/nn/modules/module.py", line 1750, in _call_impl
    return forward_call(*args, **kwargs)
           ^^^^^^^^^^^^^^^^^^^^^^^^^^^^^
  File "/work/cniel/sw/singularity_containers/ot_woe/optbinning/experiments/paperc/backbones.py", line 79, in forward
    h = self.encoder(torch.cat([cls, h], dim=1))
        ^^^^^^^^^^^^^^^^^^^^^^^^^^^^^^^^^^^^^^^^
  File "/usr/local/lib/python3.12/site-packages/torch/nn/modules/module.py", line 1739, in _wrapped_call_impl
    return self._call_impl(*args, **kwargs)
           ^^^^^^^^^^^^^^^^^^^^^^^^^^^^^^^^
  File "/usr/local/lib/python3.12/site-packages/torch/nn/modules/module.py", line 1750, in _call_impl
    return forward_call(*args, **kwargs)
           ^^^^^^^^^^^^^^^^^^^^^^^^^^^^^
  File "/usr/local/lib/python3.12/site-packages/torch/nn/modules/transformer.py", line 517, in forward
    output = mod(
             ^^^^
  File "/usr/local/lib/python3.12/site-packages/torch/nn/modules/module.py", line 1739, in _wrapped_call_impl
    return self._call_impl(*args, **kwargs)
           ^^^^^^^^^^^^^^^^^^^^^^^^^^^^^^^^
  File "/usr/local/lib/python3.12/site-packages/torch/nn/modules/module.py", line 1750, in _call_impl
    return forward_call(*args, **kwargs)
           ^^^^^^^^^^^^^^^^^^^^^^^^^^^^^
  File "/usr/local/lib/python3.12/site-packages/torch/nn/modules/transformer.py", line 887, in forward
    return torch._transformer_encoder_layer_fwd(
           ^^^^^^^^^^^^^^^^^^^^^^^^^^^^^^^^^^^^^
RuntimeError: CUDA error: invalid configuration argument
CUDA kernel errors might be asynchronously reported at some other API call, so the stacktrace below might be incorrect.
For debugging consider passing CUDA_LAUNCH_BLOCKING=1
Compile with `TORCH_USE_CUDA_DSA` to enable device-side assertions.

[2026-07-16 03:51:05,537][__main__][INFO] - target_ple/linear: auc=0.8718
[2026-07-16 03:51:59,116][__main__][INFO] - target_ple/mlp: auc=0.8670
[2026-07-16 03:54:49,587][__main__][ERROR] - arm target_ple/ft failed
Traceback (most recent call last):
  File "/work/cniel/sw/singularity_containers/ot_woe/optbinning/experiments/run_c3.py", line 298, in run
    row = _train_eval(arm, backbone, data, cfg)
          ^^^^^^^^^^^^^^^^^^^^^^^^^^^^^^^^^^^^^
  File "/work/cniel/sw/singularity_containers/ot_woe/optbinning/experiments/run_c3.py", line 235, in _train_eval
    logits, _ = net(xte, eps=cfg.eps_end, need_assign=False)
                ^^^^^^^^^^^^^^^^^^^^^^^^^^^^^^^^^^^^^^^^^^^^
  File "/usr/local/lib/python3.12/site-packages/torch/nn/modules/module.py", line 1739, in _wrapped_call_impl
    return self._call_impl(*args, **kwargs)
           ^^^^^^^^^^^^^^^^^^^^^^^^^^^^^^^^
  File "/usr/local/lib/python3.12/site-packages/torch/nn/modules/module.py", line 1750, in _call_impl
    return forward_call(*args, **kwargs)
           ^^^^^^^^^^^^^^^^^^^^^^^^^^^^^
  File "/work/cniel/sw/singularity_containers/ot_woe/optbinning/experiments/run_c3.py", line 144, in forward
    return self.head(tok), assign
           ^^^^^^^^^^^^^^
  File "/usr/local/lib/python3.12/site-packages/torch/nn/modules/module.py", line 1739, in _wrapped_call_impl
    return self._call_impl(*args, **kwargs)
           ^^^^^^^^^^^^^^^^^^^^^^^^^^^^^^^^
  File "/usr/local/lib/python3.12/site-packages/torch/nn/modules/module.py", line 1750, in _call_impl
    return forward_call(*args, **kwargs)
           ^^^^^^^^^^^^^^^^^^^^^^^^^^^^^
  File "/work/cniel/sw/singularity_containers/ot_woe/optbinning/experiments/paperc/backbones.py", line 79, in forward
    h = self.encoder(torch.cat([cls, h], dim=1))
        ^^^^^^^^^^^^^^^^^^^^^^^^^^^^^^^^^^^^^^^^
  File "/usr/local/lib/python3.12/site-packages/torch/nn/modules/module.py", line 1739, in _wrapped_call_impl
    return self._call_impl(*args, **kwargs)
           ^^^^^^^^^^^^^^^^^^^^^^^^^^^^^^^^
  File "/usr/local/lib/python3.12/site-packages/torch/nn/modules/module.py", line 1750, in _call_impl
    return forward_call(*args, **kwargs)
           ^^^^^^^^^^^^^^^^^^^^^^^^^^^^^
  File "/usr/local/lib/python3.12/site-packages/torch/nn/modules/transformer.py", line 517, in forward
    output = mod(
             ^^^^
  File "/usr/local/lib/python3.12/site-packages/torch/nn/modules/module.py", line 1739, in _wrapped_call_impl
    return self._call_impl(*args, **kwargs)
           ^^^^^^^^^^^^^^^^^^^^^^^^^^^^^^^^
  File "/usr/local/lib/python3.12/site-packages/torch/nn/modules/module.py", line 1750, in _call_impl
    return forward_call(*args, **kwargs)
           ^^^^^^^^^^^^^^^^^^^^^^^^^^^^^
  File "/usr/local/lib/python3.12/site-packages/torch/nn/modules/transformer.py", line 887, in forward
    return torch._transformer_encoder_layer_fwd(
           ^^^^^^^^^^^^^^^^^^^^^^^^^^^^^^^^^^^^^
RuntimeError: CUDA error: invalid configuration argument
CUDA kernel errors might be asynchronously reported at some other API call, so the stacktrace below might be incorrect.
For debugging consider passing CUDA_LAUNCH_BLOCKING=1
Compile with `TORCH_USE_CUDA_DSA` to enable device-side assertions.

[2026-07-16 04:05:48,627][__main__][INFO] - ot_ple/linear: auc=0.8721
[2026-07-16 04:16:51,488][__main__][INFO] - ot_ple/mlp: auc=0.8688
[2026-07-16 04:29:38,911][__main__][ERROR] - arm ot_ple/ft failed
Traceback (most recent call last):
  File "/work/cniel/sw/singularity_containers/ot_woe/optbinning/experiments/run_c3.py", line 298, in run
    row = _train_eval(arm, backbone, data, cfg)
          ^^^^^^^^^^^^^^^^^^^^^^^^^^^^^^^^^^^^^
  File "/work/cniel/sw/singularity_containers/ot_woe/optbinning/experiments/run_c3.py", line 235, in _train_eval
    logits, _ = net(xte, eps=cfg.eps_end, need_assign=False)
                ^^^^^^^^^^^^^^^^^^^^^^^^^^^^^^^^^^^^^^^^^^^^
  File "/usr/local/lib/python3.12/site-packages/torch/nn/modules/module.py", line 1739, in _wrapped_call_impl
    return self._call_impl(*args, **kwargs)
           ^^^^^^^^^^^^^^^^^^^^^^^^^^^^^^^^
  File "/usr/local/lib/python3.12/site-packages/torch/nn/modules/module.py", line 1750, in _call_impl
    return forward_call(*args, **kwargs)
           ^^^^^^^^^^^^^^^^^^^^^^^^^^^^^
  File "/work/cniel/sw/singularity_containers/ot_woe/optbinning/experiments/run_c3.py", line 144, in forward
    return self.head(tok), assign
           ^^^^^^^^^^^^^^
  File "/usr/local/lib/python3.12/site-packages/torch/nn/modules/module.py", line 1739, in _wrapped_call_impl
    return self._call_impl(*args, **kwargs)
           ^^^^^^^^^^^^^^^^^^^^^^^^^^^^^^^^
  File "/usr/local/lib/python3.12/site-packages/torch/nn/modules/module.py", line 1750, in _call_impl
    return forward_call(*args, **kwargs)
           ^^^^^^^^^^^^^^^^^^^^^^^^^^^^^
  File "/work/cniel/sw/singularity_containers/ot_woe/optbinning/experiments/paperc/backbones.py", line 79, in forward
    h = self.encoder(torch.cat([cls, h], dim=1))
        ^^^^^^^^^^^^^^^^^^^^^^^^^^^^^^^^^^^^^^^^
  File "/usr/local/lib/python3.12/site-packages/torch/nn/modules/module.py", line 1739, in _wrapped_call_impl
    return self._call_impl(*args, **kwargs)
           ^^^^^^^^^^^^^^^^^^^^^^^^^^^^^^^^
  File "/usr/local/lib/python3.12/site-packages/torch/nn/modules/module.py", line 1750, in _call_impl
    return forward_call(*args, **kwargs)
           ^^^^^^^^^^^^^^^^^^^^^^^^^^^^^
  File "/usr/local/lib/python3.12/site-packages/torch/nn/modules/transformer.py", line 517, in forward
    output = mod(
             ^^^^
  File "/usr/local/lib/python3.12/site-packages/torch/nn/modules/module.py", line 1739, in _wrapped_call_impl
    return self._call_impl(*args, **kwargs)
           ^^^^^^^^^^^^^^^^^^^^^^^^^^^^^^^^
  File "/usr/local/lib/python3.12/site-packages/torch/nn/modules/module.py", line 1750, in _call_impl
    return forward_call(*args, **kwargs)
           ^^^^^^^^^^^^^^^^^^^^^^^^^^^^^
  File "/usr/local/lib/python3.12/site-packages/torch/nn/modules/transformer.py", line 887, in forward
    return torch._transformer_encoder_layer_fwd(
           ^^^^^^^^^^^^^^^^^^^^^^^^^^^^^^^^^^^^^
RuntimeError: CUDA error: invalid configuration argument
CUDA kernel errors might be asynchronously reported at some other API call, so the stacktrace below might be incorrect.
For debugging consider passing CUDA_LAUNCH_BLOCKING=1
Compile with `TORCH_USE_CUDA_DSA` to enable device-side assertions.

/usr/local/lib/python3.12/site-packages/sklearn/utils/validation.py:2827: UserWarning: X does not have valid feature names, but LGBMClassifier was fitted with feature names
  warnings.warn(
[2026-07-16 04:36:21,111][__main__][INFO] - C3: wrote 13 rows -> outputs/c3_baf/c3_baf_3.parquet
[2026-07-16 04:36:21,119][HYDRA] 	#4 : dataset=baf seed=4 device=cuda token_mode=ple_interp backbones=[linear,mlp,ft] out=outputs/c3_baf
[2026-07-16 04:36:37,787][__main__][INFO] - raw/linear: auc=0.8330
[2026-07-16 04:36:56,647][__main__][INFO] - raw/mlp: auc=0.8411
[2026-07-16 04:39:28,418][__main__][ERROR] - arm raw/ft failed
Traceback (most recent call last):
  File "/work/cniel/sw/singularity_containers/ot_woe/optbinning/experiments/run_c3.py", line 298, in run
    row = _train_eval(arm, backbone, data, cfg)
          ^^^^^^^^^^^^^^^^^^^^^^^^^^^^^^^^^^^^^
  File "/work/cniel/sw/singularity_containers/ot_woe/optbinning/experiments/run_c3.py", line 235, in _train_eval
    logits, _ = net(xte, eps=cfg.eps_end, need_assign=False)
                ^^^^^^^^^^^^^^^^^^^^^^^^^^^^^^^^^^^^^^^^^^^^
  File "/usr/local/lib/python3.12/site-packages/torch/nn/modules/module.py", line 1739, in _wrapped_call_impl
    return self._call_impl(*args, **kwargs)
           ^^^^^^^^^^^^^^^^^^^^^^^^^^^^^^^^
  File "/usr/local/lib/python3.12/site-packages/torch/nn/modules/module.py", line 1750, in _call_impl
    return forward_call(*args, **kwargs)
           ^^^^^^^^^^^^^^^^^^^^^^^^^^^^^
  File "/work/cniel/sw/singularity_containers/ot_woe/optbinning/experiments/run_c3.py", line 144, in forward
    return self.head(tok), assign
           ^^^^^^^^^^^^^^
  File "/usr/local/lib/python3.12/site-packages/torch/nn/modules/module.py", line 1739, in _wrapped_call_impl
    return self._call_impl(*args, **kwargs)
           ^^^^^^^^^^^^^^^^^^^^^^^^^^^^^^^^
  File "/usr/local/lib/python3.12/site-packages/torch/nn/modules/module.py", line 1750, in _call_impl
    return forward_call(*args, **kwargs)
           ^^^^^^^^^^^^^^^^^^^^^^^^^^^^^
  File "/work/cniel/sw/singularity_containers/ot_woe/optbinning/experiments/paperc/backbones.py", line 79, in forward
    h = self.encoder(torch.cat([cls, h], dim=1))
        ^^^^^^^^^^^^^^^^^^^^^^^^^^^^^^^^^^^^^^^^
  File "/usr/local/lib/python3.12/site-packages/torch/nn/modules/module.py", line 1739, in _wrapped_call_impl
    return self._call_impl(*args, **kwargs)
           ^^^^^^^^^^^^^^^^^^^^^^^^^^^^^^^^
  File "/usr/local/lib/python3.12/site-packages/torch/nn/modules/module.py", line 1750, in _call_impl
    return forward_call(*args, **kwargs)
           ^^^^^^^^^^^^^^^^^^^^^^^^^^^^^
  File "/usr/local/lib/python3.12/site-packages/torch/nn/modules/transformer.py", line 517, in forward
    output = mod(
             ^^^^
  File "/usr/local/lib/python3.12/site-packages/torch/nn/modules/module.py", line 1739, in _wrapped_call_impl
    return self._call_impl(*args, **kwargs)
           ^^^^^^^^^^^^^^^^^^^^^^^^^^^^^^^^
  File "/usr/local/lib/python3.12/site-packages/torch/nn/modules/module.py", line 1750, in _call_impl
    return forward_call(*args, **kwargs)
           ^^^^^^^^^^^^^^^^^^^^^^^^^^^^^
  File "/usr/local/lib/python3.12/site-packages/torch/nn/modules/transformer.py", line 887, in forward
    return torch._transformer_encoder_layer_fwd(
           ^^^^^^^^^^^^^^^^^^^^^^^^^^^^^^^^^^^^^
RuntimeError: CUDA error: invalid configuration argument
CUDA kernel errors might be asynchronously reported at some other API call, so the stacktrace below might be incorrect.
For debugging consider passing CUDA_LAUNCH_BLOCKING=1
Compile with `TORCH_USE_CUDA_DSA` to enable device-side assertions.

[2026-07-16 04:39:57,112][__main__][INFO] - quantile_ple/linear: auc=0.8695
[2026-07-16 04:40:37,642][__main__][INFO] - quantile_ple/mlp: auc=0.8644
[2026-07-16 04:43:18,737][__main__][ERROR] - arm quantile_ple/ft failed
Traceback (most recent call last):
  File "/work/cniel/sw/singularity_containers/ot_woe/optbinning/experiments/run_c3.py", line 298, in run
    row = _train_eval(arm, backbone, data, cfg)
          ^^^^^^^^^^^^^^^^^^^^^^^^^^^^^^^^^^^^^
  File "/work/cniel/sw/singularity_containers/ot_woe/optbinning/experiments/run_c3.py", line 235, in _train_eval
    logits, _ = net(xte, eps=cfg.eps_end, need_assign=False)
                ^^^^^^^^^^^^^^^^^^^^^^^^^^^^^^^^^^^^^^^^^^^^
  File "/usr/local/lib/python3.12/site-packages/torch/nn/modules/module.py", line 1739, in _wrapped_call_impl
    return self._call_impl(*args, **kwargs)
           ^^^^^^^^^^^^^^^^^^^^^^^^^^^^^^^^
  File "/usr/local/lib/python3.12/site-packages/torch/nn/modules/module.py", line 1750, in _call_impl
    return forward_call(*args, **kwargs)
           ^^^^^^^^^^^^^^^^^^^^^^^^^^^^^
  File "/work/cniel/sw/singularity_containers/ot_woe/optbinning/experiments/run_c3.py", line 144, in forward
    return self.head(tok), assign
           ^^^^^^^^^^^^^^
  File "/usr/local/lib/python3.12/site-packages/torch/nn/modules/module.py", line 1739, in _wrapped_call_impl
    return self._call_impl(*args, **kwargs)
           ^^^^^^^^^^^^^^^^^^^^^^^^^^^^^^^^
  File "/usr/local/lib/python3.12/site-packages/torch/nn/modules/module.py", line 1750, in _call_impl
    return forward_call(*args, **kwargs)
           ^^^^^^^^^^^^^^^^^^^^^^^^^^^^^
  File "/work/cniel/sw/singularity_containers/ot_woe/optbinning/experiments/paperc/backbones.py", line 79, in forward
    h = self.encoder(torch.cat([cls, h], dim=1))
        ^^^^^^^^^^^^^^^^^^^^^^^^^^^^^^^^^^^^^^^^
  File "/usr/local/lib/python3.12/site-packages/torch/nn/modules/module.py", line 1739, in _wrapped_call_impl
    return self._call_impl(*args, **kwargs)
           ^^^^^^^^^^^^^^^^^^^^^^^^^^^^^^^^
  File "/usr/local/lib/python3.12/site-packages/torch/nn/modules/module.py", line 1750, in _call_impl
    return forward_call(*args, **kwargs)
           ^^^^^^^^^^^^^^^^^^^^^^^^^^^^^
  File "/usr/local/lib/python3.12/site-packages/torch/nn/modules/transformer.py", line 517, in forward
    output = mod(
             ^^^^
  File "/usr/local/lib/python3.12/site-packages/torch/nn/modules/module.py", line 1739, in _wrapped_call_impl
    return self._call_impl(*args, **kwargs)
           ^^^^^^^^^^^^^^^^^^^^^^^^^^^^^^^^
  File "/usr/local/lib/python3.12/site-packages/torch/nn/modules/module.py", line 1750, in _call_impl
    return forward_call(*args, **kwargs)
           ^^^^^^^^^^^^^^^^^^^^^^^^^^^^^
  File "/usr/local/lib/python3.12/site-packages/torch/nn/modules/transformer.py", line 887, in forward
    return torch._transformer_encoder_layer_fwd(
           ^^^^^^^^^^^^^^^^^^^^^^^^^^^^^^^^^^^^^
RuntimeError: CUDA error: invalid configuration argument
CUDA kernel errors might be asynchronously reported at some other API call, so the stacktrace below might be incorrect.
For debugging consider passing CUDA_LAUNCH_BLOCKING=1
Compile with `TORCH_USE_CUDA_DSA` to enable device-side assertions.

[2026-07-16 04:43:57,571][__main__][INFO] - target_ple/linear: auc=0.8696
[2026-07-16 04:44:47,410][__main__][INFO] - target_ple/mlp: auc=0.8659
[2026-07-16 04:47:37,773][__main__][ERROR] - arm target_ple/ft failed
Traceback (most recent call last):
  File "/work/cniel/sw/singularity_containers/ot_woe/optbinning/experiments/run_c3.py", line 298, in run
    row = _train_eval(arm, backbone, data, cfg)
          ^^^^^^^^^^^^^^^^^^^^^^^^^^^^^^^^^^^^^
  File "/work/cniel/sw/singularity_containers/ot_woe/optbinning/experiments/run_c3.py", line 235, in _train_eval
    logits, _ = net(xte, eps=cfg.eps_end, need_assign=False)
                ^^^^^^^^^^^^^^^^^^^^^^^^^^^^^^^^^^^^^^^^^^^^
  File "/usr/local/lib/python3.12/site-packages/torch/nn/modules/module.py", line 1739, in _wrapped_call_impl
    return self._call_impl(*args, **kwargs)
           ^^^^^^^^^^^^^^^^^^^^^^^^^^^^^^^^
  File "/usr/local/lib/python3.12/site-packages/torch/nn/modules/module.py", line 1750, in _call_impl
    return forward_call(*args, **kwargs)
           ^^^^^^^^^^^^^^^^^^^^^^^^^^^^^
  File "/work/cniel/sw/singularity_containers/ot_woe/optbinning/experiments/run_c3.py", line 144, in forward
    return self.head(tok), assign
           ^^^^^^^^^^^^^^
  File "/usr/local/lib/python3.12/site-packages/torch/nn/modules/module.py", line 1739, in _wrapped_call_impl
    return self._call_impl(*args, **kwargs)
           ^^^^^^^^^^^^^^^^^^^^^^^^^^^^^^^^
  File "/usr/local/lib/python3.12/site-packages/torch/nn/modules/module.py", line 1750, in _call_impl
    return forward_call(*args, **kwargs)
           ^^^^^^^^^^^^^^^^^^^^^^^^^^^^^
  File "/work/cniel/sw/singularity_containers/ot_woe/optbinning/experiments/paperc/backbones.py", line 79, in forward
    h = self.encoder(torch.cat([cls, h], dim=1))
        ^^^^^^^^^^^^^^^^^^^^^^^^^^^^^^^^^^^^^^^^
  File "/usr/local/lib/python3.12/site-packages/torch/nn/modules/module.py", line 1739, in _wrapped_call_impl
    return self._call_impl(*args, **kwargs)
           ^^^^^^^^^^^^^^^^^^^^^^^^^^^^^^^^
  File "/usr/local/lib/python3.12/site-packages/torch/nn/modules/module.py", line 1750, in _call_impl
    return forward_call(*args, **kwargs)
           ^^^^^^^^^^^^^^^^^^^^^^^^^^^^^
  File "/usr/local/lib/python3.12/site-packages/torch/nn/modules/transformer.py", line 517, in forward
    output = mod(
             ^^^^
  File "/usr/local/lib/python3.12/site-packages/torch/nn/modules/module.py", line 1739, in _wrapped_call_impl
    return self._call_impl(*args, **kwargs)
           ^^^^^^^^^^^^^^^^^^^^^^^^^^^^^^^^
  File "/usr/local/lib/python3.12/site-packages/torch/nn/modules/module.py", line 1750, in _call_impl
    return forward_call(*args, **kwargs)
           ^^^^^^^^^^^^^^^^^^^^^^^^^^^^^
  File "/usr/local/lib/python3.12/site-packages/torch/nn/modules/transformer.py", line 887, in forward
    return torch._transformer_encoder_layer_fwd(
           ^^^^^^^^^^^^^^^^^^^^^^^^^^^^^^^^^^^^^
RuntimeError: CUDA error: invalid configuration argument
CUDA kernel errors might be asynchronously reported at some other API call, so the stacktrace below might be incorrect.
For debugging consider passing CUDA_LAUNCH_BLOCKING=1
Compile with `TORCH_USE_CUDA_DSA` to enable device-side assertions.

[2026-07-16 04:59:19,321][__main__][INFO] - ot_ple/linear: auc=0.8676
[2026-07-16 05:10:34,362][__main__][INFO] - ot_ple/mlp: auc=0.8639
[2026-07-16 05:23:25,011][__main__][ERROR] - arm ot_ple/ft failed
Traceback (most recent call last):
  File "/work/cniel/sw/singularity_containers/ot_woe/optbinning/experiments/run_c3.py", line 298, in run
    row = _train_eval(arm, backbone, data, cfg)
          ^^^^^^^^^^^^^^^^^^^^^^^^^^^^^^^^^^^^^
  File "/work/cniel/sw/singularity_containers/ot_woe/optbinning/experiments/run_c3.py", line 235, in _train_eval
    logits, _ = net(xte, eps=cfg.eps_end, need_assign=False)
                ^^^^^^^^^^^^^^^^^^^^^^^^^^^^^^^^^^^^^^^^^^^^
  File "/usr/local/lib/python3.12/site-packages/torch/nn/modules/module.py", line 1739, in _wrapped_call_impl
    return self._call_impl(*args, **kwargs)
           ^^^^^^^^^^^^^^^^^^^^^^^^^^^^^^^^
  File "/usr/local/lib/python3.12/site-packages/torch/nn/modules/module.py", line 1750, in _call_impl
    return forward_call(*args, **kwargs)
           ^^^^^^^^^^^^^^^^^^^^^^^^^^^^^
  File "/work/cniel/sw/singularity_containers/ot_woe/optbinning/experiments/run_c3.py", line 144, in forward
    return self.head(tok), assign
           ^^^^^^^^^^^^^^
  File "/usr/local/lib/python3.12/site-packages/torch/nn/modules/module.py", line 1739, in _wrapped_call_impl
    return self._call_impl(*args, **kwargs)
           ^^^^^^^^^^^^^^^^^^^^^^^^^^^^^^^^
  File "/usr/local/lib/python3.12/site-packages/torch/nn/modules/module.py", line 1750, in _call_impl
    return forward_call(*args, **kwargs)
           ^^^^^^^^^^^^^^^^^^^^^^^^^^^^^
  File "/work/cniel/sw/singularity_containers/ot_woe/optbinning/experiments/paperc/backbones.py", line 79, in forward
    h = self.encoder(torch.cat([cls, h], dim=1))
        ^^^^^^^^^^^^^^^^^^^^^^^^^^^^^^^^^^^^^^^^
  File "/usr/local/lib/python3.12/site-packages/torch/nn/modules/module.py", line 1739, in _wrapped_call_impl
    return self._call_impl(*args, **kwargs)
           ^^^^^^^^^^^^^^^^^^^^^^^^^^^^^^^^
  File "/usr/local/lib/python3.12/site-packages/torch/nn/modules/module.py", line 1750, in _call_impl
    return forward_call(*args, **kwargs)
           ^^^^^^^^^^^^^^^^^^^^^^^^^^^^^
  File "/usr/local/lib/python3.12/site-packages/torch/nn/modules/transformer.py", line 517, in forward
    output = mod(
             ^^^^
  File "/usr/local/lib/python3.12/site-packages/torch/nn/modules/module.py", line 1739, in _wrapped_call_impl
    return self._call_impl(*args, **kwargs)
           ^^^^^^^^^^^^^^^^^^^^^^^^^^^^^^^^
  File "/usr/local/lib/python3.12/site-packages/torch/nn/modules/module.py", line 1750, in _call_impl
    return forward_call(*args, **kwargs)
           ^^^^^^^^^^^^^^^^^^^^^^^^^^^^^
  File "/usr/local/lib/python3.12/site-packages/torch/nn/modules/transformer.py", line 887, in forward
    return torch._transformer_encoder_layer_fwd(
           ^^^^^^^^^^^^^^^^^^^^^^^^^^^^^^^^^^^^^
RuntimeError: CUDA error: invalid configuration argument
CUDA kernel errors might be asynchronously reported at some other API call, so the stacktrace below might be incorrect.
For debugging consider passing CUDA_LAUNCH_BLOCKING=1
Compile with `TORCH_USE_CUDA_DSA` to enable device-side assertions.

/usr/local/lib/python3.12/site-packages/sklearn/utils/validation.py:2827: UserWarning: X does not have valid feature names, but LGBMClassifier was fitted with feature names
  warnings.warn(
[2026-07-16 05:30:19,738][__main__][INFO] - C3: wrote 13 rows -> outputs/c3_baf/c3_baf_4.parquet
