nohup: ignoring input
[2026-07-15 23:32:06,569][HYDRA] Launching 15 jobs locally
[2026-07-15 23:32:06,569][HYDRA] 	#0 : dataset=adult seed=0 device=cuda token_mode=ple_interp backbones=[linear,mlp,ft] out=outputs/c3_expansion
[2026-07-15 23:32:10,853][__main__][INFO] - raw/linear: auc=0.8312
[2026-07-15 23:32:11,724][__main__][INFO] - raw/mlp: auc=0.8551
[2026-07-15 23:32:15,034][__main__][INFO] - raw/ft: auc=0.8562
[2026-07-15 23:32:15,873][__main__][INFO] - quantile_ple/linear: auc=0.8359
[2026-07-15 23:32:17,073][__main__][INFO] - quantile_ple/mlp: auc=0.8518
[2026-07-15 23:32:20,703][__main__][INFO] - quantile_ple/ft: auc=0.8558
[2026-07-15 23:32:22,075][__main__][INFO] - target_ple/linear: auc=0.8408
[2026-07-15 23:32:23,653][__main__][INFO] - target_ple/mlp: auc=0.8528
[2026-07-15 23:32:27,684][__main__][INFO] - target_ple/ft: auc=0.8569
[2026-07-15 23:32:47,569][__main__][INFO] - ot_ple/linear: auc=0.8565
[2026-07-15 23:33:08,625][__main__][INFO] - ot_ple/mlp: auc=0.8642
[2026-07-15 23:33:36,560][__main__][INFO] - ot_ple/ft: auc=0.8719
/usr/local/lib/python3.12/site-packages/sklearn/utils/validation.py:2827: UserWarning: X does not have valid feature names, but LGBMClassifier was fitted with feature names
  warnings.warn(
[2026-07-15 23:39:49,851][__main__][INFO] - C3: wrote 13 rows -> outputs/c3_expansion/c3_adult_0.parquet
[2026-07-15 23:39:49,890][HYDRA] 	#1 : dataset=adult seed=1 device=cuda token_mode=ple_interp backbones=[linear,mlp,ft] out=outputs/c3_expansion
[2026-07-15 23:39:50,682][__main__][INFO] - raw/linear: auc=0.8232
[2026-07-15 23:39:51,553][__main__][INFO] - raw/mlp: auc=0.8467
[2026-07-15 23:39:54,854][__main__][INFO] - raw/ft: auc=0.8496
[2026-07-15 23:39:55,684][__main__][INFO] - quantile_ple/linear: auc=0.8199
[2026-07-15 23:39:56,927][__main__][INFO] - quantile_ple/mlp: auc=0.8436
[2026-07-15 23:40:00,578][__main__][INFO] - quantile_ple/ft: auc=0.8482
[2026-07-15 23:40:01,799][__main__][INFO] - target_ple/linear: auc=0.8311
[2026-07-15 23:40:03,376][__main__][INFO] - target_ple/mlp: auc=0.8467
[2026-07-15 23:40:07,365][__main__][INFO] - target_ple/ft: auc=0.8514
[2026-07-15 23:40:26,727][__main__][INFO] - ot_ple/linear: auc=0.8436
[2026-07-15 23:40:46,561][__main__][INFO] - ot_ple/mlp: auc=0.8557
[2026-07-15 23:41:09,037][__main__][INFO] - ot_ple/ft: auc=0.8637
/usr/local/lib/python3.12/site-packages/sklearn/utils/validation.py:2827: UserWarning: X does not have valid feature names, but LGBMClassifier was fitted with feature names
  warnings.warn(
[2026-07-15 23:43:13,149][__main__][INFO] - C3: wrote 13 rows -> outputs/c3_expansion/c3_adult_1.parquet
[2026-07-15 23:43:13,152][HYDRA] 	#2 : dataset=adult seed=2 device=cuda token_mode=ple_interp backbones=[linear,mlp,ft] out=outputs/c3_expansion
[2026-07-15 23:43:13,984][__main__][INFO] - raw/linear: auc=0.8283
[2026-07-15 23:43:14,844][__main__][INFO] - raw/mlp: auc=0.8486
[2026-07-15 23:43:18,150][__main__][INFO] - raw/ft: auc=0.8500
[2026-07-15 23:43:19,089][__main__][INFO] - quantile_ple/linear: auc=0.8282
[2026-07-15 23:43:20,362][__main__][INFO] - quantile_ple/mlp: auc=0.8471
[2026-07-15 23:43:24,073][__main__][INFO] - quantile_ple/ft: auc=0.8519
[2026-07-15 23:43:25,299][__main__][INFO] - target_ple/linear: auc=0.8330
[2026-07-15 23:43:26,935][__main__][INFO] - target_ple/mlp: auc=0.8465
[2026-07-15 23:43:30,961][__main__][INFO] - target_ple/ft: auc=0.8536
[2026-07-15 23:43:50,925][__main__][INFO] - ot_ple/linear: auc=0.8503
[2026-07-15 23:44:09,936][__main__][INFO] - ot_ple/mlp: auc=0.8570
[2026-07-15 23:44:30,482][__main__][INFO] - ot_ple/ft: auc=0.8650
/usr/local/lib/python3.12/site-packages/sklearn/utils/validation.py:2827: UserWarning: X does not have valid feature names, but LGBMClassifier was fitted with feature names
  warnings.warn(
[2026-07-15 23:46:23,685][__main__][INFO] - C3: wrote 13 rows -> outputs/c3_expansion/c3_adult_2.parquet
[2026-07-15 23:46:23,688][HYDRA] 	#3 : dataset=adult seed=3 device=cuda token_mode=ple_interp backbones=[linear,mlp,ft] out=outputs/c3_expansion
[2026-07-15 23:46:24,482][__main__][INFO] - raw/linear: auc=0.8305
[2026-07-15 23:46:25,330][__main__][INFO] - raw/mlp: auc=0.8552
[2026-07-15 23:46:28,630][__main__][INFO] - raw/ft: auc=0.8559
[2026-07-15 23:46:29,438][__main__][INFO] - quantile_ple/linear: auc=0.8347
[2026-07-15 23:46:30,666][__main__][INFO] - quantile_ple/mlp: auc=0.8514
[2026-07-15 23:46:34,292][__main__][INFO] - quantile_ple/ft: auc=0.8569
[2026-07-15 23:46:35,484][__main__][INFO] - target_ple/linear: auc=0.8425
[2026-07-15 23:46:37,081][__main__][INFO] - target_ple/mlp: auc=0.8539
[2026-07-15 23:46:41,151][__main__][INFO] - target_ple/ft: auc=0.8573
[2026-07-15 23:47:00,424][__main__][INFO] - ot_ple/linear: auc=0.8524
[2026-07-15 23:47:19,630][__main__][INFO] - ot_ple/mlp: auc=0.8625
[2026-07-15 23:47:40,390][__main__][INFO] - ot_ple/ft: auc=0.8672
/usr/local/lib/python3.12/site-packages/sklearn/utils/validation.py:2827: UserWarning: X does not have valid feature names, but LGBMClassifier was fitted with feature names
  warnings.warn(
[2026-07-15 23:49:07,411][__main__][INFO] - C3: wrote 13 rows -> outputs/c3_expansion/c3_adult_3.parquet
[2026-07-15 23:49:07,415][HYDRA] 	#4 : dataset=adult seed=4 device=cuda token_mode=ple_interp backbones=[linear,mlp,ft] out=outputs/c3_expansion
[2026-07-15 23:49:08,191][__main__][INFO] - raw/linear: auc=0.8302
[2026-07-15 23:49:09,040][__main__][INFO] - raw/mlp: auc=0.8517
[2026-07-15 23:49:12,336][__main__][INFO] - raw/ft: auc=0.8533
[2026-07-15 23:49:13,152][__main__][INFO] - quantile_ple/linear: auc=0.8248
[2026-07-15 23:49:14,340][__main__][INFO] - quantile_ple/mlp: auc=0.8493
[2026-07-15 23:49:17,961][__main__][INFO] - quantile_ple/ft: auc=0.8519
[2026-07-15 23:49:19,217][__main__][INFO] - target_ple/linear: auc=0.8420
[2026-07-15 23:49:20,873][__main__][INFO] - target_ple/mlp: auc=0.8498
[2026-07-15 23:49:24,926][__main__][INFO] - target_ple/ft: auc=0.8557
[2026-07-15 23:49:44,453][__main__][INFO] - ot_ple/linear: auc=0.8495
[2026-07-15 23:50:03,536][__main__][INFO] - ot_ple/mlp: auc=0.8584
[2026-07-15 23:50:24,339][__main__][INFO] - ot_ple/ft: auc=0.8705
/usr/local/lib/python3.12/site-packages/sklearn/utils/validation.py:2827: UserWarning: X does not have valid feature names, but LGBMClassifier was fitted with feature names
  warnings.warn(
[2026-07-15 23:52:40,792][__main__][INFO] - C3: wrote 13 rows -> outputs/c3_expansion/c3_adult_4.parquet
[2026-07-15 23:52:40,811][HYDRA] 	#5 : dataset=diabetes seed=0 device=cuda token_mode=ple_interp backbones=[linear,mlp,ft] out=outputs/c3_expansion
/usr/local/lib/python3.12/site-packages/ucimlrepo/fetch.py:97: DtypeWarning: Columns (0: payer_code) have mixed types. Specify dtype option on import or set low_memory=False.
  df = pd.read_csv(data_url)
[2026-07-15 23:52:45,982][__main__][INFO] - raw/linear: auc=0.6336
[2026-07-15 23:52:47,750][__main__][INFO] - raw/mlp: auc=0.6236
[2026-07-15 23:52:55,608][__main__][INFO] - raw/ft: auc=0.6362
[2026-07-15 23:52:57,471][__main__][INFO] - quantile_ple/linear: auc=0.6313
[2026-07-15 23:53:00,232][__main__][INFO] - quantile_ple/mlp: auc=0.6318
[2026-07-15 23:53:08,783][__main__][INFO] - quantile_ple/ft: auc=0.6360
[2026-07-15 23:53:11,000][__main__][INFO] - target_ple/linear: auc=0.6216
[2026-07-15 23:53:14,202][__main__][INFO] - target_ple/mlp: auc=0.6300
[2026-07-15 23:53:23,098][__main__][INFO] - target_ple/ft: auc=0.6356
[2026-07-15 23:54:09,974][__main__][INFO] - ot_ple/linear: auc=0.6209
[2026-07-15 23:54:56,787][__main__][INFO] - ot_ple/mlp: auc=0.6231
[2026-07-15 23:55:47,691][__main__][INFO] - ot_ple/ft: auc=0.6343
/usr/local/lib/python3.12/site-packages/sklearn/utils/validation.py:2827: UserWarning: X does not have valid feature names, but LGBMClassifier was fitted with feature names
  warnings.warn(
[2026-07-15 23:58:29,813][__main__][INFO] - C3: wrote 13 rows -> outputs/c3_expansion/c3_diabetes_0.parquet
[2026-07-15 23:58:29,817][HYDRA] 	#6 : dataset=diabetes seed=1 device=cuda token_mode=ple_interp backbones=[linear,mlp,ft] out=outputs/c3_expansion
/work/cniel/sw/singularity_containers/ot_woe/optbinning/experiments/datasets.py:44: DtypeWarning: Columns (0: payer_code) have mixed types. Specify dtype option on import or set low_memory=False.
  return pd.read_csv(path)
[2026-07-15 23:58:31,732][__main__][INFO] - raw/linear: auc=0.6296
[2026-07-15 23:58:33,508][__main__][INFO] - raw/mlp: auc=0.6267
[2026-07-15 23:58:41,364][__main__][INFO] - raw/ft: auc=0.6323
[2026-07-15 23:58:43,165][__main__][INFO] - quantile_ple/linear: auc=0.6292
[2026-07-15 23:58:45,902][__main__][INFO] - quantile_ple/mlp: auc=0.6323
[2026-07-15 23:58:54,463][__main__][INFO] - quantile_ple/ft: auc=0.6352
[2026-07-15 23:58:56,772][__main__][INFO] - target_ple/linear: auc=0.6211
[2026-07-15 23:58:59,967][__main__][INFO] - target_ple/mlp: auc=0.6275
[2026-07-15 23:59:09,013][__main__][INFO] - target_ple/ft: auc=0.6319
[2026-07-15 23:59:56,142][__main__][INFO] - ot_ple/linear: auc=0.6196
[2026-07-16 00:00:43,259][__main__][INFO] - ot_ple/mlp: auc=0.6223
[2026-07-16 00:01:34,001][__main__][INFO] - ot_ple/ft: auc=0.6279
/usr/local/lib/python3.12/site-packages/sklearn/utils/validation.py:2827: UserWarning: X does not have valid feature names, but LGBMClassifier was fitted with feature names
  warnings.warn(
[2026-07-16 00:04:35,391][__main__][INFO] - C3: wrote 13 rows -> outputs/c3_expansion/c3_diabetes_1.parquet
[2026-07-16 00:04:35,395][HYDRA] 	#7 : dataset=diabetes seed=2 device=cuda token_mode=ple_interp backbones=[linear,mlp,ft] out=outputs/c3_expansion
/work/cniel/sw/singularity_containers/ot_woe/optbinning/experiments/datasets.py:44: DtypeWarning: Columns (0: payer_code) have mixed types. Specify dtype option on import or set low_memory=False.
  return pd.read_csv(path)
[2026-07-16 00:04:37,261][__main__][INFO] - raw/linear: auc=0.6370
[2026-07-16 00:04:39,078][__main__][INFO] - raw/mlp: auc=0.6320
[2026-07-16 00:04:46,922][__main__][INFO] - raw/ft: auc=0.6351
[2026-07-16 00:04:48,713][__main__][INFO] - quantile_ple/linear: auc=0.6367
[2026-07-16 00:04:51,472][__main__][INFO] - quantile_ple/mlp: auc=0.6372
[2026-07-16 00:05:00,025][__main__][INFO] - quantile_ple/ft: auc=0.6389
[2026-07-16 00:05:02,133][__main__][INFO] - target_ple/linear: auc=0.6245
[2026-07-16 00:05:05,204][__main__][INFO] - target_ple/mlp: auc=0.6347
[2026-07-16 00:05:14,007][__main__][INFO] - target_ple/ft: auc=0.6382
[2026-07-16 00:05:59,656][__main__][INFO] - ot_ple/linear: auc=0.6306
[2026-07-16 00:06:46,644][__main__][INFO] - ot_ple/mlp: auc=0.6306
[2026-07-16 00:07:36,731][__main__][INFO] - ot_ple/ft: auc=0.6356
/usr/local/lib/python3.12/site-packages/sklearn/utils/validation.py:2827: UserWarning: X does not have valid feature names, but LGBMClassifier was fitted with feature names
  warnings.warn(
[2026-07-16 00:11:03,076][__main__][INFO] - C3: wrote 13 rows -> outputs/c3_expansion/c3_diabetes_2.parquet
[2026-07-16 00:11:03,085][HYDRA] 	#8 : dataset=diabetes seed=3 device=cuda token_mode=ple_interp backbones=[linear,mlp,ft] out=outputs/c3_expansion
/work/cniel/sw/singularity_containers/ot_woe/optbinning/experiments/datasets.py:44: DtypeWarning: Columns (0: payer_code) have mixed types. Specify dtype option on import or set low_memory=False.
  return pd.read_csv(path)
[2026-07-16 00:11:05,001][__main__][INFO] - raw/linear: auc=0.6305
[2026-07-16 00:11:06,832][__main__][INFO] - raw/mlp: auc=0.6273
[2026-07-16 00:11:14,680][__main__][INFO] - raw/ft: auc=0.6307
[2026-07-16 00:11:16,574][__main__][INFO] - quantile_ple/linear: auc=0.6278
[2026-07-16 00:11:19,348][__main__][INFO] - quantile_ple/mlp: auc=0.6313
[2026-07-16 00:11:27,902][__main__][INFO] - quantile_ple/ft: auc=0.6294
[2026-07-16 00:11:30,096][__main__][INFO] - target_ple/linear: auc=0.6210
[2026-07-16 00:11:33,306][__main__][INFO] - target_ple/mlp: auc=0.6264
[2026-07-16 00:11:42,202][__main__][INFO] - target_ple/ft: auc=0.6333
[2026-07-16 00:12:28,332][__main__][INFO] - ot_ple/linear: auc=0.6224
[2026-07-16 00:13:13,679][__main__][INFO] - ot_ple/mlp: auc=0.6191
[2026-07-16 00:14:04,086][__main__][INFO] - ot_ple/ft: auc=0.6265
/usr/local/lib/python3.12/site-packages/sklearn/utils/validation.py:2827: UserWarning: X does not have valid feature names, but LGBMClassifier was fitted with feature names
  warnings.warn(
[2026-07-16 00:16:15,316][__main__][INFO] - C3: wrote 13 rows -> outputs/c3_expansion/c3_diabetes_3.parquet
[2026-07-16 00:16:15,324][HYDRA] 	#9 : dataset=diabetes seed=4 device=cuda token_mode=ple_interp backbones=[linear,mlp,ft] out=outputs/c3_expansion
/work/cniel/sw/singularity_containers/ot_woe/optbinning/experiments/datasets.py:44: DtypeWarning: Columns (0: payer_code) have mixed types. Specify dtype option on import or set low_memory=False.
  return pd.read_csv(path)
[2026-07-16 00:16:17,259][__main__][INFO] - raw/linear: auc=0.6272
[2026-07-16 00:16:19,030][__main__][INFO] - raw/mlp: auc=0.6275
[2026-07-16 00:16:26,873][__main__][INFO] - raw/ft: auc=0.6285
[2026-07-16 00:16:28,815][__main__][INFO] - quantile_ple/linear: auc=0.6239
[2026-07-16 00:16:31,632][__main__][INFO] - quantile_ple/mlp: auc=0.6296
[2026-07-16 00:16:40,189][__main__][INFO] - quantile_ple/ft: auc=0.6336
[2026-07-16 00:16:42,424][__main__][INFO] - target_ple/linear: auc=0.6110
[2026-07-16 00:16:45,592][__main__][INFO] - target_ple/mlp: auc=0.6292
[2026-07-16 00:16:54,470][__main__][INFO] - target_ple/ft: auc=0.6307
[2026-07-16 00:17:41,977][__main__][INFO] - ot_ple/linear: auc=0.6201
[2026-07-16 00:18:29,431][__main__][INFO] - ot_ple/mlp: auc=0.6214
[2026-07-16 00:19:20,568][__main__][INFO] - ot_ple/ft: auc=0.6291
/usr/local/lib/python3.12/site-packages/sklearn/utils/validation.py:2827: UserWarning: X does not have valid feature names, but LGBMClassifier was fitted with feature names
  warnings.warn(
[2026-07-16 00:20:55,835][__main__][INFO] - C3: wrote 13 rows -> outputs/c3_expansion/c3_diabetes_4.parquet
[2026-07-16 00:20:55,841][HYDRA] 	#10 : dataset=higgs-small seed=0 device=cuda token_mode=ple_interp backbones=[linear,mlp,ft] out=outputs/c3_expansion
[2026-07-16 00:22:27,325][__main__][INFO] - raw/linear: auc=0.6845
[2026-07-16 00:22:29,298][__main__][INFO] - raw/mlp: auc=0.7932
[2026-07-16 00:22:45,612][__main__][INFO] - raw/ft: auc=0.8051
[2026-07-16 00:22:48,510][__main__][INFO] - quantile_ple/linear: auc=0.7737
[2026-07-16 00:22:52,613][__main__][INFO] - quantile_ple/mlp: auc=0.8007
[2026-07-16 00:23:09,845][__main__][INFO] - quantile_ple/ft: auc=0.8030
[2026-07-16 00:23:17,681][__main__][INFO] - target_ple/linear: auc=0.7716
[2026-07-16 00:23:26,740][__main__][INFO] - target_ple/mlp: auc=0.7989
[2026-07-16 00:23:48,608][__main__][INFO] - target_ple/ft: auc=0.8083
[2026-07-16 00:24:57,206][__main__][INFO] - ot_ple/linear: auc=0.7742
[2026-07-16 00:26:05,503][__main__][INFO] - ot_ple/mlp: auc=0.8035
[2026-07-16 00:27:26,472][__main__][INFO] - ot_ple/ft: auc=0.8053
/usr/local/lib/python3.12/site-packages/sklearn/utils/validation.py:2827: UserWarning: X does not have valid feature names, but LGBMClassifier was fitted with feature names
  warnings.warn(
[2026-07-16 00:30:12,124][__main__][INFO] - C3: wrote 13 rows -> outputs/c3_expansion/c3_higgs-small_0.parquet
[2026-07-16 00:30:12,126][HYDRA] 	#11 : dataset=higgs-small seed=1 device=cuda token_mode=ple_interp backbones=[linear,mlp,ft] out=outputs/c3_expansion
[2026-07-16 00:30:14,023][__main__][INFO] - raw/linear: auc=0.6833
[2026-07-16 00:30:16,008][__main__][INFO] - raw/mlp: auc=0.7946
[2026-07-16 00:30:32,315][__main__][INFO] - raw/ft: auc=0.8115
[2026-07-16 00:30:35,233][__main__][INFO] - quantile_ple/linear: auc=0.7724
[2026-07-16 00:30:39,347][__main__][INFO] - quantile_ple/mlp: auc=0.7873
[2026-07-16 00:30:56,578][__main__][INFO] - quantile_ple/ft: auc=0.8025
[2026-07-16 00:31:04,533][__main__][INFO] - target_ple/linear: auc=0.7712
[2026-07-16 00:31:13,694][__main__][INFO] - target_ple/mlp: auc=0.7986
[2026-07-16 00:31:35,855][__main__][INFO] - target_ple/ft: auc=0.8055
[2026-07-16 00:32:45,044][__main__][INFO] - ot_ple/linear: auc=0.7724
[2026-07-16 00:33:52,879][__main__][INFO] - ot_ple/mlp: auc=0.7809
[2026-07-16 00:35:13,378][__main__][INFO] - ot_ple/ft: auc=0.8068
/usr/local/lib/python3.12/site-packages/sklearn/utils/validation.py:2827: UserWarning: X does not have valid feature names, but LGBMClassifier was fitted with feature names
  warnings.warn(
[2026-07-16 00:37:50,851][__main__][INFO] - C3: wrote 13 rows -> outputs/c3_expansion/c3_higgs-small_1.parquet
[2026-07-16 00:37:50,864][HYDRA] 	#12 : dataset=higgs-small seed=2 device=cuda token_mode=ple_interp backbones=[linear,mlp,ft] out=outputs/c3_expansion
[2026-07-16 00:37:52,734][__main__][INFO] - raw/linear: auc=0.6817
[2026-07-16 00:37:54,781][__main__][INFO] - raw/mlp: auc=0.7911
[2026-07-16 00:38:11,237][__main__][INFO] - raw/ft: auc=0.8058
[2026-07-16 00:38:14,149][__main__][INFO] - quantile_ple/linear: auc=0.7693
[2026-07-16 00:38:18,273][__main__][INFO] - quantile_ple/mlp: auc=0.7972
[2026-07-16 00:38:35,502][__main__][INFO] - quantile_ple/ft: auc=0.8032
[2026-07-16 00:38:43,328][__main__][INFO] - target_ple/linear: auc=0.7681
[2026-07-16 00:38:52,493][__main__][INFO] - target_ple/mlp: auc=0.7894
[2026-07-16 00:39:14,399][__main__][INFO] - target_ple/ft: auc=0.8044
[2026-07-16 00:40:24,112][__main__][INFO] - ot_ple/linear: auc=0.7694
[2026-07-16 00:41:33,837][__main__][INFO] - ot_ple/mlp: auc=0.7999
[2026-07-16 00:42:55,251][__main__][INFO] - ot_ple/ft: auc=0.8036
/usr/local/lib/python3.12/site-packages/sklearn/utils/validation.py:2827: UserWarning: X does not have valid feature names, but LGBMClassifier was fitted with feature names
  warnings.warn(
[2026-07-16 00:46:02,483][__main__][INFO] - C3: wrote 13 rows -> outputs/c3_expansion/c3_higgs-small_2.parquet
[2026-07-16 00:46:02,485][HYDRA] 	#13 : dataset=higgs-small seed=3 device=cuda token_mode=ple_interp backbones=[linear,mlp,ft] out=outputs/c3_expansion
[2026-07-16 00:46:04,380][__main__][INFO] - raw/linear: auc=0.6824
[2026-07-16 00:46:06,430][__main__][INFO] - raw/mlp: auc=0.7937
[2026-07-16 00:46:22,735][__main__][INFO] - raw/ft: auc=0.8070
[2026-07-16 00:46:25,678][__main__][INFO] - quantile_ple/linear: auc=0.7713
[2026-07-16 00:46:29,830][__main__][INFO] - quantile_ple/mlp: auc=0.7977
[2026-07-16 00:46:47,070][__main__][INFO] - quantile_ple/ft: auc=0.8047
[2026-07-16 00:46:54,606][__main__][INFO] - target_ple/linear: auc=0.7693
[2026-07-16 00:47:03,653][__main__][INFO] - target_ple/mlp: auc=0.7980
[2026-07-16 00:47:25,289][__main__][INFO] - target_ple/ft: auc=0.8079
[2026-07-16 00:48:34,576][__main__][INFO] - ot_ple/linear: auc=0.7712
[2026-07-16 00:49:44,621][__main__][INFO] - ot_ple/mlp: auc=0.7987
[2026-07-16 00:51:06,787][__main__][INFO] - ot_ple/ft: auc=0.8048
/usr/local/lib/python3.12/site-packages/sklearn/utils/validation.py:2827: UserWarning: X does not have valid feature names, but LGBMClassifier was fitted with feature names
  warnings.warn(
[2026-07-16 00:54:01,326][__main__][INFO] - C3: wrote 13 rows -> outputs/c3_expansion/c3_higgs-small_3.parquet
[2026-07-16 00:54:01,328][HYDRA] 	#14 : dataset=higgs-small seed=4 device=cuda token_mode=ple_interp backbones=[linear,mlp,ft] out=outputs/c3_expansion
[2026-07-16 00:54:03,201][__main__][INFO] - raw/linear: auc=0.6805
[2026-07-16 00:54:05,177][__main__][INFO] - raw/mlp: auc=0.7907
[2026-07-16 00:54:21,480][__main__][INFO] - raw/ft: auc=0.8106
[2026-07-16 00:54:24,392][__main__][INFO] - quantile_ple/linear: auc=0.7696
[2026-07-16 00:54:28,491][__main__][INFO] - quantile_ple/mlp: auc=0.7970
[2026-07-16 00:54:45,733][__main__][INFO] - quantile_ple/ft: auc=0.8020
[2026-07-16 00:54:53,248][__main__][INFO] - target_ple/linear: auc=0.7681
[2026-07-16 00:55:02,105][__main__][INFO] - target_ple/mlp: auc=0.7995
[2026-07-16 00:55:23,710][__main__][INFO] - target_ple/ft: auc=0.8043
[2026-07-16 00:56:35,376][__main__][INFO] - ot_ple/linear: auc=0.7703
[2026-07-16 00:57:47,339][__main__][INFO] - ot_ple/mlp: auc=0.7977
[2026-07-16 00:59:11,499][__main__][INFO] - ot_ple/ft: auc=0.8064
/usr/local/lib/python3.12/site-packages/sklearn/utils/validation.py:2827: UserWarning: X does not have valid feature names, but LGBMClassifier was fitted with feature names
  warnings.warn(
[2026-07-16 01:02:34,249][__main__][INFO] - C3: wrote 13 rows -> outputs/c3_expansion/c3_higgs-small_4.parquet
