nohup: ignoring input
[2026-07-30 14:47:09,466][HYDRA] Launching 50 jobs locally
[2026-07-30 14:47:09,466][HYDRA] 	#0 : dataset=german arms=[mass_knot_ple,mass_knot_ot,ot_ple] backbones=[linear,mlp,ft] token_mode=ple_interp seed=0 device=cuda out=outputs/c3_massknot
[2026-07-30 14:47:12,297][__main__][INFO] - mass_knot_ple/linear: auc=0.6259
[2026-07-30 14:47:12,728][__main__][INFO] - mass_knot_ple/mlp: auc=0.5844
[2026-07-30 14:47:13,874][__main__][INFO] - mass_knot_ple/ft: auc=0.6080
[2026-07-30 14:47:16,647][__main__][INFO] - mass_knot_ot/linear: auc=0.6263
[2026-07-30 14:47:19,302][__main__][INFO] - mass_knot_ot/mlp: auc=0.5869
[2026-07-30 14:47:22,117][__main__][INFO] - mass_knot_ot/ft: auc=0.6054
[2026-07-30 14:47:24,825][__main__][INFO] - ot_ple/linear: auc=0.6255
[2026-07-30 14:47:27,561][__main__][INFO] - ot_ple/mlp: auc=0.5826
[2026-07-30 14:47:30,365][__main__][INFO] - ot_ple/ft: auc=0.6086
[2026-07-30 14:47:30,537][__main__][INFO] - C3: wrote 9 rows -> outputs/c3_massknot/c3_german_0.parquet
[2026-07-30 14:47:30,543][HYDRA] 	#1 : dataset=german arms=[mass_knot_ple,mass_knot_ot,ot_ple] backbones=[linear,mlp,ft] token_mode=ple_interp seed=1 device=cuda out=outputs/c3_massknot
[2026-07-30 14:47:31,152][__main__][INFO] - mass_knot_ple/linear: auc=0.6140
[2026-07-30 14:47:31,584][__main__][INFO] - mass_knot_ple/mlp: auc=0.5973
[2026-07-30 14:47:32,718][__main__][INFO] - mass_knot_ple/ft: auc=0.6592
[2026-07-30 14:47:35,403][__main__][INFO] - mass_knot_ot/linear: auc=0.6146
[2026-07-30 14:47:38,137][__main__][INFO] - mass_knot_ot/mlp: auc=0.5986
[2026-07-30 14:47:41,122][__main__][INFO] - mass_knot_ot/ft: auc=0.6601
[2026-07-30 14:47:43,827][__main__][INFO] - ot_ple/linear: auc=0.6134
[2026-07-30 14:47:46,626][__main__][INFO] - ot_ple/mlp: auc=0.6051
[2026-07-30 14:47:49,484][__main__][INFO] - ot_ple/ft: auc=0.6596
[2026-07-30 14:47:49,495][__main__][INFO] - C3: wrote 9 rows -> outputs/c3_massknot/c3_german_1.parquet
[2026-07-30 14:47:49,497][HYDRA] 	#2 : dataset=german arms=[mass_knot_ple,mass_knot_ot,ot_ple] backbones=[linear,mlp,ft] token_mode=ple_interp seed=2 device=cuda out=outputs/c3_massknot
[2026-07-30 14:47:49,984][__main__][INFO] - mass_knot_ple/linear: auc=0.6874
[2026-07-30 14:47:50,416][__main__][INFO] - mass_knot_ple/mlp: auc=0.6519
[2026-07-30 14:47:51,543][__main__][INFO] - mass_knot_ple/ft: auc=0.6593
[2026-07-30 14:47:54,283][__main__][INFO] - mass_knot_ot/linear: auc=0.6860
[2026-07-30 14:47:56,984][__main__][INFO] - mass_knot_ot/mlp: auc=0.6651
[2026-07-30 14:48:00,012][__main__][INFO] - mass_knot_ot/ft: auc=0.6547
[2026-07-30 14:48:02,796][__main__][INFO] - ot_ple/linear: auc=0.6807
[2026-07-30 14:48:05,622][__main__][INFO] - ot_ple/mlp: auc=0.6307
[2026-07-30 14:48:08,759][__main__][INFO] - ot_ple/ft: auc=0.6774
[2026-07-30 14:48:08,777][__main__][INFO] - C3: wrote 9 rows -> outputs/c3_massknot/c3_german_2.parquet
[2026-07-30 14:48:08,782][HYDRA] 	#3 : dataset=german arms=[mass_knot_ple,mass_knot_ot,ot_ple] backbones=[linear,mlp,ft] token_mode=ple_interp seed=3 device=cuda out=outputs/c3_massknot
[2026-07-30 14:48:09,433][__main__][INFO] - mass_knot_ple/linear: auc=0.6611
[2026-07-30 14:48:09,864][__main__][INFO] - mass_knot_ple/mlp: auc=0.6467
[2026-07-30 14:48:10,987][__main__][INFO] - mass_knot_ple/ft: auc=0.6251
[2026-07-30 14:48:13,892][__main__][INFO] - mass_knot_ot/linear: auc=0.6609
[2026-07-30 14:48:16,667][__main__][INFO] - mass_knot_ot/mlp: auc=0.6382
[2026-07-30 14:48:19,699][__main__][INFO] - mass_knot_ot/ft: auc=0.6139
[2026-07-30 14:48:22,454][__main__][INFO] - ot_ple/linear: auc=0.6648
[2026-07-30 14:48:25,159][__main__][INFO] - ot_ple/mlp: auc=0.6426
[2026-07-30 14:48:28,100][__main__][INFO] - ot_ple/ft: auc=0.6293
[2026-07-30 14:48:28,115][__main__][INFO] - C3: wrote 9 rows -> outputs/c3_massknot/c3_german_3.parquet
[2026-07-30 14:48:28,119][HYDRA] 	#4 : dataset=german arms=[mass_knot_ple,mass_knot_ot,ot_ple] backbones=[linear,mlp,ft] token_mode=ple_interp seed=4 device=cuda out=outputs/c3_massknot
[2026-07-30 14:48:28,597][__main__][INFO] - mass_knot_ple/linear: auc=0.6253
[2026-07-30 14:48:29,032][__main__][INFO] - mass_knot_ple/mlp: auc=0.6556
[2026-07-30 14:48:30,168][__main__][INFO] - mass_knot_ple/ft: auc=0.6336
[2026-07-30 14:48:32,908][__main__][INFO] - mass_knot_ot/linear: auc=0.6244
[2026-07-30 14:48:35,549][__main__][INFO] - mass_knot_ot/mlp: auc=0.6536
[2026-07-30 14:48:38,431][__main__][INFO] - mass_knot_ot/ft: auc=0.6353
[2026-07-30 14:48:41,099][__main__][INFO] - ot_ple/linear: auc=0.6261
[2026-07-30 14:48:43,772][__main__][INFO] - ot_ple/mlp: auc=0.6348
[2026-07-30 14:48:46,544][__main__][INFO] - ot_ple/ft: auc=0.6373
[2026-07-30 14:48:46,553][__main__][INFO] - C3: wrote 9 rows -> outputs/c3_massknot/c3_german_4.parquet
[2026-07-30 14:48:46,554][HYDRA] 	#5 : dataset=taiwan arms=[mass_knot_ple,mass_knot_ot,ot_ple] backbones=[linear,mlp,ft] token_mode=ple_interp seed=0 device=cuda out=outputs/c3_massknot
[2026-07-30 14:48:48,518][__main__][INFO] - mass_knot_ple/linear: auc=0.7768
[2026-07-30 14:48:50,650][__main__][INFO] - mass_knot_ple/mlp: auc=0.7764
[2026-07-30 14:49:08,714][__main__][INFO] - mass_knot_ple/ft: auc=0.7767
[2026-07-30 14:49:38,294][__main__][INFO] - mass_knot_ot/linear: auc=0.7769
[2026-07-30 14:50:07,981][__main__][INFO] - mass_knot_ot/mlp: auc=0.7751
[2026-07-30 14:50:52,059][__main__][INFO] - mass_knot_ot/ft: auc=0.7760
[2026-07-30 14:51:22,187][__main__][INFO] - ot_ple/linear: auc=0.7767
[2026-07-30 14:51:52,055][__main__][INFO] - ot_ple/mlp: auc=0.7794
[2026-07-30 14:52:36,382][__main__][INFO] - ot_ple/ft: auc=0.7773
[2026-07-30 14:52:36,395][__main__][INFO] - C3: wrote 9 rows -> outputs/c3_massknot/c3_taiwan_0.parquet
[2026-07-30 14:52:36,401][HYDRA] 	#6 : dataset=taiwan arms=[mass_knot_ple,mass_knot_ot,ot_ple] backbones=[linear,mlp,ft] token_mode=ple_interp seed=1 device=cuda out=outputs/c3_massknot
[2026-07-30 14:52:38,358][__main__][INFO] - mass_knot_ple/linear: auc=0.7782
[2026-07-30 14:52:40,492][__main__][INFO] - mass_knot_ple/mlp: auc=0.7780
[2026-07-30 14:52:58,575][__main__][INFO] - mass_knot_ple/ft: auc=0.7730
[2026-07-30 14:53:27,758][__main__][INFO] - mass_knot_ot/linear: auc=0.7778
[2026-07-30 14:53:56,901][__main__][INFO] - mass_knot_ot/mlp: auc=0.7791
[2026-07-30 14:54:41,168][__main__][INFO] - mass_knot_ot/ft: auc=0.7718
[2026-07-30 14:55:10,869][__main__][INFO] - ot_ple/linear: auc=0.7777
[2026-07-30 14:55:40,310][__main__][INFO] - ot_ple/mlp: auc=0.7732
[2026-07-30 14:56:24,394][__main__][INFO] - ot_ple/ft: auc=0.7715
[2026-07-30 14:56:24,412][__main__][INFO] - C3: wrote 9 rows -> outputs/c3_massknot/c3_taiwan_1.parquet
[2026-07-30 14:56:24,417][HYDRA] 	#7 : dataset=taiwan arms=[mass_knot_ple,mass_knot_ot,ot_ple] backbones=[linear,mlp,ft] token_mode=ple_interp seed=2 device=cuda out=outputs/c3_massknot
[2026-07-30 14:56:26,395][__main__][INFO] - mass_knot_ple/linear: auc=0.7801
[2026-07-30 14:56:28,530][__main__][INFO] - mass_knot_ple/mlp: auc=0.7812
[2026-07-30 14:56:46,640][__main__][INFO] - mass_knot_ple/ft: auc=0.7830
[2026-07-30 14:57:15,884][__main__][INFO] - mass_knot_ot/linear: auc=0.7800
[2026-07-30 14:57:45,185][__main__][INFO] - mass_knot_ot/mlp: auc=0.7795
[2026-07-30 14:58:28,779][__main__][INFO] - mass_knot_ot/ft: auc=0.7832
[2026-07-30 14:58:57,990][__main__][INFO] - ot_ple/linear: auc=0.7802
[2026-07-30 14:59:27,161][__main__][INFO] - ot_ple/mlp: auc=0.7825
[2026-07-30 15:00:10,842][__main__][INFO] - ot_ple/ft: auc=0.7840
[2026-07-30 15:00:10,854][__main__][INFO] - C3: wrote 9 rows -> outputs/c3_massknot/c3_taiwan_2.parquet
[2026-07-30 15:00:10,860][HYDRA] 	#8 : dataset=taiwan arms=[mass_knot_ple,mass_knot_ot,ot_ple] backbones=[linear,mlp,ft] token_mode=ple_interp seed=3 device=cuda out=outputs/c3_massknot
[2026-07-30 15:00:12,845][__main__][INFO] - mass_knot_ple/linear: auc=0.7780
[2026-07-30 15:00:14,973][__main__][INFO] - mass_knot_ple/mlp: auc=0.7749
[2026-07-30 15:00:33,054][__main__][INFO] - mass_knot_ple/ft: auc=0.7821
[2026-07-30 15:01:02,842][__main__][INFO] - mass_knot_ot/linear: auc=0.7787
[2026-07-30 15:01:32,845][__main__][INFO] - mass_knot_ot/mlp: auc=0.7776
[2026-07-30 15:02:17,191][__main__][INFO] - mass_knot_ot/ft: auc=0.7824
[2026-07-30 15:02:46,862][__main__][INFO] - ot_ple/linear: auc=0.7782
[2026-07-30 15:03:16,740][__main__][INFO] - ot_ple/mlp: auc=0.7730
[2026-07-30 15:04:01,039][__main__][INFO] - ot_ple/ft: auc=0.7824
[2026-07-30 15:04:01,048][__main__][INFO] - C3: wrote 9 rows -> outputs/c3_massknot/c3_taiwan_3.parquet
[2026-07-30 15:04:01,049][HYDRA] 	#9 : dataset=taiwan arms=[mass_knot_ple,mass_knot_ot,ot_ple] backbones=[linear,mlp,ft] token_mode=ple_interp seed=4 device=cuda out=outputs/c3_massknot
[2026-07-30 15:04:03,059][__main__][INFO] - mass_knot_ple/linear: auc=0.7822
[2026-07-30 15:04:05,212][__main__][INFO] - mass_knot_ple/mlp: auc=0.7809
[2026-07-30 15:04:23,304][__main__][INFO] - mass_knot_ple/ft: auc=0.7870
[2026-07-30 15:04:53,179][__main__][INFO] - mass_knot_ot/linear: auc=0.7818
[2026-07-30 15:05:23,280][__main__][INFO] - mass_knot_ot/mlp: auc=0.7813
[2026-07-30 15:06:07,779][__main__][INFO] - mass_knot_ot/ft: auc=0.7861
[2026-07-30 15:06:38,251][__main__][INFO] - ot_ple/linear: auc=0.7821
[2026-07-30 15:07:08,487][__main__][INFO] - ot_ple/mlp: auc=0.7826
[2026-07-30 15:07:53,239][__main__][INFO] - ot_ple/ft: auc=0.7877
[2026-07-30 15:07:53,251][__main__][INFO] - C3: wrote 9 rows -> outputs/c3_massknot/c3_taiwan_4.parquet
[2026-07-30 15:07:53,256][HYDRA] 	#10 : dataset=gmsc arms=[mass_knot_ple,mass_knot_ot,ot_ple] backbones=[linear,mlp,ft] token_mode=ple_interp seed=0 device=cuda out=outputs/c3_massknot
[2026-07-30 15:08:01,819][__main__][INFO] - mass_knot_ple/linear: auc=0.8580
[2026-07-30 15:08:11,761][__main__][INFO] - mass_knot_ple/mlp: auc=0.8577
[2026-07-30 15:09:07,254][__main__][INFO] - mass_knot_ple/ft: auc=0.8616
[2026-07-30 15:10:27,828][__main__][INFO] - mass_knot_ot/linear: auc=0.8573
[2026-07-30 15:11:48,372][__main__][INFO] - mass_knot_ot/mlp: auc=0.8592
[2026-07-30 15:13:52,536][__main__][INFO] - mass_knot_ot/ft: auc=0.8598
[2026-07-30 15:15:15,962][__main__][INFO] - ot_ple/linear: auc=0.8568
[2026-07-30 15:16:39,552][__main__][INFO] - ot_ple/mlp: auc=0.8587
[2026-07-30 15:18:44,191][__main__][INFO] - ot_ple/ft: auc=0.8615
[2026-07-30 15:18:44,217][__main__][INFO] - C3: wrote 9 rows -> outputs/c3_massknot/c3_gmsc_0.parquet
[2026-07-30 15:18:44,226][HYDRA] 	#11 : dataset=gmsc arms=[mass_knot_ple,mass_knot_ot,ot_ple] backbones=[linear,mlp,ft] token_mode=ple_interp seed=1 device=cuda out=outputs/c3_massknot
[2026-07-30 15:18:52,829][__main__][INFO] - mass_knot_ple/linear: auc=0.8586
[2026-07-30 15:19:02,784][__main__][INFO] - mass_knot_ple/mlp: auc=0.8596
[2026-07-30 15:19:58,249][__main__][INFO] - mass_knot_ple/ft: auc=0.8610
[2026-07-30 15:21:20,713][__main__][INFO] - mass_knot_ot/linear: auc=0.8585
[2026-07-30 15:22:41,381][__main__][INFO] - mass_knot_ot/mlp: auc=0.8612
[2026-07-30 15:24:43,763][__main__][INFO] - mass_knot_ot/ft: auc=0.8615
[2026-07-30 15:26:06,826][__main__][INFO] - ot_ple/linear: auc=0.8584
[2026-07-30 15:27:29,507][__main__][INFO] - ot_ple/mlp: auc=0.8586
[2026-07-30 15:29:32,147][__main__][INFO] - ot_ple/ft: auc=0.8613
[2026-07-30 15:29:32,162][__main__][INFO] - C3: wrote 9 rows -> outputs/c3_massknot/c3_gmsc_1.parquet
[2026-07-30 15:29:32,167][HYDRA] 	#12 : dataset=gmsc arms=[mass_knot_ple,mass_knot_ot,ot_ple] backbones=[linear,mlp,ft] token_mode=ple_interp seed=2 device=cuda out=outputs/c3_massknot
[2026-07-30 15:29:40,525][__main__][INFO] - mass_knot_ple/linear: auc=0.8574
[2026-07-30 15:29:50,265][__main__][INFO] - mass_knot_ple/mlp: auc=0.8576
[2026-07-30 15:30:45,753][__main__][INFO] - mass_knot_ple/ft: auc=0.8584
[2026-07-30 15:32:06,225][__main__][INFO] - mass_knot_ot/linear: auc=0.8567
[2026-07-30 15:33:26,076][__main__][INFO] - mass_knot_ot/mlp: auc=0.8579
[2026-07-30 15:35:26,533][__main__][INFO] - mass_knot_ot/ft: auc=0.8585
[2026-07-30 15:36:48,188][__main__][INFO] - ot_ple/linear: auc=0.8551
[2026-07-30 15:38:09,729][__main__][INFO] - ot_ple/mlp: auc=0.8566
[2026-07-30 15:40:11,829][__main__][INFO] - ot_ple/ft: auc=0.8583
[2026-07-30 15:40:11,841][__main__][INFO] - C3: wrote 9 rows -> outputs/c3_massknot/c3_gmsc_2.parquet
[2026-07-30 15:40:11,845][HYDRA] 	#13 : dataset=gmsc arms=[mass_knot_ple,mass_knot_ot,ot_ple] backbones=[linear,mlp,ft] token_mode=ple_interp seed=3 device=cuda out=outputs/c3_massknot
[2026-07-30 15:40:20,122][__main__][INFO] - mass_knot_ple/linear: auc=0.8587
[2026-07-30 15:40:29,761][__main__][INFO] - mass_knot_ple/mlp: auc=0.8599
[2026-07-30 15:41:25,236][__main__][INFO] - mass_knot_ple/ft: auc=0.8611
[2026-07-30 15:42:44,189][__main__][INFO] - mass_knot_ot/linear: auc=0.8581
[2026-07-30 15:44:04,927][__main__][INFO] - mass_knot_ot/mlp: auc=0.8609
[2026-07-30 15:46:06,218][__main__][INFO] - mass_knot_ot/ft: auc=0.8604
[2026-07-30 15:47:27,021][__main__][INFO] - ot_ple/linear: auc=0.8574
[2026-07-30 15:48:47,887][__main__][INFO] - ot_ple/mlp: auc=0.8603
[2026-07-30 15:50:50,571][__main__][INFO] - ot_ple/ft: auc=0.8618
[2026-07-30 15:50:50,594][__main__][INFO] - C3: wrote 9 rows -> outputs/c3_massknot/c3_gmsc_3.parquet
[2026-07-30 15:50:50,598][HYDRA] 	#14 : dataset=gmsc arms=[mass_knot_ple,mass_knot_ot,ot_ple] backbones=[linear,mlp,ft] token_mode=ple_interp seed=4 device=cuda out=outputs/c3_massknot
[2026-07-30 15:50:58,859][__main__][INFO] - mass_knot_ple/linear: auc=0.8565
[2026-07-30 15:51:08,519][__main__][INFO] - mass_knot_ple/mlp: auc=0.8581
[2026-07-30 15:52:03,983][__main__][INFO] - mass_knot_ple/ft: auc=0.8602
[2026-07-30 15:53:22,543][__main__][INFO] - mass_knot_ot/linear: auc=0.8561
[2026-07-30 15:54:41,700][__main__][INFO] - mass_knot_ot/mlp: auc=0.8598
[2026-07-30 15:56:43,297][__main__][INFO] - mass_knot_ot/ft: auc=0.8614
[2026-07-30 15:58:04,630][__main__][INFO] - ot_ple/linear: auc=0.8546
[2026-07-30 15:59:25,905][__main__][INFO] - ot_ple/mlp: auc=0.8592
[2026-07-30 16:01:27,966][__main__][INFO] - ot_ple/ft: auc=0.8603
[2026-07-30 16:01:28,002][__main__][INFO] - C3: wrote 9 rows -> outputs/c3_massknot/c3_gmsc_4.parquet
[2026-07-30 16:01:28,009][HYDRA] 	#15 : dataset=hmeq arms=[mass_knot_ple,mass_knot_ot,ot_ple] backbones=[linear,mlp,ft] token_mode=ple_interp seed=0 device=cuda out=outputs/c3_massknot
[2026-07-30 16:01:28,584][__main__][INFO] - mass_knot_ple/linear: auc=0.8327
[2026-07-30 16:01:28,982][__main__][INFO] - mass_knot_ple/mlp: auc=0.9085
[2026-07-30 16:01:31,184][__main__][INFO] - mass_knot_ple/ft: auc=0.9092
[2026-07-30 16:01:34,462][__main__][INFO] - mass_knot_ot/linear: auc=0.8338
[2026-07-30 16:01:37,757][__main__][INFO] - mass_knot_ot/mlp: auc=0.9097
[2026-07-30 16:01:42,706][__main__][INFO] - mass_knot_ot/ft: auc=0.9085
[2026-07-30 16:01:45,976][__main__][INFO] - ot_ple/linear: auc=0.8224
[2026-07-30 16:01:49,287][__main__][INFO] - ot_ple/mlp: auc=0.9126
[2026-07-30 16:01:54,172][__main__][INFO] - ot_ple/ft: auc=0.9093
[2026-07-30 16:01:54,193][__main__][INFO] - C3: wrote 9 rows -> outputs/c3_massknot/c3_hmeq_0.parquet
[2026-07-30 16:01:54,196][HYDRA] 	#16 : dataset=hmeq arms=[mass_knot_ple,mass_knot_ot,ot_ple] backbones=[linear,mlp,ft] token_mode=ple_interp seed=1 device=cuda out=outputs/c3_massknot
[2026-07-30 16:01:54,602][__main__][INFO] - mass_knot_ple/linear: auc=0.8511
[2026-07-30 16:01:54,960][__main__][INFO] - mass_knot_ple/mlp: auc=0.9119
[2026-07-30 16:01:57,162][__main__][INFO] - mass_knot_ple/ft: auc=0.9082
[2026-07-30 16:02:00,322][__main__][INFO] - mass_knot_ot/linear: auc=0.8485
[2026-07-30 16:02:03,515][__main__][INFO] - mass_knot_ot/mlp: auc=0.9140
[2026-07-30 16:02:08,354][__main__][INFO] - mass_knot_ot/ft: auc=0.9088
[2026-07-30 16:02:11,659][__main__][INFO] - ot_ple/linear: auc=0.8406
[2026-07-30 16:02:14,909][__main__][INFO] - ot_ple/mlp: auc=0.9139
[2026-07-30 16:02:19,840][__main__][INFO] - ot_ple/ft: auc=0.9032
[2026-07-30 16:02:19,850][__main__][INFO] - C3: wrote 9 rows -> outputs/c3_massknot/c3_hmeq_1.parquet
[2026-07-30 16:02:19,853][HYDRA] 	#17 : dataset=hmeq arms=[mass_knot_ple,mass_knot_ot,ot_ple] backbones=[linear,mlp,ft] token_mode=ple_interp seed=2 device=cuda out=outputs/c3_massknot
[2026-07-30 16:02:20,332][__main__][INFO] - mass_knot_ple/linear: auc=0.8247
[2026-07-30 16:02:20,786][__main__][INFO] - mass_knot_ple/mlp: auc=0.9119
[2026-07-30 16:02:22,989][__main__][INFO] - mass_knot_ple/ft: auc=0.9084
[2026-07-30 16:02:26,347][__main__][INFO] - mass_knot_ot/linear: auc=0.8273
[2026-07-30 16:02:29,764][__main__][INFO] - mass_knot_ot/mlp: auc=0.9116
[2026-07-30 16:02:34,668][__main__][INFO] - mass_knot_ot/ft: auc=0.9088
[2026-07-30 16:02:37,938][__main__][INFO] - ot_ple/linear: auc=0.8178
[2026-07-30 16:02:41,263][__main__][INFO] - ot_ple/mlp: auc=0.9097
[2026-07-30 16:02:46,190][__main__][INFO] - ot_ple/ft: auc=0.9058
[2026-07-30 16:02:46,200][__main__][INFO] - C3: wrote 9 rows -> outputs/c3_massknot/c3_hmeq_2.parquet
[2026-07-30 16:02:46,203][HYDRA] 	#18 : dataset=hmeq arms=[mass_knot_ple,mass_knot_ot,ot_ple] backbones=[linear,mlp,ft] token_mode=ple_interp seed=3 device=cuda out=outputs/c3_massknot
[2026-07-30 16:02:46,630][__main__][INFO] - mass_knot_ple/linear: auc=0.8410
[2026-07-30 16:02:46,973][__main__][INFO] - mass_knot_ple/mlp: auc=0.8983
[2026-07-30 16:02:49,172][__main__][INFO] - mass_knot_ple/ft: auc=0.9043
[2026-07-30 16:02:52,552][__main__][INFO] - mass_knot_ot/linear: auc=0.8477
[2026-07-30 16:02:55,902][__main__][INFO] - mass_knot_ot/mlp: auc=0.9005
[2026-07-30 16:03:01,303][__main__][INFO] - mass_knot_ot/ft: auc=0.9044
[2026-07-30 16:03:04,912][__main__][INFO] - ot_ple/linear: auc=0.8353
[2026-07-30 16:03:08,433][__main__][INFO] - ot_ple/mlp: auc=0.8947
[2026-07-30 16:03:13,437][__main__][INFO] - ot_ple/ft: auc=0.9017
[2026-07-30 16:03:13,446][__main__][INFO] - C3: wrote 9 rows -> outputs/c3_massknot/c3_hmeq_3.parquet
[2026-07-30 16:03:13,448][HYDRA] 	#19 : dataset=hmeq arms=[mass_knot_ple,mass_knot_ot,ot_ple] backbones=[linear,mlp,ft] token_mode=ple_interp seed=4 device=cuda out=outputs/c3_massknot
[2026-07-30 16:03:13,871][__main__][INFO] - mass_knot_ple/linear: auc=0.8289
[2026-07-30 16:03:14,249][__main__][INFO] - mass_knot_ple/mlp: auc=0.9025
[2026-07-30 16:03:16,451][__main__][INFO] - mass_knot_ple/ft: auc=0.9001
[2026-07-30 16:03:19,697][__main__][INFO] - mass_knot_ot/linear: auc=0.8270
[2026-07-30 16:03:22,916][__main__][INFO] - mass_knot_ot/mlp: auc=0.9040
[2026-07-30 16:03:27,823][__main__][INFO] - mass_knot_ot/ft: auc=0.9005
[2026-07-30 16:03:31,065][__main__][INFO] - ot_ple/linear: auc=0.8256
[2026-07-30 16:03:34,381][__main__][INFO] - ot_ple/mlp: auc=0.9021
[2026-07-30 16:03:39,207][__main__][INFO] - ot_ple/ft: auc=0.8952
[2026-07-30 16:03:39,226][__main__][INFO] - C3: wrote 9 rows -> outputs/c3_massknot/c3_hmeq_4.parquet
[2026-07-30 16:03:39,229][HYDRA] 	#20 : dataset=heloc arms=[mass_knot_ple,mass_knot_ot,ot_ple] backbones=[linear,mlp,ft] token_mode=ple_interp seed=0 device=cuda out=outputs/c3_massknot
[2026-07-30 16:03:40,072][__main__][INFO] - mass_knot_ple/linear: auc=0.8040
[2026-07-30 16:03:40,873][__main__][INFO] - mass_knot_ple/mlp: auc=0.8011
[2026-07-30 16:03:47,189][__main__][INFO] - mass_knot_ple/ft: auc=0.8049
[2026-07-30 16:03:58,716][__main__][INFO] - mass_knot_ot/linear: auc=0.8019
[2026-07-30 16:04:10,368][__main__][INFO] - mass_knot_ot/mlp: auc=0.7998
[2026-07-30 16:04:27,100][__main__][INFO] - mass_knot_ot/ft: auc=0.8045
[2026-07-30 16:04:39,115][__main__][INFO] - ot_ple/linear: auc=0.8033
[2026-07-30 16:04:51,135][__main__][INFO] - ot_ple/mlp: auc=0.8022
[2026-07-30 16:05:07,820][__main__][INFO] - ot_ple/ft: auc=0.8049
[2026-07-30 16:05:07,841][__main__][INFO] - C3: wrote 9 rows -> outputs/c3_massknot/c3_heloc_0.parquet
[2026-07-30 16:05:07,845][HYDRA] 	#21 : dataset=heloc arms=[mass_knot_ple,mass_knot_ot,ot_ple] backbones=[linear,mlp,ft] token_mode=ple_interp seed=1 device=cuda out=outputs/c3_massknot
[2026-07-30 16:05:08,700][__main__][INFO] - mass_knot_ple/linear: auc=0.7972
[2026-07-30 16:05:09,542][__main__][INFO] - mass_knot_ple/mlp: auc=0.7972
[2026-07-30 16:05:15,835][__main__][INFO] - mass_knot_ple/ft: auc=0.7981
[2026-07-30 16:05:27,788][__main__][INFO] - mass_knot_ot/linear: auc=0.7956
[2026-07-30 16:05:40,056][__main__][INFO] - mass_knot_ot/mlp: auc=0.7944
[2026-07-30 16:05:57,682][__main__][INFO] - mass_knot_ot/ft: auc=0.7978
[2026-07-30 16:06:10,099][__main__][INFO] - ot_ple/linear: auc=0.7971
[2026-07-30 16:06:22,585][__main__][INFO] - ot_ple/mlp: auc=0.7960
[2026-07-30 16:06:39,459][__main__][INFO] - ot_ple/ft: auc=0.7986
[2026-07-30 16:06:39,470][__main__][INFO] - C3: wrote 9 rows -> outputs/c3_massknot/c3_heloc_1.parquet
[2026-07-30 16:06:39,471][HYDRA] 	#22 : dataset=heloc arms=[mass_knot_ple,mass_knot_ot,ot_ple] backbones=[linear,mlp,ft] token_mode=ple_interp seed=2 device=cuda out=outputs/c3_massknot
[2026-07-30 16:06:40,320][__main__][INFO] - mass_knot_ple/linear: auc=0.7987
[2026-07-30 16:06:41,159][__main__][INFO] - mass_knot_ple/mlp: auc=0.7941
[2026-07-30 16:06:47,414][__main__][INFO] - mass_knot_ple/ft: auc=0.7926
[2026-07-30 16:06:59,438][__main__][INFO] - mass_knot_ot/linear: auc=0.7975
[2026-07-30 16:07:11,656][__main__][INFO] - mass_knot_ot/mlp: auc=0.7942
[2026-07-30 16:07:29,666][__main__][INFO] - mass_knot_ot/ft: auc=0.7911
[2026-07-30 16:07:42,305][__main__][INFO] - ot_ple/linear: auc=0.7989
[2026-07-30 16:07:54,834][__main__][INFO] - ot_ple/mlp: auc=0.7969
[2026-07-30 16:08:11,769][__main__][INFO] - ot_ple/ft: auc=0.7937
[2026-07-30 16:08:11,778][__main__][INFO] - C3: wrote 9 rows -> outputs/c3_massknot/c3_heloc_2.parquet
[2026-07-30 16:08:11,779][HYDRA] 	#23 : dataset=heloc arms=[mass_knot_ple,mass_knot_ot,ot_ple] backbones=[linear,mlp,ft] token_mode=ple_interp seed=3 device=cuda out=outputs/c3_massknot
[2026-07-30 16:08:12,606][__main__][INFO] - mass_knot_ple/linear: auc=0.8018
[2026-07-30 16:08:13,408][__main__][INFO] - mass_knot_ple/mlp: auc=0.7983
[2026-07-30 16:08:19,662][__main__][INFO] - mass_knot_ple/ft: auc=0.7980
[2026-07-30 16:08:31,678][__main__][INFO] - mass_knot_ot/linear: auc=0.8005
[2026-07-30 16:08:43,471][__main__][INFO] - mass_knot_ot/mlp: auc=0.7983
[2026-07-30 16:09:00,236][__main__][INFO] - mass_knot_ot/ft: auc=0.7980
[2026-07-30 16:09:12,393][__main__][INFO] - ot_ple/linear: auc=0.8013
[2026-07-30 16:09:24,649][__main__][INFO] - ot_ple/mlp: auc=0.7995
[2026-07-30 16:09:41,320][__main__][INFO] - ot_ple/ft: auc=0.7989
[2026-07-30 16:09:41,340][__main__][INFO] - C3: wrote 9 rows -> outputs/c3_massknot/c3_heloc_3.parquet
[2026-07-30 16:09:41,344][HYDRA] 	#24 : dataset=heloc arms=[mass_knot_ple,mass_knot_ot,ot_ple] backbones=[linear,mlp,ft] token_mode=ple_interp seed=4 device=cuda out=outputs/c3_massknot
[2026-07-30 16:09:42,178][__main__][INFO] - mass_knot_ple/linear: auc=0.8018
[2026-07-30 16:09:42,971][__main__][INFO] - mass_knot_ple/mlp: auc=0.7949
[2026-07-30 16:09:49,229][__main__][INFO] - mass_knot_ple/ft: auc=0.7943
[2026-07-30 16:10:01,165][__main__][INFO] - mass_knot_ot/linear: auc=0.8004
[2026-07-30 16:10:12,874][__main__][INFO] - mass_knot_ot/mlp: auc=0.7908
[2026-07-30 16:10:29,562][__main__][INFO] - mass_knot_ot/ft: auc=0.7943
[2026-07-30 16:10:41,490][__main__][INFO] - ot_ple/linear: auc=0.8018
[2026-07-30 16:10:53,361][__main__][INFO] - ot_ple/mlp: auc=0.7978
[2026-07-30 16:11:09,940][__main__][INFO] - ot_ple/ft: auc=0.7945
[2026-07-30 16:11:09,952][__main__][INFO] - C3: wrote 9 rows -> outputs/c3_massknot/c3_heloc_4.parquet
[2026-07-30 16:11:09,956][HYDRA] 	#25 : dataset=adult arms=[mass_knot_ple,mass_knot_ot,ot_ple] backbones=[linear,mlp,ft] token_mode=ple_interp seed=0 device=cuda out=outputs/c3_massknot
[2026-07-30 16:11:12,827][__main__][INFO] - mass_knot_ple/linear: auc=0.8590
[2026-07-30 16:11:15,968][__main__][INFO] - mass_knot_ple/mlp: auc=0.8635
[2026-07-30 16:11:30,172][__main__][INFO] - mass_knot_ple/ft: auc=0.8717
[2026-07-30 16:11:51,216][__main__][INFO] - mass_knot_ot/linear: auc=0.8584
[2026-07-30 16:12:12,138][__main__][INFO] - mass_knot_ot/mlp: auc=0.8645
[2026-07-30 16:12:41,260][__main__][INFO] - mass_knot_ot/ft: auc=0.8728
[2026-07-30 16:13:02,000][__main__][INFO] - ot_ple/linear: auc=0.8569
[2026-07-30 16:13:23,234][__main__][INFO] - ot_ple/mlp: auc=0.8604
[2026-07-30 16:13:52,482][__main__][INFO] - ot_ple/ft: auc=0.8721
[2026-07-30 16:13:52,494][__main__][INFO] - C3: wrote 9 rows -> outputs/c3_massknot/c3_adult_0.parquet
[2026-07-30 16:13:52,498][HYDRA] 	#26 : dataset=adult arms=[mass_knot_ple,mass_knot_ot,ot_ple] backbones=[linear,mlp,ft] token_mode=ple_interp seed=1 device=cuda out=outputs/c3_massknot
[2026-07-30 16:13:55,379][__main__][INFO] - mass_knot_ple/linear: auc=0.8490
[2026-07-30 16:13:58,540][__main__][INFO] - mass_knot_ple/mlp: auc=0.8579
[2026-07-30 16:14:12,770][__main__][INFO] - mass_knot_ple/ft: auc=0.8671
[2026-07-30 16:14:33,850][__main__][INFO] - mass_knot_ot/linear: auc=0.8471
[2026-07-30 16:14:54,817][__main__][INFO] - mass_knot_ot/mlp: auc=0.8596
[2026-07-30 16:15:24,107][__main__][INFO] - mass_knot_ot/ft: auc=0.8670
[2026-07-30 16:15:44,990][__main__][INFO] - ot_ple/linear: auc=0.8434
[2026-07-30 16:16:05,851][__main__][INFO] - ot_ple/mlp: auc=0.8560
[2026-07-30 16:16:35,364][__main__][INFO] - ot_ple/ft: auc=0.8656
[2026-07-30 16:16:35,377][__main__][INFO] - C3: wrote 9 rows -> outputs/c3_massknot/c3_adult_1.parquet
[2026-07-30 16:16:35,383][HYDRA] 	#27 : dataset=adult arms=[mass_knot_ple,mass_knot_ot,ot_ple] backbones=[linear,mlp,ft] token_mode=ple_interp seed=2 device=cuda out=outputs/c3_massknot
[2026-07-30 16:16:38,244][__main__][INFO] - mass_knot_ple/linear: auc=0.8531
[2026-07-30 16:16:41,412][__main__][INFO] - mass_knot_ple/mlp: auc=0.8604
[2026-07-30 16:16:55,615][__main__][INFO] - mass_knot_ple/ft: auc=0.8625
[2026-07-30 16:17:17,651][__main__][INFO] - mass_knot_ot/linear: auc=0.8521
[2026-07-30 16:17:38,487][__main__][INFO] - mass_knot_ot/mlp: auc=0.8569
[2026-07-30 16:18:07,923][__main__][INFO] - mass_knot_ot/ft: auc=0.8635
[2026-07-30 16:18:28,774][__main__][INFO] - ot_ple/linear: auc=0.8490
[2026-07-30 16:18:49,808][__main__][INFO] - ot_ple/mlp: auc=0.8562
[2026-07-30 16:19:19,122][__main__][INFO] - ot_ple/ft: auc=0.8635
[2026-07-30 16:19:19,131][__main__][INFO] - C3: wrote 9 rows -> outputs/c3_massknot/c3_adult_2.parquet
[2026-07-30 16:19:19,133][HYDRA] 	#28 : dataset=adult arms=[mass_knot_ple,mass_knot_ot,ot_ple] backbones=[linear,mlp,ft] token_mode=ple_interp seed=3 device=cuda out=outputs/c3_massknot
[2026-07-30 16:19:22,022][__main__][INFO] - mass_knot_ple/linear: auc=0.8582
[2026-07-30 16:19:25,191][__main__][INFO] - mass_knot_ple/mlp: auc=0.8654
[2026-07-30 16:19:39,432][__main__][INFO] - mass_knot_ple/ft: auc=0.8722
[2026-07-30 16:20:00,370][__main__][INFO] - mass_knot_ot/linear: auc=0.8572
[2026-07-30 16:20:21,246][__main__][INFO] - mass_knot_ot/mlp: auc=0.8648
[2026-07-30 16:20:50,460][__main__][INFO] - mass_knot_ot/ft: auc=0.8712
[2026-07-30 16:21:11,317][__main__][INFO] - ot_ple/linear: auc=0.8547
[2026-07-30 16:21:32,448][__main__][INFO] - ot_ple/mlp: auc=0.8632
[2026-07-30 16:22:02,985][__main__][INFO] - ot_ple/ft: auc=0.8710
[2026-07-30 16:22:02,997][__main__][INFO] - C3: wrote 9 rows -> outputs/c3_massknot/c3_adult_3.parquet
[2026-07-30 16:22:03,001][HYDRA] 	#29 : dataset=adult arms=[mass_knot_ple,mass_knot_ot,ot_ple] backbones=[linear,mlp,ft] token_mode=ple_interp seed=4 device=cuda out=outputs/c3_massknot
[2026-07-30 16:22:05,869][__main__][INFO] - mass_knot_ple/linear: auc=0.8539
[2026-07-30 16:22:09,028][__main__][INFO] - mass_knot_ple/mlp: auc=0.8621
[2026-07-30 16:22:23,238][__main__][INFO] - mass_knot_ple/ft: auc=0.8679
[2026-07-30 16:22:44,083][__main__][INFO] - mass_knot_ot/linear: auc=0.8524
[2026-07-30 16:23:04,885][__main__][INFO] - mass_knot_ot/mlp: auc=0.8630
[2026-07-30 16:23:34,255][__main__][INFO] - mass_knot_ot/ft: auc=0.8680
[2026-07-30 16:23:55,135][__main__][INFO] - ot_ple/linear: auc=0.8496
[2026-07-30 16:24:16,401][__main__][INFO] - ot_ple/mlp: auc=0.8600
[2026-07-30 16:24:46,009][__main__][INFO] - ot_ple/ft: auc=0.8668
[2026-07-30 16:24:46,042][__main__][INFO] - C3: wrote 9 rows -> outputs/c3_massknot/c3_adult_4.parquet
[2026-07-30 16:24:46,046][HYDRA] 	#30 : dataset=diabetes arms=[mass_knot_ple,mass_knot_ot,ot_ple] backbones=[linear,mlp,ft] token_mode=ple_interp seed=0 device=cuda out=outputs/c3_massknot
/work/cniel/sw/singularity_containers/ot_woe/optbinning/experiments/datasets.py:46: DtypeWarning: Columns (0: payer_code) have mixed types. Specify dtype option on import or set low_memory=False.
  return pd.read_csv(path)
[2026-07-30 16:24:52,294][__main__][INFO] - mass_knot_ple/linear: auc=0.6288
[2026-07-30 16:24:59,053][__main__][INFO] - mass_knot_ple/mlp: auc=0.6240
[2026-07-30 16:25:33,415][__main__][INFO] - mass_knot_ple/ft: auc=0.6343
[2026-07-30 16:26:22,344][__main__][INFO] - mass_knot_ot/linear: auc=0.6289
[2026-07-30 16:27:10,810][__main__][INFO] - mass_knot_ot/mlp: auc=0.6247
[2026-07-30 16:28:23,950][__main__][INFO] - mass_knot_ot/ft: auc=0.6352
[2026-07-30 16:29:13,586][__main__][INFO] - ot_ple/linear: auc=0.6246
[2026-07-30 16:30:03,890][__main__][INFO] - ot_ple/mlp: auc=0.6261
[2026-07-30 16:31:16,923][__main__][INFO] - ot_ple/ft: auc=0.6335
[2026-07-30 16:31:16,962][__main__][INFO] - C3: wrote 9 rows -> outputs/c3_massknot/c3_diabetes_0.parquet
[2026-07-30 16:31:16,971][HYDRA] 	#31 : dataset=diabetes arms=[mass_knot_ple,mass_knot_ot,ot_ple] backbones=[linear,mlp,ft] token_mode=ple_interp seed=1 device=cuda out=outputs/c3_massknot
/work/cniel/sw/singularity_containers/ot_woe/optbinning/experiments/datasets.py:46: DtypeWarning: Columns (0: payer_code) have mixed types. Specify dtype option on import or set low_memory=False.
  return pd.read_csv(path)
[2026-07-30 16:31:23,218][__main__][INFO] - mass_knot_ple/linear: auc=0.6263
[2026-07-30 16:31:29,972][__main__][INFO] - mass_knot_ple/mlp: auc=0.6154
[2026-07-30 16:32:04,274][__main__][INFO] - mass_knot_ple/ft: auc=0.6276
[2026-07-30 16:32:56,856][__main__][INFO] - mass_knot_ot/linear: auc=0.6255
[2026-07-30 16:33:45,507][__main__][INFO] - mass_knot_ot/mlp: auc=0.6168
[2026-07-30 16:34:58,398][__main__][INFO] - mass_knot_ot/ft: auc=0.6266
[2026-07-30 16:35:47,942][__main__][INFO] - ot_ple/linear: auc=0.6218
[2026-07-30 16:36:37,054][__main__][INFO] - ot_ple/mlp: auc=0.6172
[2026-07-30 16:37:49,961][__main__][INFO] - ot_ple/ft: auc=0.6288
[2026-07-30 16:37:49,969][__main__][INFO] - C3: wrote 9 rows -> outputs/c3_massknot/c3_diabetes_1.parquet
[2026-07-30 16:37:49,973][HYDRA] 	#32 : dataset=diabetes arms=[mass_knot_ple,mass_knot_ot,ot_ple] backbones=[linear,mlp,ft] token_mode=ple_interp seed=2 device=cuda out=outputs/c3_massknot
/work/cniel/sw/singularity_containers/ot_woe/optbinning/experiments/datasets.py:46: DtypeWarning: Columns (0: payer_code) have mixed types. Specify dtype option on import or set low_memory=False.
  return pd.read_csv(path)
[2026-07-30 16:37:56,275][__main__][INFO] - mass_knot_ple/linear: auc=0.6329
[2026-07-30 16:38:03,032][__main__][INFO] - mass_knot_ple/mlp: auc=0.6270
[2026-07-30 16:38:37,372][__main__][INFO] - mass_knot_ple/ft: auc=0.6329
[2026-07-30 16:39:25,622][__main__][INFO] - mass_knot_ot/linear: auc=0.6327
[2026-07-30 16:40:14,761][__main__][INFO] - mass_knot_ot/mlp: auc=0.6248
[2026-07-30 16:41:27,831][__main__][INFO] - mass_knot_ot/ft: auc=0.6326
[2026-07-30 16:42:17,127][__main__][INFO] - ot_ple/linear: auc=0.6259
[2026-07-30 16:43:06,735][__main__][INFO] - ot_ple/mlp: auc=0.6296
[2026-07-30 16:44:19,828][__main__][INFO] - ot_ple/ft: auc=0.6320
[2026-07-30 16:44:19,843][__main__][INFO] - C3: wrote 9 rows -> outputs/c3_massknot/c3_diabetes_2.parquet
[2026-07-30 16:44:19,851][HYDRA] 	#33 : dataset=diabetes arms=[mass_knot_ple,mass_knot_ot,ot_ple] backbones=[linear,mlp,ft] token_mode=ple_interp seed=3 device=cuda out=outputs/c3_massknot
/work/cniel/sw/singularity_containers/ot_woe/optbinning/experiments/datasets.py:46: DtypeWarning: Columns (0: payer_code) have mixed types. Specify dtype option on import or set low_memory=False.
  return pd.read_csv(path)
[2026-07-30 16:44:26,076][__main__][INFO] - mass_knot_ple/linear: auc=0.6261
[2026-07-30 16:44:32,866][__main__][INFO] - mass_knot_ple/mlp: auc=0.6213
[2026-07-30 16:45:07,178][__main__][INFO] - mass_knot_ple/ft: auc=0.6300
[2026-07-30 16:45:55,763][__main__][INFO] - mass_knot_ot/linear: auc=0.6264
[2026-07-30 16:46:44,050][__main__][INFO] - mass_knot_ot/mlp: auc=0.6202
[2026-07-30 16:47:56,911][__main__][INFO] - mass_knot_ot/ft: auc=0.6294
[2026-07-30 16:48:45,760][__main__][INFO] - ot_ple/linear: auc=0.6219
[2026-07-30 16:49:34,647][__main__][INFO] - ot_ple/mlp: auc=0.6230
[2026-07-30 16:50:47,620][__main__][INFO] - ot_ple/ft: auc=0.6310
[2026-07-30 16:50:47,632][__main__][INFO] - C3: wrote 9 rows -> outputs/c3_massknot/c3_diabetes_3.parquet
[2026-07-30 16:50:47,641][HYDRA] 	#34 : dataset=diabetes arms=[mass_knot_ple,mass_knot_ot,ot_ple] backbones=[linear,mlp,ft] token_mode=ple_interp seed=4 device=cuda out=outputs/c3_massknot
/work/cniel/sw/singularity_containers/ot_woe/optbinning/experiments/datasets.py:46: DtypeWarning: Columns (0: payer_code) have mixed types. Specify dtype option on import or set low_memory=False.
  return pd.read_csv(path)
[2026-07-30 16:50:54,086][__main__][INFO] - mass_knot_ple/linear: auc=0.6205
[2026-07-30 16:51:00,875][__main__][INFO] - mass_knot_ple/mlp: auc=0.6221
[2026-07-30 16:51:35,218][__main__][INFO] - mass_knot_ple/ft: auc=0.6309
[2026-07-30 16:52:23,684][__main__][INFO] - mass_knot_ot/linear: auc=0.6203
[2026-07-30 16:53:12,099][__main__][INFO] - mass_knot_ot/mlp: auc=0.6219
[2026-07-30 16:54:24,703][__main__][INFO] - mass_knot_ot/ft: auc=0.6313
[2026-07-30 16:55:14,341][__main__][INFO] - ot_ple/linear: auc=0.6144
[2026-07-30 16:56:03,574][__main__][INFO] - ot_ple/mlp: auc=0.6217
[2026-07-30 16:57:16,556][__main__][INFO] - ot_ple/ft: auc=0.6314
[2026-07-30 16:57:16,591][__main__][INFO] - C3: wrote 9 rows -> outputs/c3_massknot/c3_diabetes_4.parquet
[2026-07-30 16:57:16,597][HYDRA] 	#35 : dataset=higgs-small arms=[mass_knot_ple,mass_knot_ot,ot_ple] backbones=[linear,mlp,ft] token_mode=ple_interp seed=0 device=cuda out=outputs/c3_massknot
[2026-07-30 16:57:22,793][__main__][INFO] - mass_knot_ple/linear: auc=0.7750
[2026-07-30 16:57:29,583][__main__][INFO] - mass_knot_ple/mlp: auc=0.8005
[2026-07-30 16:58:38,519][__main__][INFO] - mass_knot_ple/ft: auc=0.8052
[2026-07-30 17:00:00,871][__main__][INFO] - mass_knot_ot/linear: auc=0.7744
[2026-07-30 17:01:23,431][__main__][INFO] - mass_knot_ot/mlp: auc=0.8008
[2026-07-30 17:03:47,766][__main__][INFO] - mass_knot_ot/ft: auc=0.8046
[2026-07-30 17:05:15,674][__main__][INFO] - ot_ple/linear: auc=0.7742
[2026-07-30 17:06:42,666][__main__][INFO] - ot_ple/mlp: auc=0.7979
[2026-07-30 17:09:07,279][__main__][INFO] - ot_ple/ft: auc=0.8034
[2026-07-30 17:09:07,502][__main__][INFO] - C3: wrote 9 rows -> outputs/c3_massknot/c3_higgs-small_0.parquet
[2026-07-30 17:09:07,532][HYDRA] 	#36 : dataset=higgs-small arms=[mass_knot_ple,mass_knot_ot,ot_ple] backbones=[linear,mlp,ft] token_mode=ple_interp seed=1 device=cuda out=outputs/c3_massknot
[2026-07-30 17:09:13,920][__main__][INFO] - mass_knot_ple/linear: auc=0.7734
[2026-07-30 17:09:20,722][__main__][INFO] - mass_knot_ple/mlp: auc=0.7993
[2026-07-30 17:10:29,746][__main__][INFO] - mass_knot_ple/ft: auc=0.8049
[2026-07-30 17:11:53,424][__main__][INFO] - mass_knot_ot/linear: auc=0.7726
[2026-07-30 17:13:16,835][__main__][INFO] - mass_knot_ot/mlp: auc=0.7987
[2026-07-30 17:15:41,179][__main__][INFO] - mass_knot_ot/ft: auc=0.8044
[2026-07-30 17:17:09,398][__main__][INFO] - ot_ple/linear: auc=0.7724
[2026-07-30 17:18:39,900][__main__][INFO] - ot_ple/mlp: auc=0.8037
[2026-07-30 17:21:05,496][__main__][INFO] - ot_ple/ft: auc=0.8084
[2026-07-30 17:21:05,516][__main__][INFO] - C3: wrote 9 rows -> outputs/c3_massknot/c3_higgs-small_1.parquet
[2026-07-30 17:21:05,520][HYDRA] 	#37 : dataset=higgs-small arms=[mass_knot_ple,mass_knot_ot,ot_ple] backbones=[linear,mlp,ft] token_mode=ple_interp seed=2 device=cuda out=outputs/c3_massknot
[2026-07-30 17:21:11,709][__main__][INFO] - mass_knot_ple/linear: auc=0.7705
[2026-07-30 17:21:18,456][__main__][INFO] - mass_knot_ple/mlp: auc=0.7981
[2026-07-30 17:22:27,523][__main__][INFO] - mass_knot_ple/ft: auc=0.7999
[2026-07-30 17:23:49,234][__main__][INFO] - mass_knot_ot/linear: auc=0.7698
[2026-07-30 17:25:11,982][__main__][INFO] - mass_knot_ot/mlp: auc=0.7980
[2026-07-30 17:27:35,537][__main__][INFO] - mass_knot_ot/ft: auc=0.7999
[2026-07-30 17:29:03,869][__main__][INFO] - ot_ple/linear: auc=0.7695
[2026-07-30 17:30:33,792][__main__][INFO] - ot_ple/mlp: auc=0.7997
[2026-07-30 17:33:00,533][__main__][INFO] - ot_ple/ft: auc=0.7993
[2026-07-30 17:33:00,572][__main__][INFO] - C3: wrote 9 rows -> outputs/c3_massknot/c3_higgs-small_2.parquet
[2026-07-30 17:33:00,580][HYDRA] 	#38 : dataset=higgs-small arms=[mass_knot_ple,mass_knot_ot,ot_ple] backbones=[linear,mlp,ft] token_mode=ple_interp seed=3 device=cuda out=outputs/c3_massknot
[2026-07-30 17:33:06,741][__main__][INFO] - mass_knot_ple/linear: auc=0.7717
[2026-07-30 17:33:13,527][__main__][INFO] - mass_knot_ple/mlp: auc=0.7967
[2026-07-30 17:34:22,577][__main__][INFO] - mass_knot_ple/ft: auc=0.8066
[2026-07-30 17:35:44,232][__main__][INFO] - mass_knot_ot/linear: auc=0.7708
[2026-07-30 17:37:07,187][__main__][INFO] - mass_knot_ot/mlp: auc=0.7967
[2026-07-30 17:39:31,288][__main__][INFO] - mass_knot_ot/ft: auc=0.8070
[2026-07-30 17:40:57,725][__main__][INFO] - ot_ple/linear: auc=0.7711
[2026-07-30 17:42:24,816][__main__][INFO] - ot_ple/mlp: auc=0.7958
[2026-07-30 17:44:49,292][__main__][INFO] - ot_ple/ft: auc=0.8072
[2026-07-30 17:44:49,316][__main__][INFO] - C3: wrote 9 rows -> outputs/c3_massknot/c3_higgs-small_3.parquet
[2026-07-30 17:44:49,321][HYDRA] 	#39 : dataset=higgs-small arms=[mass_knot_ple,mass_knot_ot,ot_ple] backbones=[linear,mlp,ft] token_mode=ple_interp seed=4 device=cuda out=outputs/c3_massknot
[2026-07-30 17:44:55,461][__main__][INFO] - mass_knot_ple/linear: auc=0.7712
[2026-07-30 17:45:02,260][__main__][INFO] - mass_knot_ple/mlp: auc=0.8013
[2026-07-30 17:46:11,288][__main__][INFO] - mass_knot_ple/ft: auc=0.8059
[2026-07-30 17:47:33,333][__main__][INFO] - mass_knot_ot/linear: auc=0.7701
[2026-07-30 17:48:55,755][__main__][INFO] - mass_knot_ot/mlp: auc=0.8005
[2026-07-30 17:51:19,997][__main__][INFO] - mass_knot_ot/ft: auc=0.8062
[2026-07-30 17:52:47,906][__main__][INFO] - ot_ple/linear: auc=0.7705
[2026-07-30 17:54:15,662][__main__][INFO] - ot_ple/mlp: auc=0.8005
[2026-07-30 17:56:40,107][__main__][INFO] - ot_ple/ft: auc=0.8065
[2026-07-30 17:56:40,116][__main__][INFO] - C3: wrote 9 rows -> outputs/c3_massknot/c3_higgs-small_4.parquet
[2026-07-30 17:56:40,120][HYDRA] 	#40 : dataset=churn arms=[mass_knot_ple,mass_knot_ot,ot_ple] backbones=[linear,mlp,ft] token_mode=ple_interp seed=0 device=cuda out=outputs/c3_massknot
[2026-07-30 17:56:40,987][__main__][INFO] - mass_knot_ple/linear: auc=0.8001
[2026-07-30 17:56:41,788][__main__][INFO] - mass_knot_ple/mlp: auc=0.8351
[2026-07-30 17:56:45,175][__main__][INFO] - mass_knot_ple/ft: auc=0.8407
[2026-07-30 17:56:50,588][__main__][INFO] - mass_knot_ot/linear: auc=0.7995
[2026-07-30 17:56:55,993][__main__][INFO] - mass_knot_ot/mlp: auc=0.8281
[2026-07-30 17:57:03,795][__main__][INFO] - mass_knot_ot/ft: auc=0.8412
[2026-07-30 17:57:09,274][__main__][INFO] - ot_ple/linear: auc=0.7954
[2026-07-30 17:57:14,727][__main__][INFO] - ot_ple/mlp: auc=0.8310
[2026-07-30 17:57:22,409][__main__][INFO] - ot_ple/ft: auc=0.8399
[2026-07-30 17:57:22,421][__main__][INFO] - C3: wrote 9 rows -> outputs/c3_massknot/c3_churn_0.parquet
[2026-07-30 17:57:22,424][HYDRA] 	#41 : dataset=churn arms=[mass_knot_ple,mass_knot_ot,ot_ple] backbones=[linear,mlp,ft] token_mode=ple_interp seed=1 device=cuda out=outputs/c3_massknot
[2026-07-30 17:57:23,250][__main__][INFO] - mass_knot_ple/linear: auc=0.7607
[2026-07-30 17:57:24,041][__main__][INFO] - mass_knot_ple/mlp: auc=0.8239
[2026-07-30 17:57:27,428][__main__][INFO] - mass_knot_ple/ft: auc=0.8320
[2026-07-30 17:57:33,039][__main__][INFO] - mass_knot_ot/linear: auc=0.7590
[2026-07-30 17:57:38,663][__main__][INFO] - mass_knot_ot/mlp: auc=0.8251
[2026-07-30 17:57:46,499][__main__][INFO] - mass_knot_ot/ft: auc=0.8319
[2026-07-30 17:57:52,112][__main__][INFO] - ot_ple/linear: auc=0.7647
[2026-07-30 17:57:57,809][__main__][INFO] - ot_ple/mlp: auc=0.8282
[2026-07-30 17:58:05,851][__main__][INFO] - ot_ple/ft: auc=0.8315
[2026-07-30 17:58:05,871][__main__][INFO] - C3: wrote 9 rows -> outputs/c3_massknot/c3_churn_1.parquet
[2026-07-30 17:58:05,873][HYDRA] 	#42 : dataset=churn arms=[mass_knot_ple,mass_knot_ot,ot_ple] backbones=[linear,mlp,ft] token_mode=ple_interp seed=2 device=cuda out=outputs/c3_massknot
[2026-07-30 17:58:06,699][__main__][INFO] - mass_knot_ple/linear: auc=0.7750
[2026-07-30 17:58:07,481][__main__][INFO] - mass_knot_ple/mlp: auc=0.8439
[2026-07-30 17:58:10,864][__main__][INFO] - mass_knot_ple/ft: auc=0.8408
[2026-07-30 17:58:16,313][__main__][INFO] - mass_knot_ot/linear: auc=0.7735
[2026-07-30 17:58:21,732][__main__][INFO] - mass_knot_ot/mlp: auc=0.8433
[2026-07-30 17:58:29,447][__main__][INFO] - mass_knot_ot/ft: auc=0.8410
[2026-07-30 17:58:35,017][__main__][INFO] - ot_ple/linear: auc=0.7753
[2026-07-30 17:58:40,450][__main__][INFO] - ot_ple/mlp: auc=0.8437
[2026-07-30 17:58:48,178][__main__][INFO] - ot_ple/ft: auc=0.8410
[2026-07-30 17:58:48,187][__main__][INFO] - C3: wrote 9 rows -> outputs/c3_massknot/c3_churn_2.parquet
[2026-07-30 17:58:48,188][HYDRA] 	#43 : dataset=churn arms=[mass_knot_ple,mass_knot_ot,ot_ple] backbones=[linear,mlp,ft] token_mode=ple_interp seed=3 device=cuda out=outputs/c3_massknot
[2026-07-30 17:58:48,969][__main__][INFO] - mass_knot_ple/linear: auc=0.8079
[2026-07-30 17:58:49,721][__main__][INFO] - mass_knot_ple/mlp: auc=0.8577
[2026-07-30 17:58:53,103][__main__][INFO] - mass_knot_ple/ft: auc=0.8627
[2026-07-30 17:58:58,992][__main__][INFO] - mass_knot_ot/linear: auc=0.8030
[2026-07-30 17:59:04,549][__main__][INFO] - mass_knot_ot/mlp: auc=0.8567
[2026-07-30 17:59:12,389][__main__][INFO] - mass_knot_ot/ft: auc=0.8625
[2026-07-30 17:59:17,956][__main__][INFO] - ot_ple/linear: auc=0.8022
[2026-07-30 17:59:23,717][__main__][INFO] - ot_ple/mlp: auc=0.8553
[2026-07-30 17:59:31,580][__main__][INFO] - ot_ple/ft: auc=0.8619
[2026-07-30 17:59:31,589][__main__][INFO] - C3: wrote 9 rows -> outputs/c3_massknot/c3_churn_3.parquet
[2026-07-30 17:59:31,590][HYDRA] 	#44 : dataset=churn arms=[mass_knot_ple,mass_knot_ot,ot_ple] backbones=[linear,mlp,ft] token_mode=ple_interp seed=4 device=cuda out=outputs/c3_massknot
[2026-07-30 17:59:32,351][__main__][INFO] - mass_knot_ple/linear: auc=0.7904
[2026-07-30 17:59:33,102][__main__][INFO] - mass_knot_ple/mlp: auc=0.8485
[2026-07-30 17:59:36,480][__main__][INFO] - mass_knot_ple/ft: auc=0.8481
[2026-07-30 17:59:42,129][__main__][INFO] - mass_knot_ot/linear: auc=0.7842
[2026-07-30 17:59:47,671][__main__][INFO] - mass_knot_ot/mlp: auc=0.8485
[2026-07-30 17:59:55,477][__main__][INFO] - mass_knot_ot/ft: auc=0.8474
[2026-07-30 18:00:01,066][__main__][INFO] - ot_ple/linear: auc=0.7862
[2026-07-30 18:00:06,642][__main__][INFO] - ot_ple/mlp: auc=0.8502
[2026-07-30 18:00:14,461][__main__][INFO] - ot_ple/ft: auc=0.8485
[2026-07-30 18:00:14,481][__main__][INFO] - C3: wrote 9 rows -> outputs/c3_massknot/c3_churn_4.parquet
[2026-07-30 18:00:14,483][HYDRA] 	#45 : dataset=santander arms=[mass_knot_ple,mass_knot_ot,ot_ple] backbones=[linear,mlp,ft] token_mode=ple_interp seed=0 device=cuda out=outputs/c3_massknot
[2026-07-30 18:00:36,975][__main__][INFO] - mass_knot_ple/linear: auc=0.8902
[2026-07-30 18:00:56,024][__main__][INFO] - mass_knot_ple/mlp: auc=0.8867
[2026-07-30 18:25:18,531][__main__][INFO] - mass_knot_ple/ft: auc=0.8787
[2026-07-30 18:45:46,819][__main__][INFO] - mass_knot_ot/linear: auc=0.8890
[2026-07-30 19:06:17,038][__main__][INFO] - mass_knot_ot/mlp: auc=0.8809
[2026-07-30 19:50:28,244][__main__][INFO] - mass_knot_ot/ft: auc=0.8639
[2026-07-30 20:11:23,360][__main__][INFO] - ot_ple/linear: auc=0.8896
[2026-07-30 20:32:15,689][__main__][INFO] - ot_ple/mlp: auc=0.8896
[2026-07-30 21:16:39,991][__main__][INFO] - ot_ple/ft: auc=0.8760
[2026-07-30 21:16:39,999][__main__][INFO] - C3: wrote 9 rows -> outputs/c3_massknot/c3_santander_0.parquet
[2026-07-30 21:16:40,030][HYDRA] 	#46 : dataset=santander arms=[mass_knot_ple,mass_knot_ot,ot_ple] backbones=[linear,mlp,ft] token_mode=ple_interp seed=1 device=cuda out=outputs/c3_massknot
[2026-07-30 21:17:02,360][__main__][INFO] - mass_knot_ple/linear: auc=0.8905
[2026-07-30 21:17:21,422][__main__][INFO] - mass_knot_ple/mlp: auc=0.8873
[2026-07-30 21:41:41,566][__main__][INFO] - mass_knot_ple/ft: auc=0.8688
[2026-07-30 22:02:14,397][__main__][INFO] - mass_knot_ot/linear: auc=0.8891
[2026-07-30 22:22:46,684][__main__][INFO] - mass_knot_ot/mlp: auc=0.8868
[2026-07-30 23:07:02,774][__main__][INFO] - mass_knot_ot/ft: auc=0.8692
[2026-07-30 23:28:01,309][__main__][INFO] - ot_ple/linear: auc=0.8901
[2026-07-30 23:48:56,205][__main__][INFO] - ot_ple/mlp: auc=0.8869
[2026-07-31 00:33:27,097][__main__][INFO] - ot_ple/ft: auc=0.8535
[2026-07-31 00:33:27,112][__main__][INFO] - C3: wrote 9 rows -> outputs/c3_massknot/c3_santander_1.parquet
[2026-07-31 00:33:27,138][HYDRA] 	#47 : dataset=santander arms=[mass_knot_ple,mass_knot_ot,ot_ple] backbones=[linear,mlp,ft] token_mode=ple_interp seed=2 device=cuda out=outputs/c3_massknot
[2026-07-31 00:33:49,470][__main__][INFO] - mass_knot_ple/linear: auc=0.8948
[2026-07-31 00:34:08,526][__main__][INFO] - mass_knot_ple/mlp: auc=0.8892
[2026-07-31 00:58:27,025][__main__][INFO] - mass_knot_ple/ft: auc=0.8694
[2026-07-31 01:18:56,378][__main__][INFO] - mass_knot_ot/linear: auc=0.8937
[2026-07-31 01:39:18,555][__main__][INFO] - mass_knot_ot/mlp: auc=0.8877
[2026-07-31 02:23:30,445][__main__][INFO] - mass_knot_ot/ft: auc=0.8750
[2026-07-31 02:44:10,219][__main__][INFO] - ot_ple/linear: auc=0.8943
[2026-07-31 03:04:50,605][__main__][INFO] - ot_ple/mlp: auc=0.8938
[2026-07-31 03:48:54,001][__main__][INFO] - ot_ple/ft: auc=0.8688
[2026-07-31 03:48:54,041][__main__][INFO] - C3: wrote 9 rows -> outputs/c3_massknot/c3_santander_2.parquet
[2026-07-31 03:48:54,068][HYDRA] 	#48 : dataset=santander arms=[mass_knot_ple,mass_knot_ot,ot_ple] backbones=[linear,mlp,ft] token_mode=ple_interp seed=3 device=cuda out=outputs/c3_massknot
[2026-07-31 03:49:16,259][__main__][INFO] - mass_knot_ple/linear: auc=0.8911
[2026-07-31 03:49:35,319][__main__][INFO] - mass_knot_ple/mlp: auc=0.8867
[2026-07-31 04:13:53,435][__main__][INFO] - mass_knot_ple/ft: auc=0.8658
[2026-07-31 04:34:14,049][__main__][INFO] - mass_knot_ot/linear: auc=0.8905
[2026-07-31 04:54:33,278][__main__][INFO] - mass_knot_ot/mlp: auc=0.8814
[2026-07-31 05:38:28,809][__main__][INFO] - mass_knot_ot/ft: auc=0.8724
[2026-07-31 05:59:12,833][__main__][INFO] - ot_ple/linear: auc=0.8900
[2026-07-31 06:19:56,141][__main__][INFO] - ot_ple/mlp: auc=0.8829
[2026-07-31 07:04:04,429][__main__][INFO] - ot_ple/ft: auc=0.8717
[2026-07-31 07:04:04,461][__main__][INFO] - C3: wrote 9 rows -> outputs/c3_massknot/c3_santander_3.parquet
[2026-07-31 07:04:04,486][HYDRA] 	#49 : dataset=santander arms=[mass_knot_ple,mass_knot_ot,ot_ple] backbones=[linear,mlp,ft] token_mode=ple_interp seed=4 device=cuda out=outputs/c3_massknot
[2026-07-31 07:04:26,717][__main__][INFO] - mass_knot_ple/linear: auc=0.8912
[2026-07-31 07:04:45,722][__main__][INFO] - mass_knot_ple/mlp: auc=0.8832
[2026-07-31 07:29:02,466][__main__][INFO] - mass_knot_ple/ft: auc=0.8805
[2026-07-31 07:49:24,809][__main__][INFO] - mass_knot_ot/linear: auc=0.8900
[2026-07-31 08:09:33,337][__main__][INFO] - mass_knot_ot/mlp: auc=0.8813
[2026-07-31 08:53:19,619][__main__][INFO] - mass_knot_ot/ft: auc=0.8749
[2026-07-31 09:14:01,695][__main__][INFO] - ot_ple/linear: auc=0.8911
[2026-07-31 09:34:44,570][__main__][INFO] - ot_ple/mlp: auc=0.8894
[2026-07-31 10:18:44,658][__main__][INFO] - ot_ple/ft: auc=0.8926
[2026-07-31 10:18:44,694][__main__][INFO] - C3: wrote 9 rows -> outputs/c3_massknot/c3_santander_4.parquet
