nohup: ignoring input
[2026-07-15 17:16:58,837][HYDRA] Launching 6 jobs locally
[2026-07-15 17:16:58,837][HYDRA] 	#0 : dataset=german ot_input=quantile n_seeds=5

--- extracted scorecard: feature 'Attribute2' ---
bin | x in original units          |    n | rate  |   WoE  | points
  0 | [      -inf,          9) |   61 | 0.131 | +1.079 | -0.284
  1 | [         9,         12) |   55 | 0.145 | +0.960 | -0.271
  2 | [        12,         15) |  109 | 0.294 | +0.108 | -0.254
  3 | [        15,         18) |   42 | 0.238 | +0.369 | -0.197
  4 | [        18,         24) |  100 | 0.340 | -0.105 | -0.058
  5 | [        24,         27) |  124 | 0.339 | -0.098 | +0.149
  6 | [        27,         36) |   42 | 0.381 | -0.287 | +0.190
  7 | [        36,        inf) |  117 | 0.487 | -0.710 | +0.275
intercept: -0.075

===== C4 interpretability audit: german (5 seeds, ot_input=quantile) =====
additive-extraction fidelity (max |logit - sum_f g_f|): 2.38e-07
scorecard AUC  soft 0.6380 +/- 0.0212   hardened 0.6303 +/- 0.0303   gap 0.0076
contiguous fits: 100.0%   cuts/feature: 4.2
cut agreement with certified optbinning: mean dist 0.521 sd-units,  matched within 0.15: 31.7%
seed stability: mean cut sd across seeds 0.044 sd-units (features with a stable cut count)
[2026-07-15 17:17:11,893][__main__][INFO] - c4audit: wrote 35 rows -> outputs/c4_audit/c4audit_german_quantile_0.parquet
[2026-07-15 17:17:11,897][HYDRA] 	#1 : dataset=german ot_input=standard n_seeds=5

--- extracted scorecard: feature 'Attribute2' ---
bin | x in original units          |    n | rate  |   WoE  | points
  0 | [      -inf,       11.5) |  116 | 0.138 | +1.046 | -0.313
  1 | [      11.5,         17) |  151 | 0.278 | +0.186 | -0.154
  2 | [        17,         23) |  100 | 0.340 | -0.105 | -0.051
  3 | [        23,       31.5) |  164 | 0.348 | -0.135 | -0.008
  4 | [      31.5,       40.5) |   58 | 0.483 | -0.693 | +0.219
  5 | [      40.5,       47.5) |   14 | 0.429 | -0.493 | +0.343
  6 | [      47.5,         57) |   37 | 0.541 | -0.919 | +0.378
  7 | [        57,        inf) |   10 | 0.400 | -0.393 | +0.158
intercept: -0.076

===== C4 interpretability audit: german (5 seeds, ot_input=standard) =====
additive-extraction fidelity (max |logit - sum_f g_f|): 2.38e-07
scorecard AUC  soft 0.6348 +/- 0.0241   hardened 0.6370 +/- 0.0277   gap -0.0023
contiguous fits: 100.0%   cuts/feature: 4.4
cut agreement with certified optbinning: mean dist 0.070 sd-units,  matched within 0.15: 76.2%
seed stability: mean cut sd across seeds 0.081 sd-units (features with a stable cut count)
[2026-07-15 17:17:20,804][__main__][INFO] - c4audit: wrote 35 rows -> outputs/c4_audit/c4audit_german_standard_0.parquet
[2026-07-15 17:17:20,808][HYDRA] 	#2 : dataset=taiwan ot_input=quantile n_seeds=5

--- extracted scorecard: feature 'X6' ---
bin | x in original units          |    n | rate  |   WoE  | points
  0 | [      -inf,          0) | 5529 | 0.162 | +0.391 | -0.460
  1 | [         0,          1) | 9553 | 0.128 | +0.664 | -0.734
  2 | [         1,        inf) | 4418 | 0.501 | -1.257 | +0.392
intercept: +0.002

===== C4 interpretability audit: taiwan (5 seeds, ot_input=quantile) =====
additive-extraction fidelity (max |logit - sum_f g_f|): 9.54e-07
scorecard AUC  soft 0.7784 +/- 0.0019   hardened 0.7624 +/- 0.0061   gap 0.0160
contiguous fits: 100.0%   cuts/feature: 5.0
cut agreement with certified optbinning: mean dist 0.345 sd-units,  matched within 0.15: 49.6%
seed stability: mean cut sd across seeds 0.047 sd-units (features with a stable cut count)
[2026-07-15 17:18:43,993][__main__][INFO] - c4audit: wrote 115 rows -> outputs/c4_audit/c4audit_taiwan_quantile_0.parquet
[2026-07-15 17:18:43,996][HYDRA] 	#3 : dataset=taiwan ot_input=standard n_seeds=5

--- extracted scorecard: feature 'X22' ---
bin | x in original units          |    n | rate  |   WoE  | points
  0 | [      -inf,  5.807e+04) | 19279 | 0.223 | -0.008 | -0.080
  1 | [ 5.807e+04,   1.12e+05) |  142 | 0.120 | +0.717 | -0.331
  2 | [  1.12e+05,  1.648e+05) |   40 | 0.100 | +0.840 | -0.412
  3 | [ 1.648e+05,  2.196e+05) |   25 | 0.000 | +2.679 | -1.150
  4 | [ 2.196e+05,   2.58e+05) |    5 | 0.000 | +1.145 | -0.918
  5 | [  2.58e+05,  3.095e+05) |    3 | 0.333 | -0.742 | +0.314
  6 | [ 3.095e+05,  3.556e+05) |    2 | 1.000 | -2.863 | +0.775
  7 | [ 3.556e+05,        inf) |    4 | 0.000 | +0.944 | +0.076
intercept: +0.008

===== C4 interpretability audit: taiwan (5 seeds, ot_input=standard) =====
additive-extraction fidelity (max |logit - sum_f g_f|): 7.15e-07
scorecard AUC  soft 0.7743 +/- 0.0044   hardened 0.7731 +/- 0.0044   gap 0.0012
contiguous fits: 100.0%   cuts/feature: 6.0
cut agreement with certified optbinning: mean dist 1.468 sd-units,  matched within 0.15: 43.7%
seed stability: mean cut sd across seeds 0.615 sd-units (features with a stable cut count)
[2026-07-15 17:20:00,815][__main__][INFO] - c4audit: wrote 115 rows -> outputs/c4_audit/c4audit_taiwan_standard_0.parquet
[2026-07-15 17:20:00,817][HYDRA] 	#4 : dataset=gmsc ot_input=quantile n_seeds=5

--- extracted scorecard: feature 'RevolvingUtilizationOfUnsecuredLines' ---
bin | x in original units          |    n | rate  |   WoE  | points
  0 | [      -inf,    0.08831) | 39857 | 0.018 | +1.349 | -0.951
  1 | [   0.08831,      0.113) | 3898 | 0.017 | +1.416 | -0.870
  2 | [     0.113,     0.1433) | 3758 | 0.026 | +0.998 | -0.805
  3 | [    0.1433,     0.2478) | 9255 | 0.031 | +0.788 | -0.585
  4 | [    0.2478,     0.4333) | 10867 | 0.048 | +0.346 | -0.228
  5 | [    0.4333,     0.6115) | 7313 | 0.082 | -0.218 | -0.019
  6 | [    0.6115,     0.6711) | 2030 | 0.098 | -0.421 | +0.220
  7 | [    0.6711,        inf) | 20522 | 0.195 | -1.222 | +0.994
intercept: -0.329

===== C4 interpretability audit: gmsc (5 seeds, ot_input=quantile) =====
additive-extraction fidelity (max |logit - sum_f g_f|): 1.91e-06
scorecard AUC  soft 0.8285 +/- 0.0019   hardened 0.8155 +/- 0.0053   gap 0.0130
contiguous fits: 100.0%   cuts/feature: 3.8
cut agreement with certified optbinning: mean dist 0.218 sd-units,  matched within 0.15: 66.1%
seed stability: mean cut sd across seeds 0.031 sd-units (features with a stable cut count)
[2026-07-15 17:24:11,044][__main__][INFO] - c4audit: wrote 50 rows -> outputs/c4_audit/c4audit_gmsc_quantile_0.parquet
[2026-07-15 17:24:11,163][HYDRA] 	#5 : dataset=gmsc ot_input=standard n_seeds=5

--- extracted scorecard: feature 'NumberOfTimes90DaysLate' ---
bin | x in original units          |    n | rate  |   WoE  | points
  0 | [      -inf,        2.5) | 96485 | 0.061 | +0.094 | -0.775
  1 | [       2.5,       10.5) |  814 | 0.614 | -3.103 | +0.986
  2 | [      10.5,         16) |   11 | 0.545 | -2.805 | +1.536
  3 | [        16,       56.5) |    1 | 1.000 | -3.737 | +1.802
  4 | [      56.5,         97) |    5 | 0.800 | -3.737 | +0.175
  5 | [        97,        inf) |  184 | 0.554 | -2.855 | +0.175
intercept: -0.240

===== C4 interpretability audit: gmsc (5 seeds, ot_input=standard) =====
additive-extraction fidelity (max |logit - sum_f g_f|): 9.54e-07
scorecard AUC  soft 0.8214 +/- 0.0045   hardened 0.8214 +/- 0.0036   gap 0.0000
contiguous fits: 100.0%   cuts/feature: 5.7
cut agreement with certified optbinning: mean dist 7.105 sd-units,  matched within 0.15: 18.7%
seed stability: mean cut sd across seeds 2.828 sd-units (features with a stable cut count)
[2026-07-15 17:27:07,766][__main__][INFO] - c4audit: wrote 50 rows -> outputs/c4_audit/c4audit_gmsc_standard_0.parquet
