nohup: ignoring input
[2026-07-16 20:36:17,374][HYDRA] Launching 15 jobs locally
[2026-07-16 20:36:17,374][HYDRA] 	#0 : dataset=gmsc seed=0 device=cuda out=outputs/cal
/usr/local/lib/python3.12/site-packages/sklearn/utils/validation.py:2827: UserWarning: X does not have valid feature names, but LGBMClassifier was fitted with feature names
  warnings.warn(
/usr/local/lib/python3.12/site-packages/sklearn/utils/validation.py:2827: UserWarning: X does not have valid feature names, but LGBMClassifier was fitted with feature names
  warnings.warn(
[2026-07-16 20:36:24,457][__main__][INFO] - platt: ece=0.0023 brier=0.0489 curve_sd=0.0033
[2026-07-16 20:36:24,634][__main__][INFO] - isotonic: ece=0.0031 brier=0.0490 curve_sd=0.0188
[2026-07-16 20:36:24,713][__main__][INFO] - hist: ece=0.0035 brier=0.0512 curve_sd=0.0059
[2026-07-16 20:39:19,169][__main__][INFO] - ot: ece=0.0015 brier=0.0495 curve_sd=0.0209
[2026-07-16 20:39:19,223][__main__][INFO] - E-CAL: wrote outputs/cal/cal_gmsc_0_perf.parquet
[2026-07-16 20:39:19,228][HYDRA] 	#1 : dataset=gmsc seed=1 device=cuda out=outputs/cal
/usr/local/lib/python3.12/site-packages/sklearn/utils/validation.py:2827: UserWarning: X does not have valid feature names, but LGBMClassifier was fitted with feature names
  warnings.warn(
/usr/local/lib/python3.12/site-packages/sklearn/utils/validation.py:2827: UserWarning: X does not have valid feature names, but LGBMClassifier was fitted with feature names
  warnings.warn(
[2026-07-16 20:39:25,257][__main__][INFO] - platt: ece=0.0030 brier=0.0486 curve_sd=0.0046
[2026-07-16 20:39:25,421][__main__][INFO] - isotonic: ece=0.0031 brier=0.0487 curve_sd=0.0169
[2026-07-16 20:39:25,502][__main__][INFO] - hist: ece=0.0030 brier=0.0507 curve_sd=0.0048
[2026-07-16 20:42:13,718][__main__][INFO] - ot: ece=0.0032 brier=0.0491 curve_sd=0.0209
[2026-07-16 20:42:13,732][__main__][INFO] - E-CAL: wrote outputs/cal/cal_gmsc_1_perf.parquet
[2026-07-16 20:42:13,736][HYDRA] 	#2 : dataset=gmsc seed=2 device=cuda out=outputs/cal
/usr/local/lib/python3.12/site-packages/sklearn/utils/validation.py:2827: UserWarning: X does not have valid feature names, but LGBMClassifier was fitted with feature names
  warnings.warn(
/usr/local/lib/python3.12/site-packages/sklearn/utils/validation.py:2827: UserWarning: X does not have valid feature names, but LGBMClassifier was fitted with feature names
  warnings.warn(
[2026-07-16 20:42:18,867][__main__][INFO] - platt: ece=0.0045 brier=0.0498 curve_sd=0.0039
[2026-07-16 20:42:19,047][__main__][INFO] - isotonic: ece=0.0037 brier=0.0499 curve_sd=0.0176
[2026-07-16 20:42:19,126][__main__][INFO] - hist: ece=0.0048 brier=0.0517 curve_sd=0.0044
[2026-07-16 20:45:07,399][__main__][INFO] - ot: ece=0.0035 brier=0.0503 curve_sd=0.0209
[2026-07-16 20:45:07,409][__main__][INFO] - E-CAL: wrote outputs/cal/cal_gmsc_2_perf.parquet
[2026-07-16 20:45:07,414][HYDRA] 	#3 : dataset=gmsc seed=3 device=cuda out=outputs/cal
/usr/local/lib/python3.12/site-packages/sklearn/utils/validation.py:2827: UserWarning: X does not have valid feature names, but LGBMClassifier was fitted with feature names
  warnings.warn(
/usr/local/lib/python3.12/site-packages/sklearn/utils/validation.py:2827: UserWarning: X does not have valid feature names, but LGBMClassifier was fitted with feature names
  warnings.warn(
[2026-07-16 20:45:12,661][__main__][INFO] - platt: ece=0.0037 brier=0.0509 curve_sd=0.0041
[2026-07-16 20:45:12,848][__main__][INFO] - isotonic: ece=0.0031 brier=0.0509 curve_sd=0.0214
[2026-07-16 20:45:12,927][__main__][INFO] - hist: ece=0.0026 brier=0.0528 curve_sd=0.0071
[2026-07-16 20:48:01,499][__main__][INFO] - ot: ece=0.0030 brier=0.0512 curve_sd=0.0199
[2026-07-16 20:48:01,508][__main__][INFO] - E-CAL: wrote outputs/cal/cal_gmsc_3_perf.parquet
[2026-07-16 20:48:01,512][HYDRA] 	#4 : dataset=gmsc seed=4 device=cuda out=outputs/cal
/usr/local/lib/python3.12/site-packages/sklearn/utils/validation.py:2827: UserWarning: X does not have valid feature names, but LGBMClassifier was fitted with feature names
  warnings.warn(
/usr/local/lib/python3.12/site-packages/sklearn/utils/validation.py:2827: UserWarning: X does not have valid feature names, but LGBMClassifier was fitted with feature names
  warnings.warn(
[2026-07-16 20:48:07,317][__main__][INFO] - platt: ece=0.0042 brier=0.0489 curve_sd=0.0042
[2026-07-16 20:48:07,496][__main__][INFO] - isotonic: ece=0.0028 brier=0.0489 curve_sd=0.0176
[2026-07-16 20:48:07,576][__main__][INFO] - hist: ece=0.0022 brier=0.0508 curve_sd=0.0044
[2026-07-16 20:50:55,689][__main__][INFO] - ot: ece=0.0015 brier=0.0493 curve_sd=0.0172
[2026-07-16 20:50:55,701][__main__][INFO] - E-CAL: wrote outputs/cal/cal_gmsc_4_perf.parquet
[2026-07-16 20:50:55,706][HYDRA] 	#5 : dataset=taiwan seed=0 device=cuda out=outputs/cal
/usr/local/lib/python3.12/site-packages/sklearn/utils/validation.py:2827: UserWarning: X does not have valid feature names, but LGBMClassifier was fitted with feature names
  warnings.warn(
/usr/local/lib/python3.12/site-packages/sklearn/utils/validation.py:2827: UserWarning: X does not have valid feature names, but LGBMClassifier was fitted with feature names
  warnings.warn(
[2026-07-16 20:50:56,326][__main__][INFO] - platt: ece=0.0175 brier=0.1404 curve_sd=0.0071
[2026-07-16 20:50:56,368][__main__][INFO] - isotonic: ece=0.0139 brier=0.1404 curve_sd=0.0181
[2026-07-16 20:50:56,392][__main__][INFO] - hist: ece=0.0117 brier=0.1414 curve_sd=0.0124
[2026-07-16 20:53:44,509][__main__][INFO] - ot: ece=0.0065 brier=0.1408 curve_sd=0.0321
[2026-07-16 20:53:44,521][__main__][INFO] - E-CAL: wrote outputs/cal/cal_taiwan_0_perf.parquet
[2026-07-16 20:53:44,525][HYDRA] 	#6 : dataset=taiwan seed=1 device=cuda out=outputs/cal
/usr/local/lib/python3.12/site-packages/sklearn/utils/validation.py:2827: UserWarning: X does not have valid feature names, but LGBMClassifier was fitted with feature names
  warnings.warn(
/usr/local/lib/python3.12/site-packages/sklearn/utils/validation.py:2827: UserWarning: X does not have valid feature names, but LGBMClassifier was fitted with feature names
  warnings.warn(
[2026-07-16 20:53:45,142][__main__][INFO] - platt: ece=0.0200 brier=0.1373 curve_sd=0.0048
[2026-07-16 20:53:45,184][__main__][INFO] - isotonic: ece=0.0196 brier=0.1375 curve_sd=0.0176
[2026-07-16 20:53:45,208][__main__][INFO] - hist: ece=0.0149 brier=0.1383 curve_sd=0.0148
[2026-07-16 20:56:33,288][__main__][INFO] - ot: ece=0.0124 brier=0.1381 curve_sd=0.0283
[2026-07-16 20:56:33,296][__main__][INFO] - E-CAL: wrote outputs/cal/cal_taiwan_1_perf.parquet
[2026-07-16 20:56:33,327][HYDRA] 	#7 : dataset=taiwan seed=2 device=cuda out=outputs/cal
/usr/local/lib/python3.12/site-packages/sklearn/utils/validation.py:2827: UserWarning: X does not have valid feature names, but LGBMClassifier was fitted with feature names
  warnings.warn(
/usr/local/lib/python3.12/site-packages/sklearn/utils/validation.py:2827: UserWarning: X does not have valid feature names, but LGBMClassifier was fitted with feature names
  warnings.warn(
[2026-07-16 20:56:33,953][__main__][INFO] - platt: ece=0.0176 brier=0.1367 curve_sd=0.0049
[2026-07-16 20:56:33,995][__main__][INFO] - isotonic: ece=0.0156 brier=0.1370 curve_sd=0.0197
[2026-07-16 20:56:34,019][__main__][INFO] - hist: ece=0.0144 brier=0.1382 curve_sd=0.0114
[2026-07-16 20:59:22,068][__main__][INFO] - ot: ece=0.0068 brier=0.1373 curve_sd=0.0258
[2026-07-16 20:59:22,079][__main__][INFO] - E-CAL: wrote outputs/cal/cal_taiwan_2_perf.parquet
[2026-07-16 20:59:22,083][HYDRA] 	#8 : dataset=taiwan seed=3 device=cuda out=outputs/cal
/usr/local/lib/python3.12/site-packages/sklearn/utils/validation.py:2827: UserWarning: X does not have valid feature names, but LGBMClassifier was fitted with feature names
  warnings.warn(
/usr/local/lib/python3.12/site-packages/sklearn/utils/validation.py:2827: UserWarning: X does not have valid feature names, but LGBMClassifier was fitted with feature names
  warnings.warn(
[2026-07-16 20:59:22,701][__main__][INFO] - platt: ece=0.0098 brier=0.1371 curve_sd=0.0059
[2026-07-16 20:59:22,743][__main__][INFO] - isotonic: ece=0.0115 brier=0.1374 curve_sd=0.0202
[2026-07-16 20:59:22,768][__main__][INFO] - hist: ece=0.0105 brier=0.1381 curve_sd=0.0128
[2026-07-16 21:02:10,888][__main__][INFO] - ot: ece=0.0068 brier=0.1381 curve_sd=0.0363
[2026-07-16 21:02:10,900][__main__][INFO] - E-CAL: wrote outputs/cal/cal_taiwan_3_perf.parquet
[2026-07-16 21:02:10,903][HYDRA] 	#9 : dataset=taiwan seed=4 device=cuda out=outputs/cal
/usr/local/lib/python3.12/site-packages/sklearn/utils/validation.py:2827: UserWarning: X does not have valid feature names, but LGBMClassifier was fitted with feature names
  warnings.warn(
/usr/local/lib/python3.12/site-packages/sklearn/utils/validation.py:2827: UserWarning: X does not have valid feature names, but LGBMClassifier was fitted with feature names
  warnings.warn(
[2026-07-16 21:02:11,514][__main__][INFO] - platt: ece=0.0165 brier=0.1380 curve_sd=0.0065
[2026-07-16 21:02:11,556][__main__][INFO] - isotonic: ece=0.0121 brier=0.1378 curve_sd=0.0172
[2026-07-16 21:02:11,580][__main__][INFO] - hist: ece=0.0154 brier=0.1404 curve_sd=0.0113
[2026-07-16 21:04:59,679][__main__][INFO] - ot: ece=0.0079 brier=0.1393 curve_sd=0.0294
[2026-07-16 21:04:59,690][__main__][INFO] - E-CAL: wrote outputs/cal/cal_taiwan_4_perf.parquet
[2026-07-16 21:04:59,693][HYDRA] 	#10 : dataset=adult seed=0 device=cuda out=outputs/cal
/usr/local/lib/python3.12/site-packages/sklearn/utils/validation.py:2827: UserWarning: X does not have valid feature names, but LGBMClassifier was fitted with feature names
  warnings.warn(
/usr/local/lib/python3.12/site-packages/sklearn/utils/validation.py:2827: UserWarning: X does not have valid feature names, but LGBMClassifier was fitted with feature names
  warnings.warn(
[2026-07-16 21:05:03,227][__main__][INFO] - platt: ece=0.0090 brier=0.1129 curve_sd=0.0051
[2026-07-16 21:05:03,322][__main__][INFO] - isotonic: ece=0.0046 brier=0.1129 curve_sd=0.0175
[2026-07-16 21:05:03,355][__main__][INFO] - hist: ece=0.0090 brier=0.1151 curve_sd=0.0121
[2026-07-16 21:07:51,408][__main__][INFO] - ot: ece=0.0043 brier=0.1140 curve_sd=0.0287
[2026-07-16 21:07:51,420][__main__][INFO] - E-CAL: wrote outputs/cal/cal_adult_0_perf.parquet
[2026-07-16 21:07:51,425][HYDRA] 	#11 : dataset=adult seed=1 device=cuda out=outputs/cal
/usr/local/lib/python3.12/site-packages/sklearn/utils/validation.py:2827: UserWarning: X does not have valid feature names, but LGBMClassifier was fitted with feature names
  warnings.warn(
/usr/local/lib/python3.12/site-packages/sklearn/utils/validation.py:2827: UserWarning: X does not have valid feature names, but LGBMClassifier was fitted with feature names
  warnings.warn(
[2026-07-16 21:07:54,627][__main__][INFO] - platt: ece=0.0095 brier=0.1139 curve_sd=0.0037
[2026-07-16 21:07:54,726][__main__][INFO] - isotonic: ece=0.0128 brier=0.1141 curve_sd=0.0167
[2026-07-16 21:07:54,767][__main__][INFO] - hist: ece=0.0110 brier=0.1164 curve_sd=0.0104
[2026-07-16 21:10:42,819][__main__][INFO] - ot: ece=0.0077 brier=0.1149 curve_sd=0.0328
[2026-07-16 21:10:42,831][__main__][INFO] - E-CAL: wrote outputs/cal/cal_adult_1_perf.parquet
[2026-07-16 21:10:42,835][HYDRA] 	#12 : dataset=adult seed=2 device=cuda out=outputs/cal
/usr/local/lib/python3.12/site-packages/sklearn/utils/validation.py:2827: UserWarning: X does not have valid feature names, but LGBMClassifier was fitted with feature names
  warnings.warn(
/usr/local/lib/python3.12/site-packages/sklearn/utils/validation.py:2827: UserWarning: X does not have valid feature names, but LGBMClassifier was fitted with feature names
  warnings.warn(
[2026-07-16 21:10:46,435][__main__][INFO] - platt: ece=0.0082 brier=0.1109 curve_sd=0.0048
[2026-07-16 21:10:46,534][__main__][INFO] - isotonic: ece=0.0083 brier=0.1112 curve_sd=0.0180
[2026-07-16 21:10:46,567][__main__][INFO] - hist: ece=0.0067 brier=0.1133 curve_sd=0.0130
[2026-07-16 21:13:34,629][__main__][INFO] - ot: ece=0.0055 brier=0.1125 curve_sd=0.0229
[2026-07-16 21:13:34,639][__main__][INFO] - E-CAL: wrote outputs/cal/cal_adult_2_perf.parquet
[2026-07-16 21:13:34,642][HYDRA] 	#13 : dataset=adult seed=3 device=cuda out=outputs/cal
/usr/local/lib/python3.12/site-packages/sklearn/utils/validation.py:2827: UserWarning: X does not have valid feature names, but LGBMClassifier was fitted with feature names
  warnings.warn(
/usr/local/lib/python3.12/site-packages/sklearn/utils/validation.py:2827: UserWarning: X does not have valid feature names, but LGBMClassifier was fitted with feature names
  warnings.warn(
[2026-07-16 21:13:37,617][__main__][INFO] - platt: ece=0.0128 brier=0.1097 curve_sd=0.0036
[2026-07-16 21:13:37,676][__main__][INFO] - isotonic: ece=0.0089 brier=0.1098 curve_sd=0.0167
[2026-07-16 21:13:37,709][__main__][INFO] - hist: ece=0.0084 brier=0.1121 curve_sd=0.0107
[2026-07-16 21:16:25,888][__main__][INFO] - ot: ece=0.0036 brier=0.1106 curve_sd=0.0378
[2026-07-16 21:16:25,898][__main__][INFO] - E-CAL: wrote outputs/cal/cal_adult_3_perf.parquet
[2026-07-16 21:16:25,902][HYDRA] 	#14 : dataset=adult seed=4 device=cuda out=outputs/cal
/usr/local/lib/python3.12/site-packages/sklearn/utils/validation.py:2827: UserWarning: X does not have valid feature names, but LGBMClassifier was fitted with feature names
  warnings.warn(
/usr/local/lib/python3.12/site-packages/sklearn/utils/validation.py:2827: UserWarning: X does not have valid feature names, but LGBMClassifier was fitted with feature names
  warnings.warn(
[2026-07-16 21:16:29,794][__main__][INFO] - platt: ece=0.0069 brier=0.1125 curve_sd=0.0053
[2026-07-16 21:16:29,895][__main__][INFO] - isotonic: ece=0.0079 brier=0.1126 curve_sd=0.0175
[2026-07-16 21:16:29,928][__main__][INFO] - hist: ece=0.0065 brier=0.1153 curve_sd=0.0116
[2026-07-16 21:19:18,098][__main__][INFO] - ot: ece=0.0055 brier=0.1139 curve_sd=0.0272
[2026-07-16 21:19:18,112][__main__][INFO] - E-CAL: wrote outputs/cal/cal_adult_4_perf.parquet
