nohup: ignoring input
[2026-07-21 16:52:43,463][HYDRA] Launching 20 jobs locally
[2026-07-21 16:52:43,463][HYDRA] 	#0 : dataset=german seed=0 arms=[optbinning_fixed] out=outputs/s1_fixcount
[2026-07-21 16:52:43,858][__main__][INFO] - resample 1/20 done
[2026-07-21 16:52:44,331][__main__][INFO] - resample 2/20 done
[2026-07-21 16:52:44,582][__main__][INFO] - resample 3/20 done
[2026-07-21 16:52:44,819][__main__][INFO] - resample 4/20 done
[2026-07-21 16:52:45,060][__main__][INFO] - resample 5/20 done
[2026-07-21 16:52:45,265][__main__][INFO] - resample 6/20 done
[2026-07-21 16:52:45,493][__main__][INFO] - resample 7/20 done
[2026-07-21 16:52:45,701][__main__][INFO] - resample 8/20 done
[2026-07-21 16:52:45,929][__main__][INFO] - resample 9/20 done
[2026-07-21 16:52:46,162][__main__][INFO] - resample 10/20 done
[2026-07-21 16:52:46,420][__main__][INFO] - resample 11/20 done
[2026-07-21 16:52:46,651][__main__][INFO] - resample 12/20 done
[2026-07-21 16:52:46,914][__main__][INFO] - resample 13/20 done
[2026-07-21 16:52:47,132][__main__][INFO] - resample 14/20 done
[2026-07-21 16:52:47,389][__main__][INFO] - resample 15/20 done
[2026-07-21 16:52:47,593][__main__][INFO] - resample 16/20 done
[2026-07-21 16:52:47,839][__main__][INFO] - resample 17/20 done
[2026-07-21 16:52:48,056][__main__][INFO] - resample 18/20 done
[2026-07-21 16:52:48,193][__main__][INFO] - resample 19/20 done
[2026-07-21 16:52:48,429][__main__][INFO] - resample 20/20 done
[2026-07-21 16:52:48,482][__main__][INFO] - S1 german/optbinning_fixed: hausdorff=0.02832 auc=0.5628
[2026-07-21 16:52:48,485][HYDRA] 	#1 : dataset=german seed=1 arms=[optbinning_fixed] out=outputs/s1_fixcount
[2026-07-21 16:52:48,842][__main__][INFO] - resample 1/20 done
[2026-07-21 16:52:49,087][__main__][INFO] - resample 2/20 done
[2026-07-21 16:52:49,232][__main__][INFO] - resample 3/20 done
[2026-07-21 16:52:49,483][__main__][INFO] - resample 4/20 done
[2026-07-21 16:52:49,673][__main__][INFO] - resample 5/20 done
[2026-07-21 16:52:49,917][__main__][INFO] - resample 6/20 done
[2026-07-21 16:52:50,102][__main__][INFO] - resample 7/20 done
[2026-07-21 16:52:50,357][__main__][INFO] - resample 8/20 done
[2026-07-21 16:52:50,601][__main__][INFO] - resample 9/20 done
[2026-07-21 16:52:50,804][__main__][INFO] - resample 10/20 done
[2026-07-21 16:52:50,982][__main__][INFO] - resample 11/20 done
[2026-07-21 16:52:51,201][__main__][INFO] - resample 12/20 done
[2026-07-21 16:52:51,493][__main__][INFO] - resample 13/20 done
[2026-07-21 16:52:51,687][__main__][INFO] - resample 14/20 done
[2026-07-21 16:52:51,957][__main__][INFO] - resample 15/20 done
[2026-07-21 16:52:52,182][__main__][INFO] - resample 16/20 done
[2026-07-21 16:52:52,435][__main__][INFO] - resample 17/20 done
[2026-07-21 16:52:52,638][__main__][INFO] - resample 18/20 done
[2026-07-21 16:52:52,873][__main__][INFO] - resample 19/20 done
[2026-07-21 16:52:53,142][__main__][INFO] - resample 20/20 done
[2026-07-21 16:52:53,155][__main__][INFO] - S1 german/optbinning_fixed: hausdorff=0.02244 auc=0.5778
[2026-07-21 16:52:53,156][HYDRA] 	#2 : dataset=german seed=2 arms=[optbinning_fixed] out=outputs/s1_fixcount
[2026-07-21 16:52:53,504][__main__][INFO] - resample 1/20 done
[2026-07-21 16:52:53,723][__main__][INFO] - resample 2/20 done
[2026-07-21 16:52:53,984][__main__][INFO] - resample 3/20 done
[2026-07-21 16:52:54,206][__main__][INFO] - resample 4/20 done
[2026-07-21 16:52:54,413][__main__][INFO] - resample 5/20 done
[2026-07-21 16:52:54,640][__main__][INFO] - resample 6/20 done
[2026-07-21 16:52:54,873][__main__][INFO] - resample 7/20 done
[2026-07-21 16:52:55,131][__main__][INFO] - resample 8/20 done
[2026-07-21 16:52:55,370][__main__][INFO] - resample 9/20 done
[2026-07-21 16:52:55,635][__main__][INFO] - resample 10/20 done
[2026-07-21 16:52:55,893][__main__][INFO] - resample 11/20 done
[2026-07-21 16:52:56,100][__main__][INFO] - resample 12/20 done
[2026-07-21 16:52:56,289][__main__][INFO] - resample 13/20 done
[2026-07-21 16:52:56,412][__main__][INFO] - resample 14/20 done
[2026-07-21 16:52:56,642][__main__][INFO] - resample 15/20 done
[2026-07-21 16:52:56,912][__main__][INFO] - resample 16/20 done
[2026-07-21 16:52:57,172][__main__][INFO] - resample 17/20 done
[2026-07-21 16:52:57,401][__main__][INFO] - resample 18/20 done
[2026-07-21 16:52:57,599][__main__][INFO] - resample 19/20 done
[2026-07-21 16:52:57,845][__main__][INFO] - resample 20/20 done
[2026-07-21 16:52:57,864][__main__][INFO] - S1 german/optbinning_fixed: hausdorff=0.01806 auc=0.5785
[2026-07-21 16:52:57,867][HYDRA] 	#3 : dataset=german seed=3 arms=[optbinning_fixed] out=outputs/s1_fixcount
[2026-07-21 16:52:58,181][__main__][INFO] - resample 1/20 done
[2026-07-21 16:52:58,375][__main__][INFO] - resample 2/20 done
[2026-07-21 16:52:58,617][__main__][INFO] - resample 3/20 done
[2026-07-21 16:52:58,816][__main__][INFO] - resample 4/20 done
[2026-07-21 16:52:59,040][__main__][INFO] - resample 5/20 done
[2026-07-21 16:52:59,274][__main__][INFO] - resample 6/20 done
[2026-07-21 16:52:59,469][__main__][INFO] - resample 7/20 done
[2026-07-21 16:52:59,724][__main__][INFO] - resample 8/20 done
[2026-07-21 16:52:59,936][__main__][INFO] - resample 9/20 done
[2026-07-21 16:53:00,156][__main__][INFO] - resample 10/20 done
[2026-07-21 16:53:00,314][__main__][INFO] - resample 11/20 done
[2026-07-21 16:53:00,477][__main__][INFO] - resample 12/20 done
[2026-07-21 16:53:00,727][__main__][INFO] - resample 13/20 done
[2026-07-21 16:53:00,937][__main__][INFO] - resample 14/20 done
[2026-07-21 16:53:01,133][__main__][INFO] - resample 15/20 done
[2026-07-21 16:53:01,337][__main__][INFO] - resample 16/20 done
[2026-07-21 16:53:01,604][__main__][INFO] - resample 17/20 done
[2026-07-21 16:53:01,807][__main__][INFO] - resample 18/20 done
[2026-07-21 16:53:02,026][__main__][INFO] - resample 19/20 done
[2026-07-21 16:53:02,273][__main__][INFO] - resample 20/20 done
[2026-07-21 16:53:02,287][__main__][INFO] - S1 german/optbinning_fixed: hausdorff=0.01428 auc=0.5703
[2026-07-21 16:53:02,288][HYDRA] 	#4 : dataset=german seed=4 arms=[optbinning_fixed] out=outputs/s1_fixcount
[2026-07-21 16:53:02,624][__main__][INFO] - resample 1/20 done
[2026-07-21 16:53:02,851][__main__][INFO] - resample 2/20 done
[2026-07-21 16:53:03,150][__main__][INFO] - resample 3/20 done
[2026-07-21 16:53:03,391][__main__][INFO] - resample 4/20 done
[2026-07-21 16:53:03,603][__main__][INFO] - resample 5/20 done
[2026-07-21 16:53:03,833][__main__][INFO] - resample 6/20 done
[2026-07-21 16:53:04,091][__main__][INFO] - resample 7/20 done
[2026-07-21 16:53:04,202][__main__][INFO] - resample 8/20 done
[2026-07-21 16:53:04,469][__main__][INFO] - resample 9/20 done
[2026-07-21 16:53:04,690][__main__][INFO] - resample 10/20 done
[2026-07-21 16:53:04,894][__main__][INFO] - resample 11/20 done
[2026-07-21 16:53:05,146][__main__][INFO] - resample 12/20 done
[2026-07-21 16:53:05,408][__main__][INFO] - resample 13/20 done
[2026-07-21 16:53:05,611][__main__][INFO] - resample 14/20 done
[2026-07-21 16:53:05,829][__main__][INFO] - resample 15/20 done
[2026-07-21 16:53:05,961][__main__][INFO] - resample 16/20 done
[2026-07-21 16:53:06,201][__main__][INFO] - resample 17/20 done
[2026-07-21 16:53:06,409][__main__][INFO] - resample 18/20 done
[2026-07-21 16:53:06,702][__main__][INFO] - resample 19/20 done
[2026-07-21 16:53:06,971][__main__][INFO] - resample 20/20 done
[2026-07-21 16:53:07,004][__main__][INFO] - S1 german/optbinning_fixed: hausdorff=0.02423 auc=0.5813
[2026-07-21 16:53:07,007][HYDRA] 	#5 : dataset=taiwan seed=0 arms=[optbinning_fixed] out=outputs/s1_fixcount
[2026-07-21 16:53:08,196][__main__][INFO] - resample 1/20 done
[2026-07-21 16:53:09,298][__main__][INFO] - resample 2/20 done
[2026-07-21 16:53:10,315][__main__][INFO] - resample 3/20 done
[2026-07-21 16:53:11,307][__main__][INFO] - resample 4/20 done
[2026-07-21 16:53:12,237][__main__][INFO] - resample 5/20 done
[2026-07-21 16:53:13,427][__main__][INFO] - resample 6/20 done
[2026-07-21 16:53:14,514][__main__][INFO] - resample 7/20 done
[2026-07-21 16:53:15,439][__main__][INFO] - resample 8/20 done
[2026-07-21 16:53:16,564][__main__][INFO] - resample 9/20 done
[2026-07-21 16:53:17,587][__main__][INFO] - resample 10/20 done
[2026-07-21 16:53:18,585][__main__][INFO] - resample 11/20 done
[2026-07-21 16:53:19,631][__main__][INFO] - resample 12/20 done
[2026-07-21 16:53:20,673][__main__][INFO] - resample 13/20 done
[2026-07-21 16:53:21,607][__main__][INFO] - resample 14/20 done
[2026-07-21 16:53:22,711][__main__][INFO] - resample 15/20 done
[2026-07-21 16:53:23,746][__main__][INFO] - resample 16/20 done
[2026-07-21 16:53:24,729][__main__][INFO] - resample 17/20 done
[2026-07-21 16:53:25,901][__main__][INFO] - resample 18/20 done
[2026-07-21 16:53:26,926][__main__][INFO] - resample 19/20 done
[2026-07-21 16:53:27,958][__main__][INFO] - resample 20/20 done
[2026-07-21 16:53:27,985][__main__][INFO] - S1 taiwan/optbinning_fixed: hausdorff=0.01875 auc=0.6651
[2026-07-21 16:53:27,989][HYDRA] 	#6 : dataset=taiwan seed=1 arms=[optbinning_fixed] out=outputs/s1_fixcount
[2026-07-21 16:53:29,200][__main__][INFO] - resample 1/20 done
[2026-07-21 16:53:30,125][__main__][INFO] - resample 2/20 done
[2026-07-21 16:53:31,168][__main__][INFO] - resample 3/20 done
[2026-07-21 16:53:32,129][__main__][INFO] - resample 4/20 done
[2026-07-21 16:53:33,110][__main__][INFO] - resample 5/20 done
[2026-07-21 16:53:34,042][__main__][INFO] - resample 6/20 done
[2026-07-21 16:53:35,143][__main__][INFO] - resample 7/20 done
[2026-07-21 16:53:36,095][__main__][INFO] - resample 8/20 done
[2026-07-21 16:53:37,036][__main__][INFO] - resample 9/20 done
[2026-07-21 16:53:37,988][__main__][INFO] - resample 10/20 done
[2026-07-21 16:53:39,020][__main__][INFO] - resample 11/20 done
[2026-07-21 16:53:40,047][__main__][INFO] - resample 12/20 done
[2026-07-21 16:53:41,070][__main__][INFO] - resample 13/20 done
[2026-07-21 16:53:42,169][__main__][INFO] - resample 14/20 done
[2026-07-21 16:53:43,182][__main__][INFO] - resample 15/20 done
[2026-07-21 16:53:44,185][__main__][INFO] - resample 16/20 done
[2026-07-21 16:53:45,153][__main__][INFO] - resample 17/20 done
[2026-07-21 16:53:46,150][__main__][INFO] - resample 18/20 done
[2026-07-21 16:53:47,048][__main__][INFO] - resample 19/20 done
[2026-07-21 16:53:48,001][__main__][INFO] - resample 20/20 done
[2026-07-21 16:53:48,026][__main__][INFO] - S1 taiwan/optbinning_fixed: hausdorff=0.01636 auc=0.6546
[2026-07-21 16:53:48,030][HYDRA] 	#7 : dataset=taiwan seed=2 arms=[optbinning_fixed] out=outputs/s1_fixcount
[2026-07-21 16:53:49,309][__main__][INFO] - resample 1/20 done
[2026-07-21 16:53:50,293][__main__][INFO] - resample 2/20 done
[2026-07-21 16:53:51,280][__main__][INFO] - resample 3/20 done
[2026-07-21 16:53:52,265][__main__][INFO] - resample 4/20 done
[2026-07-21 16:53:53,285][__main__][INFO] - resample 5/20 done
[2026-07-21 16:53:54,333][__main__][INFO] - resample 6/20 done
[2026-07-21 16:53:55,416][__main__][INFO] - resample 7/20 done
[2026-07-21 16:53:56,412][__main__][INFO] - resample 8/20 done
[2026-07-21 16:53:57,464][__main__][INFO] - resample 9/20 done
[2026-07-21 16:53:58,438][__main__][INFO] - resample 10/20 done
[2026-07-21 16:53:59,459][__main__][INFO] - resample 11/20 done
[2026-07-21 16:54:00,348][__main__][INFO] - resample 12/20 done
[2026-07-21 16:54:01,318][__main__][INFO] - resample 13/20 done
[2026-07-21 16:54:02,291][__main__][INFO] - resample 14/20 done
[2026-07-21 16:54:03,216][__main__][INFO] - resample 15/20 done
[2026-07-21 16:54:04,209][__main__][INFO] - resample 16/20 done
[2026-07-21 16:54:05,233][__main__][INFO] - resample 17/20 done
[2026-07-21 16:54:06,192][__main__][INFO] - resample 18/20 done
[2026-07-21 16:54:07,179][__main__][INFO] - resample 19/20 done
[2026-07-21 16:54:08,148][__main__][INFO] - resample 20/20 done
[2026-07-21 16:54:08,171][__main__][INFO] - S1 taiwan/optbinning_fixed: hausdorff=0.01321 auc=0.6494
[2026-07-21 16:54:08,175][HYDRA] 	#8 : dataset=taiwan seed=3 arms=[optbinning_fixed] out=outputs/s1_fixcount
[2026-07-21 16:54:09,351][__main__][INFO] - resample 1/20 done
[2026-07-21 16:54:10,435][__main__][INFO] - resample 2/20 done
[2026-07-21 16:54:11,436][__main__][INFO] - resample 3/20 done
[2026-07-21 16:54:12,426][__main__][INFO] - resample 4/20 done
[2026-07-21 16:54:13,483][__main__][INFO] - resample 5/20 done
[2026-07-21 16:54:14,467][__main__][INFO] - resample 6/20 done
[2026-07-21 16:54:15,378][__main__][INFO] - resample 7/20 done
[2026-07-21 16:54:16,283][__main__][INFO] - resample 8/20 done
[2026-07-21 16:54:17,318][__main__][INFO] - resample 9/20 done
[2026-07-21 16:54:18,331][__main__][INFO] - resample 10/20 done
[2026-07-21 16:54:19,274][__main__][INFO] - resample 11/20 done
[2026-07-21 16:54:20,211][__main__][INFO] - resample 12/20 done
[2026-07-21 16:54:21,121][__main__][INFO] - resample 13/20 done
[2026-07-21 16:54:22,216][__main__][INFO] - resample 14/20 done
[2026-07-21 16:54:23,224][__main__][INFO] - resample 15/20 done
[2026-07-21 16:54:24,249][__main__][INFO] - resample 16/20 done
[2026-07-21 16:54:25,333][__main__][INFO] - resample 17/20 done
[2026-07-21 16:54:26,263][__main__][INFO] - resample 18/20 done
[2026-07-21 16:54:27,206][__main__][INFO] - resample 19/20 done
[2026-07-21 16:54:28,222][__main__][INFO] - resample 20/20 done
[2026-07-21 16:54:28,244][__main__][INFO] - S1 taiwan/optbinning_fixed: hausdorff=0.01683 auc=0.6485
[2026-07-21 16:54:28,246][HYDRA] 	#9 : dataset=taiwan seed=4 arms=[optbinning_fixed] out=outputs/s1_fixcount
[2026-07-21 16:54:29,433][__main__][INFO] - resample 1/20 done
[2026-07-21 16:54:30,442][__main__][INFO] - resample 2/20 done
[2026-07-21 16:54:31,444][__main__][INFO] - resample 3/20 done
[2026-07-21 16:54:32,493][__main__][INFO] - resample 4/20 done
[2026-07-21 16:54:33,509][__main__][INFO] - resample 5/20 done
[2026-07-21 16:54:34,461][__main__][INFO] - resample 6/20 done
[2026-07-21 16:54:35,353][__main__][INFO] - resample 7/20 done
[2026-07-21 16:54:36,352][__main__][INFO] - resample 8/20 done
[2026-07-21 16:54:37,419][__main__][INFO] - resample 9/20 done
[2026-07-21 16:54:38,432][__main__][INFO] - resample 10/20 done
[2026-07-21 16:54:39,407][__main__][INFO] - resample 11/20 done
[2026-07-21 16:54:40,388][__main__][INFO] - resample 12/20 done
[2026-07-21 16:54:41,380][__main__][INFO] - resample 13/20 done
[2026-07-21 16:54:42,358][__main__][INFO] - resample 14/20 done
[2026-07-21 16:54:43,366][__main__][INFO] - resample 15/20 done
[2026-07-21 16:54:44,414][__main__][INFO] - resample 16/20 done
[2026-07-21 16:54:45,364][__main__][INFO] - resample 17/20 done
[2026-07-21 16:54:46,301][__main__][INFO] - resample 18/20 done
[2026-07-21 16:54:47,252][__main__][INFO] - resample 19/20 done
[2026-07-21 16:54:48,216][__main__][INFO] - resample 20/20 done
[2026-07-21 16:54:48,238][__main__][INFO] - S1 taiwan/optbinning_fixed: hausdorff=0.01750 auc=0.6529
[2026-07-21 16:54:48,242][HYDRA] 	#10 : dataset=gmsc seed=0 arms=[optbinning_fixed] out=outputs/s1_fixcount
[2026-07-21 16:54:49,577][__main__][INFO] - resample 1/20 done
[2026-07-21 16:54:50,716][__main__][INFO] - resample 2/20 done
[2026-07-21 16:54:52,117][__main__][INFO] - resample 3/20 done
[2026-07-21 16:54:53,266][__main__][INFO] - resample 4/20 done
[2026-07-21 16:54:54,457][__main__][INFO] - resample 5/20 done
[2026-07-21 16:54:55,526][__main__][INFO] - resample 6/20 done
[2026-07-21 16:54:56,662][__main__][INFO] - resample 7/20 done
[2026-07-21 16:54:57,657][__main__][INFO] - resample 8/20 done
[2026-07-21 16:54:58,885][__main__][INFO] - resample 9/20 done
[2026-07-21 16:54:59,976][__main__][INFO] - resample 10/20 done
[2026-07-21 16:55:01,117][__main__][INFO] - resample 11/20 done
[2026-07-21 16:55:02,387][__main__][INFO] - resample 12/20 done
[2026-07-21 16:55:03,437][__main__][INFO] - resample 13/20 done
[2026-07-21 16:55:04,510][__main__][INFO] - resample 14/20 done
[2026-07-21 16:55:05,654][__main__][INFO] - resample 15/20 done
[2026-07-21 16:55:06,705][__main__][INFO] - resample 16/20 done
[2026-07-21 16:55:07,766][__main__][INFO] - resample 17/20 done
[2026-07-21 16:55:08,796][__main__][INFO] - resample 18/20 done
[2026-07-21 16:55:09,807][__main__][INFO] - resample 19/20 done
[2026-07-21 16:55:11,016][__main__][INFO] - resample 20/20 done
[2026-07-21 16:55:11,059][__main__][INFO] - S1 gmsc/optbinning_fixed: hausdorff=0.03221 auc=0.7884
[2026-07-21 16:55:11,065][HYDRA] 	#11 : dataset=gmsc seed=1 arms=[optbinning_fixed] out=outputs/s1_fixcount
[2026-07-21 16:55:12,477][__main__][INFO] - resample 1/20 done
[2026-07-21 16:55:13,415][__main__][INFO] - resample 2/20 done
[2026-07-21 16:55:14,260][__main__][INFO] - resample 3/20 done
[2026-07-21 16:55:15,170][__main__][INFO] - resample 4/20 done
[2026-07-21 16:55:16,306][__main__][INFO] - resample 5/20 done
[2026-07-21 16:55:17,255][__main__][INFO] - resample 6/20 done
[2026-07-21 16:55:18,327][__main__][INFO] - resample 7/20 done
[2026-07-21 16:55:19,254][__main__][INFO] - resample 8/20 done
[2026-07-21 16:55:20,253][__main__][INFO] - resample 9/20 done
[2026-07-21 16:55:21,316][__main__][INFO] - resample 10/20 done
[2026-07-21 16:55:22,436][__main__][INFO] - resample 11/20 done
[2026-07-21 16:55:23,585][__main__][INFO] - resample 12/20 done
[2026-07-21 16:55:24,806][__main__][INFO] - resample 13/20 done
[2026-07-21 16:55:25,915][__main__][INFO] - resample 14/20 done
[2026-07-21 16:55:26,836][__main__][INFO] - resample 15/20 done
[2026-07-21 16:55:27,925][__main__][INFO] - resample 16/20 done
[2026-07-21 16:55:29,026][__main__][INFO] - resample 17/20 done
[2026-07-21 16:55:30,185][__main__][INFO] - resample 18/20 done
[2026-07-21 16:55:31,020][__main__][INFO] - resample 19/20 done
[2026-07-21 16:55:32,105][__main__][INFO] - resample 20/20 done
[2026-07-21 16:55:32,144][__main__][INFO] - S1 gmsc/optbinning_fixed: hausdorff=0.03633 auc=0.7862
[2026-07-21 16:55:32,149][HYDRA] 	#12 : dataset=gmsc seed=2 arms=[optbinning_fixed] out=outputs/s1_fixcount
[2026-07-21 16:55:33,667][__main__][INFO] - resample 1/20 done
[2026-07-21 16:55:34,646][__main__][INFO] - resample 2/20 done
[2026-07-21 16:55:35,522][__main__][INFO] - resample 3/20 done
[2026-07-21 16:55:36,716][__main__][INFO] - resample 4/20 done
[2026-07-21 16:55:37,757][__main__][INFO] - resample 5/20 done
[2026-07-21 16:55:38,695][__main__][INFO] - resample 6/20 done
[2026-07-21 16:55:39,552][__main__][INFO] - resample 7/20 done
[2026-07-21 16:55:40,836][__main__][INFO] - resample 8/20 done
[2026-07-21 16:55:41,837][__main__][INFO] - resample 9/20 done
[2026-07-21 16:55:42,885][__main__][INFO] - resample 10/20 done
[2026-07-21 16:55:43,967][__main__][INFO] - resample 11/20 done
[2026-07-21 16:55:45,096][__main__][INFO] - resample 12/20 done
[2026-07-21 16:55:45,997][__main__][INFO] - resample 13/20 done
[2026-07-21 16:55:47,176][__main__][INFO] - resample 14/20 done
[2026-07-21 16:55:48,344][__main__][INFO] - resample 15/20 done
[2026-07-21 16:55:49,736][__main__][INFO] - resample 16/20 done
[2026-07-21 16:55:50,836][__main__][INFO] - resample 17/20 done
[2026-07-21 16:55:51,836][__main__][INFO] - resample 18/20 done
[2026-07-21 16:55:52,926][__main__][INFO] - resample 19/20 done
[2026-07-21 16:55:54,005][__main__][INFO] - resample 20/20 done
[2026-07-21 16:55:54,039][__main__][INFO] - S1 gmsc/optbinning_fixed: hausdorff=0.03931 auc=0.7903
[2026-07-21 16:55:54,045][HYDRA] 	#13 : dataset=gmsc seed=3 arms=[optbinning_fixed] out=outputs/s1_fixcount
[2026-07-21 16:55:55,457][__main__][INFO] - resample 1/20 done
[2026-07-21 16:55:56,586][__main__][INFO] - resample 2/20 done
[2026-07-21 16:55:57,737][__main__][INFO] - resample 3/20 done
[2026-07-21 16:55:58,906][__main__][INFO] - resample 4/20 done
[2026-07-21 16:56:00,277][__main__][INFO] - resample 5/20 done
[2026-07-21 16:56:01,366][__main__][INFO] - resample 6/20 done
[2026-07-21 16:56:02,704][__main__][INFO] - resample 7/20 done
[2026-07-21 16:56:04,007][__main__][INFO] - resample 8/20 done
[2026-07-21 16:56:05,307][__main__][INFO] - resample 9/20 done
[2026-07-21 16:56:06,492][__main__][INFO] - resample 10/20 done
[2026-07-21 16:56:07,846][__main__][INFO] - resample 11/20 done
[2026-07-21 16:56:08,935][__main__][INFO] - resample 12/20 done
[2026-07-21 16:56:09,981][__main__][INFO] - resample 13/20 done
[2026-07-21 16:56:11,185][__main__][INFO] - resample 14/20 done
[2026-07-21 16:56:12,353][__main__][INFO] - resample 15/20 done
[2026-07-21 16:56:13,455][__main__][INFO] - resample 16/20 done
[2026-07-21 16:56:14,607][__main__][INFO] - resample 17/20 done
[2026-07-21 16:56:15,786][__main__][INFO] - resample 18/20 done
[2026-07-21 16:56:17,107][__main__][INFO] - resample 19/20 done
[2026-07-21 16:56:18,226][__main__][INFO] - resample 20/20 done
[2026-07-21 16:56:18,267][__main__][INFO] - S1 gmsc/optbinning_fixed: hausdorff=0.03423 auc=0.7868
[2026-07-21 16:56:18,273][HYDRA] 	#14 : dataset=gmsc seed=4 arms=[optbinning_fixed] out=outputs/s1_fixcount
[2026-07-21 16:56:19,687][__main__][INFO] - resample 1/20 done
[2026-07-21 16:56:20,937][__main__][INFO] - resample 2/20 done
[2026-07-21 16:56:22,037][__main__][INFO] - resample 3/20 done
[2026-07-21 16:56:23,307][__main__][INFO] - resample 4/20 done
[2026-07-21 16:56:24,326][__main__][INFO] - resample 5/20 done
[2026-07-21 16:56:25,466][__main__][INFO] - resample 6/20 done
[2026-07-21 16:56:26,506][__main__][INFO] - resample 7/20 done
[2026-07-21 16:56:27,556][__main__][INFO] - resample 8/20 done
[2026-07-21 16:56:28,488][__main__][INFO] - resample 9/20 done
[2026-07-21 16:56:29,615][__main__][INFO] - resample 10/20 done
[2026-07-21 16:56:30,775][__main__][INFO] - resample 11/20 done
[2026-07-21 16:56:31,975][__main__][INFO] - resample 12/20 done
[2026-07-21 16:56:33,228][__main__][INFO] - resample 13/20 done
[2026-07-21 16:56:34,395][__main__][INFO] - resample 14/20 done
[2026-07-21 16:56:35,517][__main__][INFO] - resample 15/20 done
[2026-07-21 16:56:36,525][__main__][INFO] - resample 16/20 done
[2026-07-21 16:56:37,556][__main__][INFO] - resample 17/20 done
[2026-07-21 16:56:38,612][__main__][INFO] - resample 18/20 done
[2026-07-21 16:56:39,797][__main__][INFO] - resample 19/20 done
[2026-07-21 16:56:40,845][__main__][INFO] - resample 20/20 done
[2026-07-21 16:56:40,911][__main__][INFO] - S1 gmsc/optbinning_fixed: hausdorff=0.03505 auc=0.7862
[2026-07-21 16:56:40,917][HYDRA] 	#15 : dataset=adult seed=0 arms=[optbinning_fixed] out=outputs/s1_fixcount
[2026-07-21 16:56:41,437][__main__][INFO] - resample 1/20 done
[2026-07-21 16:56:41,766][__main__][INFO] - resample 2/20 done
[2026-07-21 16:56:42,175][__main__][INFO] - resample 3/20 done
[2026-07-21 16:56:42,461][__main__][INFO] - resample 4/20 done
[2026-07-21 16:56:42,771][__main__][INFO] - resample 5/20 done
[2026-07-21 16:56:43,113][__main__][INFO] - resample 6/20 done
[2026-07-21 16:56:43,418][__main__][INFO] - resample 7/20 done
[2026-07-21 16:56:43,699][__main__][INFO] - resample 8/20 done
[2026-07-21 16:56:44,009][__main__][INFO] - resample 9/20 done
[2026-07-21 16:56:44,333][__main__][INFO] - resample 10/20 done
[2026-07-21 16:56:44,598][__main__][INFO] - resample 11/20 done
[2026-07-21 16:56:44,863][__main__][INFO] - resample 12/20 done
[2026-07-21 16:56:45,201][__main__][INFO] - resample 13/20 done
[2026-07-21 16:56:45,483][__main__][INFO] - resample 14/20 done
[2026-07-21 16:56:45,804][__main__][INFO] - resample 15/20 done
[2026-07-21 16:56:46,131][__main__][INFO] - resample 16/20 done
[2026-07-21 16:56:46,427][__main__][INFO] - resample 17/20 done
[2026-07-21 16:56:46,762][__main__][INFO] - resample 18/20 done
[2026-07-21 16:56:47,037][__main__][INFO] - resample 19/20 done
[2026-07-21 16:56:47,361][__main__][INFO] - resample 20/20 done
[2026-07-21 16:56:47,376][__main__][INFO] - S1 adult/optbinning_fixed: hausdorff=0.01520 auc=0.7118
[2026-07-21 16:56:47,378][HYDRA] 	#16 : dataset=adult seed=1 arms=[optbinning_fixed] out=outputs/s1_fixcount
[2026-07-21 16:56:47,886][__main__][INFO] - resample 1/20 done
[2026-07-21 16:56:48,183][__main__][INFO] - resample 2/20 done
[2026-07-21 16:56:48,442][__main__][INFO] - resample 3/20 done
[2026-07-21 16:56:48,722][__main__][INFO] - resample 4/20 done
[2026-07-21 16:56:49,042][__main__][INFO] - resample 5/20 done
[2026-07-21 16:56:49,336][__main__][INFO] - resample 6/20 done
[2026-07-21 16:56:49,669][__main__][INFO] - resample 7/20 done
[2026-07-21 16:56:50,023][__main__][INFO] - resample 8/20 done
[2026-07-21 16:56:50,311][__main__][INFO] - resample 9/20 done
[2026-07-21 16:56:50,611][__main__][INFO] - resample 10/20 done
[2026-07-21 16:56:50,893][__main__][INFO] - resample 11/20 done
[2026-07-21 16:56:51,208][__main__][INFO] - resample 12/20 done
[2026-07-21 16:56:51,567][__main__][INFO] - resample 13/20 done
[2026-07-21 16:56:51,880][__main__][INFO] - resample 14/20 done
[2026-07-21 16:56:52,182][__main__][INFO] - resample 15/20 done
[2026-07-21 16:56:52,457][__main__][INFO] - resample 16/20 done
[2026-07-21 16:56:52,752][__main__][INFO] - resample 17/20 done
[2026-07-21 16:56:53,120][__main__][INFO] - resample 18/20 done
[2026-07-21 16:56:53,404][__main__][INFO] - resample 19/20 done
[2026-07-21 16:56:53,713][__main__][INFO] - resample 20/20 done
[2026-07-21 16:56:53,732][__main__][INFO] - S1 adult/optbinning_fixed: hausdorff=0.01447 auc=0.7003
[2026-07-21 16:56:53,734][HYDRA] 	#17 : dataset=adult seed=2 arms=[optbinning_fixed] out=outputs/s1_fixcount
[2026-07-21 16:56:54,185][__main__][INFO] - resample 1/20 done
[2026-07-21 16:56:54,479][__main__][INFO] - resample 2/20 done
[2026-07-21 16:56:54,688][__main__][INFO] - resample 3/20 done
[2026-07-21 16:56:55,045][__main__][INFO] - resample 4/20 done
[2026-07-21 16:56:55,415][__main__][INFO] - resample 5/20 done
[2026-07-21 16:56:55,700][__main__][INFO] - resample 6/20 done
[2026-07-21 16:56:56,031][__main__][INFO] - resample 7/20 done
[2026-07-21 16:56:56,329][__main__][INFO] - resample 8/20 done
[2026-07-21 16:56:56,613][__main__][INFO] - resample 9/20 done
[2026-07-21 16:56:56,949][__main__][INFO] - resample 10/20 done
[2026-07-21 16:56:57,278][__main__][INFO] - resample 11/20 done
[2026-07-21 16:56:57,593][__main__][INFO] - resample 12/20 done
[2026-07-21 16:56:57,971][__main__][INFO] - resample 13/20 done
[2026-07-21 16:56:58,251][__main__][INFO] - resample 14/20 done
[2026-07-21 16:56:58,565][__main__][INFO] - resample 15/20 done
[2026-07-21 16:56:58,882][__main__][INFO] - resample 16/20 done
[2026-07-21 16:56:59,204][__main__][INFO] - resample 17/20 done
[2026-07-21 16:56:59,561][__main__][INFO] - resample 18/20 done
[2026-07-21 16:56:59,900][__main__][INFO] - resample 19/20 done
[2026-07-21 16:57:00,262][__main__][INFO] - resample 20/20 done
[2026-07-21 16:57:00,281][__main__][INFO] - S1 adult/optbinning_fixed: hausdorff=0.01184 auc=0.6988
[2026-07-21 16:57:00,282][HYDRA] 	#18 : dataset=adult seed=3 arms=[optbinning_fixed] out=outputs/s1_fixcount
[2026-07-21 16:57:00,804][__main__][INFO] - resample 1/20 done
[2026-07-21 16:57:01,129][__main__][INFO] - resample 2/20 done
[2026-07-21 16:57:01,358][__main__][INFO] - resample 3/20 done
[2026-07-21 16:57:01,650][__main__][INFO] - resample 4/20 done
[2026-07-21 16:57:01,969][__main__][INFO] - resample 5/20 done
[2026-07-21 16:57:02,296][__main__][INFO] - resample 6/20 done
[2026-07-21 16:57:02,528][__main__][INFO] - resample 7/20 done
[2026-07-21 16:57:02,868][__main__][INFO] - resample 8/20 done
[2026-07-21 16:57:03,217][__main__][INFO] - resample 9/20 done
[2026-07-21 16:57:03,557][__main__][INFO] - resample 10/20 done
[2026-07-21 16:57:03,846][__main__][INFO] - resample 11/20 done
[2026-07-21 16:57:04,159][__main__][INFO] - resample 12/20 done
[2026-07-21 16:57:04,447][__main__][INFO] - resample 13/20 done
[2026-07-21 16:57:04,776][__main__][INFO] - resample 14/20 done
[2026-07-21 16:57:05,113][__main__][INFO] - resample 15/20 done
[2026-07-21 16:57:05,473][__main__][INFO] - resample 16/20 done
[2026-07-21 16:57:05,688][__main__][INFO] - resample 17/20 done
[2026-07-21 16:57:06,025][__main__][INFO] - resample 18/20 done
[2026-07-21 16:57:06,357][__main__][INFO] - resample 19/20 done
[2026-07-21 16:57:06,676][__main__][INFO] - resample 20/20 done
[2026-07-21 16:57:06,700][__main__][INFO] - S1 adult/optbinning_fixed: hausdorff=0.02956 auc=0.7134
[2026-07-21 16:57:06,702][HYDRA] 	#19 : dataset=adult seed=4 arms=[optbinning_fixed] out=outputs/s1_fixcount
[2026-07-21 16:57:07,275][__main__][INFO] - resample 1/20 done
[2026-07-21 16:57:07,631][__main__][INFO] - resample 2/20 done
[2026-07-21 16:57:07,955][__main__][INFO] - resample 3/20 done
[2026-07-21 16:57:08,315][__main__][INFO] - resample 4/20 done
[2026-07-21 16:57:08,659][__main__][INFO] - resample 5/20 done
[2026-07-21 16:57:08,994][__main__][INFO] - resample 6/20 done
[2026-07-21 16:57:09,365][__main__][INFO] - resample 7/20 done
[2026-07-21 16:57:09,697][__main__][INFO] - resample 8/20 done
[2026-07-21 16:57:10,042][__main__][INFO] - resample 9/20 done
[2026-07-21 16:57:10,367][__main__][INFO] - resample 10/20 done
[2026-07-21 16:57:10,689][__main__][INFO] - resample 11/20 done
[2026-07-21 16:57:11,064][__main__][INFO] - resample 12/20 done
[2026-07-21 16:57:11,360][__main__][INFO] - resample 13/20 done
[2026-07-21 16:57:11,574][__main__][INFO] - resample 14/20 done
[2026-07-21 16:57:11,939][__main__][INFO] - resample 15/20 done
[2026-07-21 16:57:12,290][__main__][INFO] - resample 16/20 done
[2026-07-21 16:57:12,603][__main__][INFO] - resample 17/20 done
[2026-07-21 16:57:12,935][__main__][INFO] - resample 18/20 done
[2026-07-21 16:57:13,242][__main__][INFO] - resample 19/20 done
[2026-07-21 16:57:13,581][__main__][INFO] - resample 20/20 done
[2026-07-21 16:57:13,598][__main__][INFO] - S1 adult/optbinning_fixed: hausdorff=0.02170 auc=0.6996
