nohup: ignoring input
[2026-07-22 12:57:32,188][HYDRA] Launching 20 jobs locally
[2026-07-22 12:57:32,188][HYDRA] 	#0 : dataset=german seed=0 arms=[optbinning_fixed] out=outputs/s1_fixcount2
[2026-07-22 12:57:32,700][__main__][INFO] - fixed-count targets (bins/feature): [7, 8, 4, 3, 7, 2, 2]
[2026-07-22 12:57:32,945][__main__][INFO] - resample 1/20 done
[2026-07-22 12:57:33,275][__main__][INFO] - resample 2/20 done
[2026-07-22 12:57:33,538][__main__][INFO] - resample 3/20 done
[2026-07-22 12:57:33,789][__main__][INFO] - resample 4/20 done
[2026-07-22 12:57:34,044][__main__][INFO] - resample 5/20 done
[2026-07-22 12:57:34,253][__main__][INFO] - resample 6/20 done
[2026-07-22 12:57:34,518][__main__][INFO] - resample 7/20 done
[2026-07-22 12:57:34,740][__main__][INFO] - resample 8/20 done
[2026-07-22 12:57:34,990][__main__][INFO] - resample 9/20 done
[2026-07-22 12:57:35,238][__main__][INFO] - resample 10/20 done
[2026-07-22 12:57:35,519][__main__][INFO] - resample 11/20 done
[2026-07-22 12:57:35,790][__main__][INFO] - resample 12/20 done
[2026-07-22 12:57:36,063][__main__][INFO] - resample 13/20 done
[2026-07-22 12:57:36,303][__main__][INFO] - resample 14/20 done
[2026-07-22 12:57:36,592][__main__][INFO] - resample 15/20 done
[2026-07-22 12:57:36,828][__main__][INFO] - resample 16/20 done
[2026-07-22 12:57:37,116][__main__][INFO] - resample 17/20 done
[2026-07-22 12:57:37,356][__main__][INFO] - resample 18/20 done
[2026-07-22 12:57:37,518][__main__][INFO] - resample 19/20 done
[2026-07-22 12:57:37,797][__main__][INFO] - resample 20/20 done
[2026-07-22 12:57:37,848][__main__][INFO] - S1 german/optbinning_fixed: hausdorff=0.06073 auc=0.5880
[2026-07-22 12:57:37,853][HYDRA] 	#1 : dataset=german seed=1 arms=[optbinning_fixed] out=outputs/s1_fixcount2
[2026-07-22 12:57:38,292][__main__][INFO] - fixed-count targets (bins/feature): [7, 8, 4, 3, 6, 2, 2]
[2026-07-22 12:57:38,565][__main__][INFO] - resample 1/20 done
[2026-07-22 12:57:38,852][__main__][INFO] - resample 2/20 done
[2026-07-22 12:57:39,024][__main__][INFO] - resample 3/20 done
[2026-07-22 12:57:39,287][__main__][INFO] - resample 4/20 done
[2026-07-22 12:57:39,496][__main__][INFO] - resample 5/20 done
[2026-07-22 12:57:39,750][__main__][INFO] - resample 6/20 done
[2026-07-22 12:57:39,959][__main__][INFO] - resample 7/20 done
[2026-07-22 12:57:40,224][__main__][INFO] - resample 8/20 done
[2026-07-22 12:57:40,501][__main__][INFO] - resample 9/20 done
[2026-07-22 12:57:40,719][__main__][INFO] - resample 10/20 done
[2026-07-22 12:57:40,952][__main__][INFO] - resample 11/20 done
[2026-07-22 12:57:41,211][__main__][INFO] - resample 12/20 done
[2026-07-22 12:57:41,518][__main__][INFO] - resample 13/20 done
[2026-07-22 12:57:41,739][__main__][INFO] - resample 14/20 done
[2026-07-22 12:57:42,024][__main__][INFO] - resample 15/20 done
[2026-07-22 12:57:42,302][__main__][INFO] - resample 16/20 done
[2026-07-22 12:57:42,612][__main__][INFO] - resample 17/20 done
[2026-07-22 12:57:42,869][__main__][INFO] - resample 18/20 done
[2026-07-22 12:57:43,147][__main__][INFO] - resample 19/20 done
[2026-07-22 12:57:43,465][__main__][INFO] - resample 20/20 done
[2026-07-22 12:57:43,494][__main__][INFO] - S1 german/optbinning_fixed: hausdorff=0.06919 auc=0.6134
[2026-07-22 12:57:43,496][HYDRA] 	#2 : dataset=german seed=2 arms=[optbinning_fixed] out=outputs/s1_fixcount2
[2026-07-22 12:57:43,908][__main__][INFO] - fixed-count targets (bins/feature): [7, 6, 4, 2, 5, 2, 2]
[2026-07-22 12:57:44,174][__main__][INFO] - resample 1/20 done
[2026-07-22 12:57:44,449][__main__][INFO] - resample 2/20 done
[2026-07-22 12:57:44,765][__main__][INFO] - resample 3/20 done
[2026-07-22 12:57:45,021][__main__][INFO] - resample 4/20 done
[2026-07-22 12:57:45,274][__main__][INFO] - resample 5/20 done
[2026-07-22 12:57:45,523][__main__][INFO] - resample 6/20 done
[2026-07-22 12:57:45,803][__main__][INFO] - resample 7/20 done
[2026-07-22 12:57:46,092][__main__][INFO] - resample 8/20 done
[2026-07-22 12:57:46,361][__main__][INFO] - resample 9/20 done
[2026-07-22 12:57:46,660][__main__][INFO] - resample 10/20 done
[2026-07-22 12:57:46,980][__main__][INFO] - resample 11/20 done
[2026-07-22 12:57:47,259][__main__][INFO] - resample 12/20 done
[2026-07-22 12:57:47,494][__main__][INFO] - resample 13/20 done
[2026-07-22 12:57:47,669][__main__][INFO] - resample 14/20 done
[2026-07-22 12:57:47,936][__main__][INFO] - resample 15/20 done
[2026-07-22 12:57:48,242][__main__][INFO] - resample 16/20 done
[2026-07-22 12:57:48,557][__main__][INFO] - resample 17/20 done
[2026-07-22 12:57:48,812][__main__][INFO] - resample 18/20 done
[2026-07-22 12:57:49,089][__main__][INFO] - resample 19/20 done
[2026-07-22 12:57:49,385][__main__][INFO] - resample 20/20 done
[2026-07-22 12:57:49,413][__main__][INFO] - S1 german/optbinning_fixed: hausdorff=0.06824 auc=0.6381
[2026-07-22 12:57:49,415][HYDRA] 	#3 : dataset=german seed=3 arms=[optbinning_fixed] out=outputs/s1_fixcount2
[2026-07-22 12:57:49,818][__main__][INFO] - fixed-count targets (bins/feature): [6, 6, 4, 4, 5, 2, 2]
[2026-07-22 12:57:50,078][__main__][INFO] - resample 1/20 done
[2026-07-22 12:57:50,307][__main__][INFO] - resample 2/20 done
[2026-07-22 12:57:50,599][__main__][INFO] - resample 3/20 done
[2026-07-22 12:57:50,832][__main__][INFO] - resample 4/20 done
[2026-07-22 12:57:51,090][__main__][INFO] - resample 5/20 done
[2026-07-22 12:57:51,363][__main__][INFO] - resample 6/20 done
[2026-07-22 12:57:51,615][__main__][INFO] - resample 7/20 done
[2026-07-22 12:57:51,917][__main__][INFO] - resample 8/20 done
[2026-07-22 12:57:52,172][__main__][INFO] - resample 9/20 done
[2026-07-22 12:57:52,436][__main__][INFO] - resample 10/20 done
[2026-07-22 12:57:52,623][__main__][INFO] - resample 11/20 done
[2026-07-22 12:57:52,830][__main__][INFO] - resample 12/20 done
[2026-07-22 12:57:53,127][__main__][INFO] - resample 13/20 done
[2026-07-22 12:57:53,390][__main__][INFO] - resample 14/20 done
[2026-07-22 12:57:53,638][__main__][INFO] - resample 15/20 done
[2026-07-22 12:57:53,872][__main__][INFO] - resample 16/20 done
[2026-07-22 12:57:54,179][__main__][INFO] - resample 17/20 done
[2026-07-22 12:57:54,415][__main__][INFO] - resample 18/20 done
[2026-07-22 12:57:54,687][__main__][INFO] - resample 19/20 done
[2026-07-22 12:57:55,009][__main__][INFO] - resample 20/20 done
[2026-07-22 12:57:55,036][__main__][INFO] - S1 german/optbinning_fixed: hausdorff=0.06974 auc=0.6164
[2026-07-22 12:57:55,039][HYDRA] 	#4 : dataset=german seed=4 arms=[optbinning_fixed] out=outputs/s1_fixcount2
[2026-07-22 12:57:55,473][__main__][INFO] - fixed-count targets (bins/feature): [6, 7, 3, 3, 8, 2, 2]
[2026-07-22 12:57:55,732][__main__][INFO] - resample 1/20 done
[2026-07-22 12:57:55,984][__main__][INFO] - resample 2/20 done
[2026-07-22 12:57:56,322][__main__][INFO] - resample 3/20 done
[2026-07-22 12:57:56,589][__main__][INFO] - resample 4/20 done
[2026-07-22 12:57:56,818][__main__][INFO] - resample 5/20 done
[2026-07-22 12:57:57,069][__main__][INFO] - resample 6/20 done
[2026-07-22 12:57:57,354][__main__][INFO] - resample 7/20 done
[2026-07-22 12:57:57,498][__main__][INFO] - resample 8/20 done
[2026-07-22 12:57:57,782][__main__][INFO] - resample 9/20 done
[2026-07-22 12:57:58,022][__main__][INFO] - resample 10/20 done
[2026-07-22 12:57:58,245][__main__][INFO] - resample 11/20 done
[2026-07-22 12:57:58,507][__main__][INFO] - resample 12/20 done
[2026-07-22 12:57:58,785][__main__][INFO] - resample 13/20 done
[2026-07-22 12:57:59,022][__main__][INFO] - resample 14/20 done
[2026-07-22 12:57:59,269][__main__][INFO] - resample 15/20 done
[2026-07-22 12:57:59,414][__main__][INFO] - resample 16/20 done
[2026-07-22 12:57:59,693][__main__][INFO] - resample 17/20 done
[2026-07-22 12:57:59,917][__main__][INFO] - resample 18/20 done
[2026-07-22 12:58:00,240][__main__][INFO] - resample 19/20 done
[2026-07-22 12:58:00,544][__main__][INFO] - resample 20/20 done
[2026-07-22 12:58:00,570][__main__][INFO] - S1 german/optbinning_fixed: hausdorff=0.07887 auc=0.6283
[2026-07-22 12:58:00,572][HYDRA] 	#5 : dataset=taiwan seed=0 arms=[optbinning_fixed] out=outputs/s1_fixcount2
[2026-07-22 12:58:02,118][__main__][INFO] - fixed-count targets (bins/feature): [8, 2, 3, 2, 8, 4, 4, 4, 4, 4, 4, 7, 7, 5, 6, 5, 5, 8, 8, 7, 7, 8, 7]
[2026-07-22 12:58:03,333][__main__][INFO] - resample 1/20 done
[2026-07-22 12:58:04,612][__main__][INFO] - resample 2/20 done
[2026-07-22 12:58:05,764][__main__][INFO] - resample 3/20 done
[2026-07-22 12:58:07,014][__main__][INFO] - resample 4/20 done
[2026-07-22 12:58:08,141][__main__][INFO] - resample 5/20 done
[2026-07-22 12:58:09,420][__main__][INFO] - resample 6/20 done
[2026-07-22 12:58:10,644][__main__][INFO] - resample 7/20 done
[2026-07-22 12:58:11,752][__main__][INFO] - resample 8/20 done
[2026-07-22 12:58:12,937][__main__][INFO] - resample 9/20 done
[2026-07-22 12:58:14,136][__main__][INFO] - resample 10/20 done
[2026-07-22 12:58:15,310][__main__][INFO] - resample 11/20 done
[2026-07-22 12:58:16,501][__main__][INFO] - resample 12/20 done
[2026-07-22 12:58:17,687][__main__][INFO] - resample 13/20 done
[2026-07-22 12:58:18,798][__main__][INFO] - resample 14/20 done
[2026-07-22 12:58:20,031][__main__][INFO] - resample 15/20 done
[2026-07-22 12:58:21,198][__main__][INFO] - resample 16/20 done
[2026-07-22 12:58:22,382][__main__][INFO] - resample 17/20 done
[2026-07-22 12:58:23,693][__main__][INFO] - resample 18/20 done
[2026-07-22 12:58:24,904][__main__][INFO] - resample 19/20 done
[2026-07-22 12:58:26,044][__main__][INFO] - resample 20/20 done
[2026-07-22 12:58:26,106][__main__][INFO] - S1 taiwan/optbinning_fixed: hausdorff=0.06425 auc=0.7719
[2026-07-22 12:58:26,110][HYDRA] 	#6 : dataset=taiwan seed=1 arms=[optbinning_fixed] out=outputs/s1_fixcount2
[2026-07-22 12:58:27,642][__main__][INFO] - fixed-count targets (bins/feature): [8, 2, 3, 2, 8, 4, 4, 4, 4, 4, 4, 7, 6, 7, 6, 6, 6, 8, 8, 8, 8, 7, 7]
[2026-07-22 12:58:28,787][__main__][INFO] - resample 1/20 done
[2026-07-22 12:58:29,845][__main__][INFO] - resample 2/20 done
[2026-07-22 12:58:30,993][__main__][INFO] - resample 3/20 done
[2026-07-22 12:58:32,072][__main__][INFO] - resample 4/20 done
[2026-07-22 12:58:33,173][__main__][INFO] - resample 5/20 done
[2026-07-22 12:58:34,193][__main__][INFO] - resample 6/20 done
[2026-07-22 12:58:35,399][__main__][INFO] - resample 7/20 done
[2026-07-22 12:58:36,489][__main__][INFO] - resample 8/20 done
[2026-07-22 12:58:37,530][__main__][INFO] - resample 9/20 done
[2026-07-22 12:58:38,601][__main__][INFO] - resample 10/20 done
[2026-07-22 12:58:39,746][__main__][INFO] - resample 11/20 done
[2026-07-22 12:58:40,911][__main__][INFO] - resample 12/20 done
[2026-07-22 12:58:42,055][__main__][INFO] - resample 13/20 done
[2026-07-22 12:58:43,258][__main__][INFO] - resample 14/20 done
[2026-07-22 12:58:44,411][__main__][INFO] - resample 15/20 done
[2026-07-22 12:58:45,461][__main__][INFO] - resample 16/20 done
[2026-07-22 12:58:46,546][__main__][INFO] - resample 17/20 done
[2026-07-22 12:58:47,646][__main__][INFO] - resample 18/20 done
[2026-07-22 12:58:48,636][__main__][INFO] - resample 19/20 done
[2026-07-22 12:58:49,746][__main__][INFO] - resample 20/20 done
[2026-07-22 12:58:49,802][__main__][INFO] - S1 taiwan/optbinning_fixed: hausdorff=0.05717 auc=0.7669
[2026-07-22 12:58:49,806][HYDRA] 	#7 : dataset=taiwan seed=2 arms=[optbinning_fixed] out=outputs/s1_fixcount2
[2026-07-22 12:58:51,240][__main__][INFO] - fixed-count targets (bins/feature): [8, 2, 3, 2, 8, 4, 4, 4, 4, 4, 4, 5, 5, 4, 5, 6, 5, 6, 7, 7, 7, 6, 8]
[2026-07-22 12:58:52,521][__main__][INFO] - resample 1/20 done
[2026-07-22 12:58:53,695][__main__][INFO] - resample 2/20 done
[2026-07-22 12:58:54,903][__main__][INFO] - resample 3/20 done
[2026-07-22 12:58:56,127][__main__][INFO] - resample 4/20 done
[2026-07-22 12:58:57,366][__main__][INFO] - resample 5/20 done
[2026-07-22 12:58:58,631][__main__][INFO] - resample 6/20 done
[2026-07-22 12:58:59,890][__main__][INFO] - resample 7/20 done
[2026-07-22 12:59:01,099][__main__][INFO] - resample 8/20 done
[2026-07-22 12:59:02,362][__main__][INFO] - resample 9/20 done
[2026-07-22 12:59:03,615][__main__][INFO] - resample 10/20 done
[2026-07-22 12:59:04,856][__main__][INFO] - resample 11/20 done
[2026-07-22 12:59:05,960][__main__][INFO] - resample 12/20 done
[2026-07-22 12:59:07,172][__main__][INFO] - resample 13/20 done
[2026-07-22 12:59:08,348][__main__][INFO] - resample 14/20 done
[2026-07-22 12:59:09,469][__main__][INFO] - resample 15/20 done
[2026-07-22 12:59:10,682][__main__][INFO] - resample 16/20 done
[2026-07-22 12:59:11,887][__main__][INFO] - resample 17/20 done
[2026-07-22 12:59:13,084][__main__][INFO] - resample 18/20 done
[2026-07-22 12:59:14,279][__main__][INFO] - resample 19/20 done
[2026-07-22 12:59:15,496][__main__][INFO] - resample 20/20 done
[2026-07-22 12:59:15,564][__main__][INFO] - S1 taiwan/optbinning_fixed: hausdorff=0.08701 auc=0.7675
[2026-07-22 12:59:15,566][HYDRA] 	#8 : dataset=taiwan seed=3 arms=[optbinning_fixed] out=outputs/s1_fixcount2
[2026-07-22 12:59:16,972][__main__][INFO] - fixed-count targets (bins/feature): [8, 2, 3, 2, 8, 4, 4, 4, 4, 4, 4, 7, 7, 5, 5, 6, 5, 7, 8, 8, 7, 8, 8]
[2026-07-22 12:59:18,163][__main__][INFO] - resample 1/20 done
[2026-07-22 12:59:19,364][__main__][INFO] - resample 2/20 done
[2026-07-22 12:59:20,533][__main__][INFO] - resample 3/20 done
[2026-07-22 12:59:21,720][__main__][INFO] - resample 4/20 done
[2026-07-22 12:59:22,925][__main__][INFO] - resample 5/20 done
[2026-07-22 12:59:24,074][__main__][INFO] - resample 6/20 done
[2026-07-22 12:59:25,170][__main__][INFO] - resample 7/20 done
[2026-07-22 12:59:26,253][__main__][INFO] - resample 8/20 done
[2026-07-22 12:59:27,493][__main__][INFO] - resample 9/20 done
[2026-07-22 12:59:28,654][__main__][INFO] - resample 10/20 done
[2026-07-22 12:59:29,789][__main__][INFO] - resample 11/20 done
[2026-07-22 12:59:30,934][__main__][INFO] - resample 12/20 done
[2026-07-22 12:59:32,013][__main__][INFO] - resample 13/20 done
[2026-07-22 12:59:33,277][__main__][INFO] - resample 14/20 done
[2026-07-22 12:59:34,435][__main__][INFO] - resample 15/20 done
[2026-07-22 12:59:35,616][__main__][INFO] - resample 16/20 done
[2026-07-22 12:59:36,864][__main__][INFO] - resample 17/20 done
[2026-07-22 12:59:37,950][__main__][INFO] - resample 18/20 done
[2026-07-22 12:59:39,009][__main__][INFO] - resample 19/20 done
[2026-07-22 12:59:40,192][__main__][INFO] - resample 20/20 done
[2026-07-22 12:59:40,278][__main__][INFO] - S1 taiwan/optbinning_fixed: hausdorff=0.06402 auc=0.7713
[2026-07-22 12:59:40,281][HYDRA] 	#9 : dataset=taiwan seed=4 arms=[optbinning_fixed] out=outputs/s1_fixcount2
[2026-07-22 12:59:41,801][__main__][INFO] - fixed-count targets (bins/feature): [8, 2, 3, 2, 8, 4, 4, 4, 4, 4, 4, 7, 6, 4, 5, 6, 5, 8, 7, 7, 7, 8, 8]
[2026-07-22 12:59:43,042][__main__][INFO] - resample 1/20 done
[2026-07-22 12:59:44,260][__main__][INFO] - resample 2/20 done
[2026-07-22 12:59:45,449][__main__][INFO] - resample 3/20 done
[2026-07-22 12:59:46,626][__main__][INFO] - resample 4/20 done
[2026-07-22 12:59:47,756][__main__][INFO] - resample 5/20 done
[2026-07-22 12:59:48,901][__main__][INFO] - resample 6/20 done
[2026-07-22 12:59:49,980][__main__][INFO] - resample 7/20 done
[2026-07-22 12:59:51,148][__main__][INFO] - resample 8/20 done
[2026-07-22 12:59:52,376][__main__][INFO] - resample 9/20 done
[2026-07-22 12:59:53,537][__main__][INFO] - resample 10/20 done
[2026-07-22 12:59:54,701][__main__][INFO] - resample 11/20 done
[2026-07-22 12:59:55,846][__main__][INFO] - resample 12/20 done
[2026-07-22 12:59:56,986][__main__][INFO] - resample 13/20 done
[2026-07-22 12:59:58,105][__main__][INFO] - resample 14/20 done
[2026-07-22 12:59:59,271][__main__][INFO] - resample 15/20 done
[2026-07-22 13:00:00,487][__main__][INFO] - resample 16/20 done
[2026-07-22 13:00:01,613][__main__][INFO] - resample 17/20 done
[2026-07-22 13:00:02,758][__main__][INFO] - resample 18/20 done
[2026-07-22 13:00:03,870][__main__][INFO] - resample 19/20 done
[2026-07-22 13:00:04,999][__main__][INFO] - resample 20/20 done
[2026-07-22 13:00:05,066][__main__][INFO] - S1 taiwan/optbinning_fixed: hausdorff=0.06052 auc=0.7739
[2026-07-22 13:00:05,069][HYDRA] 	#10 : dataset=gmsc seed=0 arms=[optbinning_fixed] out=outputs/s1_fixcount2
[2026-07-22 13:00:06,132][__main__][INFO] - fixed-count targets (bins/feature): [8, 8, 3, 8, 8, 8, 2, 4, 2, 4]
[2026-07-22 13:00:07,258][__main__][INFO] - resample 1/20 done
[2026-07-22 13:00:08,416][__main__][INFO] - resample 2/20 done
[2026-07-22 13:00:09,939][__main__][INFO] - resample 3/20 done
[2026-07-22 13:00:11,316][__main__][INFO] - resample 4/20 done
[2026-07-22 13:00:12,684][__main__][INFO] - resample 5/20 done
[2026-07-22 13:00:13,886][__main__][INFO] - resample 6/20 done
[2026-07-22 13:00:14,998][__main__][INFO] - resample 7/20 done
[2026-07-22 13:00:16,276][__main__][INFO] - resample 8/20 done
[2026-07-22 13:00:17,567][__main__][INFO] - resample 9/20 done
[2026-07-22 13:00:18,876][__main__][INFO] - resample 10/20 done
[2026-07-22 13:00:20,237][__main__][INFO] - resample 11/20 done
[2026-07-22 13:00:21,526][__main__][INFO] - resample 12/20 done
[2026-07-22 13:00:23,117][__main__][INFO] - resample 13/20 done
[2026-07-22 13:00:24,366][__main__][INFO] - resample 14/20 done
[2026-07-22 13:00:25,777][__main__][INFO] - resample 15/20 done
[2026-07-22 13:00:27,126][__main__][INFO] - resample 16/20 done
[2026-07-22 13:00:28,467][__main__][INFO] - resample 17/20 done
[2026-07-22 13:00:29,866][__main__][INFO] - resample 18/20 done
[2026-07-22 13:00:31,107][__main__][INFO] - resample 19/20 done
[2026-07-22 13:00:32,406][__main__][INFO] - resample 20/20 done
[2026-07-22 13:00:32,454][__main__][INFO] - S1 gmsc/optbinning_fixed: hausdorff=0.03221 auc=0.8550
[2026-07-22 13:00:32,458][HYDRA] 	#11 : dataset=gmsc seed=1 arms=[optbinning_fixed] out=outputs/s1_fixcount2
[2026-07-22 13:00:33,465][__main__][INFO] - fixed-count targets (bins/feature): [8, 8, 3, 8, 7, 8, 2, 4, 2, 4]
[2026-07-22 13:00:34,777][__main__][INFO] - resample 1/20 done
[2026-07-22 13:00:35,810][__main__][INFO] - resample 2/20 done
[2026-07-22 13:00:37,167][__main__][INFO] - resample 3/20 done
[2026-07-22 13:00:38,546][__main__][INFO] - resample 4/20 done
[2026-07-22 13:00:39,992][__main__][INFO] - resample 5/20 done
[2026-07-22 13:00:41,266][__main__][INFO] - resample 6/20 done
[2026-07-22 13:00:42,547][__main__][INFO] - resample 7/20 done
[2026-07-22 13:00:43,896][__main__][INFO] - resample 8/20 done
[2026-07-22 13:00:45,218][__main__][INFO] - resample 9/20 done
[2026-07-22 13:00:46,516][__main__][INFO] - resample 10/20 done
[2026-07-22 13:00:47,808][__main__][INFO] - resample 11/20 done
[2026-07-22 13:00:49,206][__main__][INFO] - resample 12/20 done
[2026-07-22 13:00:50,627][__main__][INFO] - resample 13/20 done
[2026-07-22 13:00:52,156][__main__][INFO] - resample 14/20 done
[2026-07-22 13:00:53,359][__main__][INFO] - resample 15/20 done
[2026-07-22 13:00:54,646][__main__][INFO] - resample 16/20 done
[2026-07-22 13:00:55,917][__main__][INFO] - resample 17/20 done
[2026-07-22 13:00:57,306][__main__][INFO] - resample 18/20 done
[2026-07-22 13:00:58,361][__main__][INFO] - resample 19/20 done
[2026-07-22 13:00:59,586][__main__][INFO] - resample 20/20 done
[2026-07-22 13:00:59,633][__main__][INFO] - S1 gmsc/optbinning_fixed: hausdorff=0.04213 auc=0.8524
[2026-07-22 13:00:59,638][HYDRA] 	#12 : dataset=gmsc seed=2 arms=[optbinning_fixed] out=outputs/s1_fixcount2
[2026-07-22 13:01:00,703][__main__][INFO] - fixed-count targets (bins/feature): [8, 8, 3, 8, 8, 8, 2, 4, 2, 4]
[2026-07-22 13:01:01,847][__main__][INFO] - resample 1/20 done
[2026-07-22 13:01:03,176][__main__][INFO] - resample 2/20 done
[2026-07-22 13:01:04,508][__main__][INFO] - resample 3/20 done
[2026-07-22 13:01:05,776][__main__][INFO] - resample 4/20 done
[2026-07-22 13:01:06,683][__main__][INFO] - resample 5/20 done
[2026-07-22 13:01:07,726][__main__][INFO] - resample 6/20 done
[2026-07-22 13:01:09,027][__main__][INFO] - resample 7/20 done
[2026-07-22 13:01:10,505][__main__][INFO] - resample 8/20 done
[2026-07-22 13:01:11,647][__main__][INFO] - resample 9/20 done
[2026-07-22 13:01:12,756][__main__][INFO] - resample 10/20 done
[2026-07-22 13:01:14,097][__main__][INFO] - resample 11/20 done
[2026-07-22 13:01:15,405][__main__][INFO] - resample 12/20 done
[2026-07-22 13:01:16,664][__main__][INFO] - resample 13/20 done
[2026-07-22 13:01:17,806][__main__][INFO] - resample 14/20 done
[2026-07-22 13:01:19,167][__main__][INFO] - resample 15/20 done
[2026-07-22 13:01:20,417][__main__][INFO] - resample 16/20 done
[2026-07-22 13:01:21,739][__main__][INFO] - resample 17/20 done
[2026-07-22 13:01:22,948][__main__][INFO] - resample 18/20 done
[2026-07-22 13:01:24,257][__main__][INFO] - resample 19/20 done
[2026-07-22 13:01:25,846][__main__][INFO] - resample 20/20 done
[2026-07-22 13:01:25,906][__main__][INFO] - S1 gmsc/optbinning_fixed: hausdorff=0.03931 auc=0.8546
[2026-07-22 13:01:25,911][HYDRA] 	#13 : dataset=gmsc seed=3 arms=[optbinning_fixed] out=outputs/s1_fixcount2
[2026-07-22 13:01:27,031][__main__][INFO] - fixed-count targets (bins/feature): [8, 8, 3, 8, 8, 7, 2, 4, 2, 4]
[2026-07-22 13:01:28,397][__main__][INFO] - resample 1/20 done
[2026-07-22 13:01:29,705][__main__][INFO] - resample 2/20 done
[2026-07-22 13:01:30,957][__main__][INFO] - resample 3/20 done
[2026-07-22 13:01:32,253][__main__][INFO] - resample 4/20 done
[2026-07-22 13:01:33,630][__main__][INFO] - resample 5/20 done
[2026-07-22 13:01:34,897][__main__][INFO] - resample 6/20 done
[2026-07-22 13:01:36,166][__main__][INFO] - resample 7/20 done
[2026-07-22 13:01:37,556][__main__][INFO] - resample 8/20 done
[2026-07-22 13:01:38,728][__main__][INFO] - resample 9/20 done
[2026-07-22 13:01:39,987][__main__][INFO] - resample 10/20 done
[2026-07-22 13:01:41,406][__main__][INFO] - resample 11/20 done
[2026-07-22 13:01:42,610][__main__][INFO] - resample 12/20 done
[2026-07-22 13:01:43,771][__main__][INFO] - resample 13/20 done
[2026-07-22 13:01:45,168][__main__][INFO] - resample 14/20 done
[2026-07-22 13:01:46,439][__main__][INFO] - resample 15/20 done
[2026-07-22 13:01:47,756][__main__][INFO] - resample 16/20 done
[2026-07-22 13:01:49,086][__main__][INFO] - resample 17/20 done
[2026-07-22 13:01:50,423][__main__][INFO] - resample 18/20 done
[2026-07-22 13:01:51,646][__main__][INFO] - resample 19/20 done
[2026-07-22 13:01:53,086][__main__][INFO] - resample 20/20 done
[2026-07-22 13:01:53,124][__main__][INFO] - S1 gmsc/optbinning_fixed: hausdorff=0.02847 auc=0.8553
[2026-07-22 13:01:53,126][HYDRA] 	#14 : dataset=gmsc seed=4 arms=[optbinning_fixed] out=outputs/s1_fixcount2
[2026-07-22 13:01:54,071][__main__][INFO] - fixed-count targets (bins/feature): [8, 8, 3, 8, 8, 8, 2, 4, 2, 4]
[2026-07-22 13:01:55,278][__main__][INFO] - resample 1/20 done
[2026-07-22 13:01:56,436][__main__][INFO] - resample 2/20 done
[2026-07-22 13:01:57,993][__main__][INFO] - resample 3/20 done
[2026-07-22 13:01:59,386][__main__][INFO] - resample 4/20 done
[2026-07-22 13:02:00,578][__main__][INFO] - resample 5/20 done
[2026-07-22 13:02:01,926][__main__][INFO] - resample 6/20 done
[2026-07-22 13:02:03,177][__main__][INFO] - resample 7/20 done
[2026-07-22 13:02:04,506][__main__][INFO] - resample 8/20 done
[2026-07-22 13:02:05,677][__main__][INFO] - resample 9/20 done
[2026-07-22 13:02:07,026][__main__][INFO] - resample 10/20 done
[2026-07-22 13:02:08,297][__main__][INFO] - resample 11/20 done
[2026-07-22 13:02:09,606][__main__][INFO] - resample 12/20 done
[2026-07-22 13:02:10,988][__main__][INFO] - resample 13/20 done
[2026-07-22 13:02:12,226][__main__][INFO] - resample 14/20 done
[2026-07-22 13:02:13,173][__main__][INFO] - resample 15/20 done
[2026-07-22 13:02:14,416][__main__][INFO] - resample 16/20 done
[2026-07-22 13:02:15,707][__main__][INFO] - resample 17/20 done
[2026-07-22 13:02:16,746][__main__][INFO] - resample 18/20 done
[2026-07-22 13:02:17,847][__main__][INFO] - resample 19/20 done
[2026-07-22 13:02:19,026][__main__][INFO] - resample 20/20 done
[2026-07-22 13:02:19,096][__main__][INFO] - S1 gmsc/optbinning_fixed: hausdorff=0.03505 auc=0.8514
[2026-07-22 13:02:19,102][HYDRA] 	#15 : dataset=adult seed=0 arms=[optbinning_fixed] out=outputs/s1_fixcount2
[2026-07-22 13:02:19,698][__main__][INFO] - fixed-count targets (bins/feature): [8, 6, 7, 2, 1, 6]
[2026-07-22 13:02:20,135][__main__][INFO] - resample 1/20 done
[2026-07-22 13:02:20,489][__main__][INFO] - resample 2/20 done
[2026-07-22 13:02:20,924][__main__][INFO] - resample 3/20 done
[2026-07-22 13:02:21,248][__main__][INFO] - resample 4/20 done
[2026-07-22 13:02:21,614][__main__][INFO] - resample 5/20 done
[2026-07-22 13:02:21,986][__main__][INFO] - resample 6/20 done
[2026-07-22 13:02:22,338][__main__][INFO] - resample 7/20 done
[2026-07-22 13:02:22,663][__main__][INFO] - resample 8/20 done
[2026-07-22 13:02:22,999][__main__][INFO] - resample 9/20 done
[2026-07-22 13:02:23,340][__main__][INFO] - resample 10/20 done
[2026-07-22 13:02:23,667][__main__][INFO] - resample 11/20 done
[2026-07-22 13:02:23,989][__main__][INFO] - resample 12/20 done
[2026-07-22 13:02:24,380][__main__][INFO] - resample 13/20 done
[2026-07-22 13:02:24,694][__main__][INFO] - resample 14/20 done
[2026-07-22 13:02:25,036][__main__][INFO] - resample 15/20 done
[2026-07-22 13:02:25,413][__main__][INFO] - resample 16/20 done
[2026-07-22 13:02:25,757][__main__][INFO] - resample 17/20 done
[2026-07-22 13:02:26,112][__main__][INFO] - resample 18/20 done
[2026-07-22 13:02:26,415][__main__][INFO] - resample 19/20 done
[2026-07-22 13:02:26,778][__main__][INFO] - resample 20/20 done
[2026-07-22 13:02:26,803][__main__][INFO] - S1 adult/optbinning_fixed: hausdorff=0.05213 auc=0.8345
[2026-07-22 13:02:26,804][HYDRA] 	#16 : dataset=adult seed=1 arms=[optbinning_fixed] out=outputs/s1_fixcount2
[2026-07-22 13:02:27,365][__main__][INFO] - fixed-count targets (bins/feature): [8, 4, 6, 2, 1, 7]
[2026-07-22 13:02:27,710][__main__][INFO] - resample 1/20 done
[2026-07-22 13:02:28,035][__main__][INFO] - resample 2/20 done
[2026-07-22 13:02:28,324][__main__][INFO] - resample 3/20 done
[2026-07-22 13:02:28,660][__main__][INFO] - resample 4/20 done
[2026-07-22 13:02:29,011][__main__][INFO] - resample 5/20 done
[2026-07-22 13:02:29,342][__main__][INFO] - resample 6/20 done
[2026-07-22 13:02:29,719][__main__][INFO] - resample 7/20 done
[2026-07-22 13:02:30,095][__main__][INFO] - resample 8/20 done
[2026-07-22 13:02:30,411][__main__][INFO] - resample 9/20 done
[2026-07-22 13:02:30,744][__main__][INFO] - resample 10/20 done
[2026-07-22 13:02:31,071][__main__][INFO] - resample 11/20 done
[2026-07-22 13:02:31,419][__main__][INFO] - resample 12/20 done
[2026-07-22 13:02:31,835][__main__][INFO] - resample 13/20 done
[2026-07-22 13:02:32,191][__main__][INFO] - resample 14/20 done
[2026-07-22 13:02:32,544][__main__][INFO] - resample 15/20 done
[2026-07-22 13:02:32,857][__main__][INFO] - resample 16/20 done
[2026-07-22 13:02:33,210][__main__][INFO] - resample 17/20 done
[2026-07-22 13:02:33,602][__main__][INFO] - resample 18/20 done
[2026-07-22 13:02:33,927][__main__][INFO] - resample 19/20 done
[2026-07-22 13:02:34,273][__main__][INFO] - resample 20/20 done
[2026-07-22 13:02:34,297][__main__][INFO] - S1 adult/optbinning_fixed: hausdorff=0.07497 auc=0.8299
[2026-07-22 13:02:34,299][HYDRA] 	#17 : dataset=adult seed=2 arms=[optbinning_fixed] out=outputs/s1_fixcount2
[2026-07-22 13:02:34,890][__main__][INFO] - fixed-count targets (bins/feature): [8, 6, 6, 2, 1, 6]
[2026-07-22 13:02:35,129][__main__][INFO] - resample 1/20 done
[2026-07-22 13:02:35,445][__main__][INFO] - resample 2/20 done
[2026-07-22 13:02:35,672][__main__][INFO] - resample 3/20 done
[2026-07-22 13:02:36,022][__main__][INFO] - resample 4/20 done
[2026-07-22 13:02:36,405][__main__][INFO] - resample 5/20 done
[2026-07-22 13:02:36,719][__main__][INFO] - resample 6/20 done
[2026-07-22 13:02:37,098][__main__][INFO] - resample 7/20 done
[2026-07-22 13:02:37,414][__main__][INFO] - resample 8/20 done
[2026-07-22 13:02:37,737][__main__][INFO] - resample 9/20 done
[2026-07-22 13:02:38,115][__main__][INFO] - resample 10/20 done
[2026-07-22 13:02:38,511][__main__][INFO] - resample 11/20 done
[2026-07-22 13:02:38,864][__main__][INFO] - resample 12/20 done
[2026-07-22 13:02:39,207][__main__][INFO] - resample 13/20 done
[2026-07-22 13:02:39,541][__main__][INFO] - resample 14/20 done
[2026-07-22 13:02:39,896][__main__][INFO] - resample 15/20 done
[2026-07-22 13:02:40,230][__main__][INFO] - resample 16/20 done
[2026-07-22 13:02:40,589][__main__][INFO] - resample 17/20 done
[2026-07-22 13:02:40,976][__main__][INFO] - resample 18/20 done
[2026-07-22 13:02:41,332][__main__][INFO] - resample 19/20 done
[2026-07-22 13:02:41,723][__main__][INFO] - resample 20/20 done
[2026-07-22 13:02:41,747][__main__][INFO] - S1 adult/optbinning_fixed: hausdorff=0.05187 auc=0.8388
[2026-07-22 13:02:41,748][HYDRA] 	#18 : dataset=adult seed=3 arms=[optbinning_fixed] out=outputs/s1_fixcount2
[2026-07-22 13:02:42,331][__main__][INFO] - fixed-count targets (bins/feature): [8, 8, 6, 2, 1, 6]
[2026-07-22 13:02:42,658][__main__][INFO] - resample 1/20 done
[2026-07-22 13:02:43,012][__main__][INFO] - resample 2/20 done
[2026-07-22 13:02:43,250][__main__][INFO] - resample 3/20 done
[2026-07-22 13:02:43,564][__main__][INFO] - resample 4/20 done
[2026-07-22 13:02:43,911][__main__][INFO] - resample 5/20 done
[2026-07-22 13:02:44,251][__main__][INFO] - resample 6/20 done
[2026-07-22 13:02:44,512][__main__][INFO] - resample 7/20 done
[2026-07-22 13:02:44,863][__main__][INFO] - resample 8/20 done
[2026-07-22 13:02:45,219][__main__][INFO] - resample 9/20 done
[2026-07-22 13:02:45,585][__main__][INFO] - resample 10/20 done
[2026-07-22 13:02:45,886][__main__][INFO] - resample 11/20 done
[2026-07-22 13:02:46,219][__main__][INFO] - resample 12/20 done
[2026-07-22 13:02:46,526][__main__][INFO] - resample 13/20 done
[2026-07-22 13:02:46,887][__main__][INFO] - resample 14/20 done
[2026-07-22 13:02:47,233][__main__][INFO] - resample 15/20 done
[2026-07-22 13:02:47,607][__main__][INFO] - resample 16/20 done
[2026-07-22 13:02:47,831][__main__][INFO] - resample 17/20 done
[2026-07-22 13:02:48,180][__main__][INFO] - resample 18/20 done
[2026-07-22 13:02:48,519][__main__][INFO] - resample 19/20 done
[2026-07-22 13:02:48,844][__main__][INFO] - resample 20/20 done
[2026-07-22 13:02:48,869][__main__][INFO] - S1 adult/optbinning_fixed: hausdorff=0.03739 auc=0.8429
[2026-07-22 13:02:48,871][HYDRA] 	#19 : dataset=adult seed=4 arms=[optbinning_fixed] out=outputs/s1_fixcount2
[2026-07-22 13:02:49,498][__main__][INFO] - fixed-count targets (bins/feature): [8, 8, 7, 2, 1, 7]
[2026-07-22 13:02:49,867][__main__][INFO] - resample 1/20 done
[2026-07-22 13:02:50,232][__main__][INFO] - resample 2/20 done
[2026-07-22 13:02:50,564][__main__][INFO] - resample 3/20 done
[2026-07-22 13:02:50,935][__main__][INFO] - resample 4/20 done
[2026-07-22 13:02:51,288][__main__][INFO] - resample 5/20 done
[2026-07-22 13:02:51,628][__main__][INFO] - resample 6/20 done
[2026-07-22 13:02:52,029][__main__][INFO] - resample 7/20 done
[2026-07-22 13:02:52,416][__main__][INFO] - resample 8/20 done
[2026-07-22 13:02:52,812][__main__][INFO] - resample 9/20 done
[2026-07-22 13:02:53,138][__main__][INFO] - resample 10/20 done
[2026-07-22 13:02:53,486][__main__][INFO] - resample 11/20 done
[2026-07-22 13:02:53,867][__main__][INFO] - resample 12/20 done
[2026-07-22 13:02:54,171][__main__][INFO] - resample 13/20 done
[2026-07-22 13:02:54,397][__main__][INFO] - resample 14/20 done
[2026-07-22 13:02:54,778][__main__][INFO] - resample 15/20 done
[2026-07-22 13:02:55,139][__main__][INFO] - resample 16/20 done
[2026-07-22 13:02:55,459][__main__][INFO] - resample 17/20 done
[2026-07-22 13:02:55,787][__main__][INFO] - resample 18/20 done
[2026-07-22 13:02:56,108][__main__][INFO] - resample 19/20 done
[2026-07-22 13:02:56,454][__main__][INFO] - resample 20/20 done
[2026-07-22 13:02:56,479][__main__][INFO] - S1 adult/optbinning_fixed: hausdorff=0.02791 auc=0.8039
