nohup: ignoring input
[2026-07-30 12:00:09,258][HYDRA] Launching 20 jobs locally
[2026-07-30 12:00:09,258][HYDRA] 	#0 : dataset=german arms=[ot_ple,learned_knot] seed=0 device=cuda out=outputs/s1_noot
[2026-07-30 12:00:14,358][__main__][INFO] - resample 1/20 done
[2026-07-30 12:00:15,191][__main__][INFO] - resample 2/20 done
[2026-07-30 12:00:16,033][__main__][INFO] - resample 3/20 done
[2026-07-30 12:00:17,030][__main__][INFO] - resample 4/20 done
[2026-07-30 12:00:17,908][__main__][INFO] - resample 5/20 done
[2026-07-30 12:00:18,751][__main__][INFO] - resample 6/20 done
[2026-07-30 12:00:19,632][__main__][INFO] - resample 7/20 done
[2026-07-30 12:00:20,451][__main__][INFO] - resample 8/20 done
[2026-07-30 12:00:21,282][__main__][INFO] - resample 9/20 done
[2026-07-30 12:00:22,166][__main__][INFO] - resample 10/20 done
[2026-07-30 12:00:23,086][__main__][INFO] - resample 11/20 done
[2026-07-30 12:00:23,936][__main__][INFO] - resample 12/20 done
[2026-07-30 12:00:24,803][__main__][INFO] - resample 13/20 done
[2026-07-30 12:00:25,629][__main__][INFO] - resample 14/20 done
[2026-07-30 12:00:26,413][__main__][INFO] - resample 15/20 done
[2026-07-30 12:00:27,325][__main__][INFO] - resample 16/20 done
[2026-07-30 12:00:28,176][__main__][INFO] - resample 17/20 done
[2026-07-30 12:00:28,987][__main__][INFO] - resample 18/20 done
[2026-07-30 12:00:29,884][__main__][INFO] - resample 19/20 done
[2026-07-30 12:00:30,815][__main__][INFO] - resample 20/20 done
[2026-07-30 12:00:30,901][__main__][INFO] - S1 german/ot_ple: hausdorff=0.00993 auc=0.6140
[2026-07-30 12:00:30,902][__main__][INFO] - S1 german/learned_knot: hausdorff=0.00951 auc=0.6135
[2026-07-30 12:00:30,905][HYDRA] 	#1 : dataset=german arms=[ot_ple,learned_knot] seed=1 device=cuda out=outputs/s1_noot
[2026-07-30 12:00:31,858][__main__][INFO] - resample 1/20 done
[2026-07-30 12:00:32,758][__main__][INFO] - resample 2/20 done
[2026-07-30 12:00:33,744][__main__][INFO] - resample 3/20 done
[2026-07-30 12:00:34,616][__main__][INFO] - resample 4/20 done
[2026-07-30 12:00:35,558][__main__][INFO] - resample 5/20 done
[2026-07-30 12:00:36,428][__main__][INFO] - resample 6/20 done
[2026-07-30 12:00:37,297][__main__][INFO] - resample 7/20 done
[2026-07-30 12:00:38,176][__main__][INFO] - resample 8/20 done
[2026-07-30 12:00:39,024][__main__][INFO] - resample 9/20 done
[2026-07-30 12:00:39,820][__main__][INFO] - resample 10/20 done
[2026-07-30 12:00:40,712][__main__][INFO] - resample 11/20 done
[2026-07-30 12:00:41,595][__main__][INFO] - resample 12/20 done
[2026-07-30 12:00:42,456][__main__][INFO] - resample 13/20 done
[2026-07-30 12:00:43,322][__main__][INFO] - resample 14/20 done
[2026-07-30 12:00:44,113][__main__][INFO] - resample 15/20 done
[2026-07-30 12:00:44,991][__main__][INFO] - resample 16/20 done
[2026-07-30 12:00:45,812][__main__][INFO] - resample 17/20 done
[2026-07-30 12:00:46,656][__main__][INFO] - resample 18/20 done
[2026-07-30 12:00:47,443][__main__][INFO] - resample 19/20 done
[2026-07-30 12:00:48,275][__main__][INFO] - resample 20/20 done
[2026-07-30 12:00:48,330][__main__][INFO] - S1 german/ot_ple: hausdorff=0.01498 auc=0.6215
[2026-07-30 12:00:48,330][__main__][INFO] - S1 german/learned_knot: hausdorff=0.01572 auc=0.6260
[2026-07-30 12:00:48,333][HYDRA] 	#2 : dataset=german arms=[ot_ple,learned_knot] seed=2 device=cuda out=outputs/s1_noot
[2026-07-30 12:00:49,434][__main__][INFO] - resample 1/20 done
[2026-07-30 12:00:50,304][__main__][INFO] - resample 2/20 done
[2026-07-30 12:00:51,207][__main__][INFO] - resample 3/20 done
[2026-07-30 12:00:52,068][__main__][INFO] - resample 4/20 done
[2026-07-30 12:00:52,850][__main__][INFO] - resample 5/20 done
[2026-07-30 12:00:53,733][__main__][INFO] - resample 6/20 done
[2026-07-30 12:00:54,546][__main__][INFO] - resample 7/20 done
[2026-07-30 12:00:55,482][__main__][INFO] - resample 8/20 done
[2026-07-30 12:00:56,326][__main__][INFO] - resample 9/20 done
[2026-07-30 12:00:57,153][__main__][INFO] - resample 10/20 done
[2026-07-30 12:00:58,071][__main__][INFO] - resample 11/20 done
[2026-07-30 12:00:58,908][__main__][INFO] - resample 12/20 done
[2026-07-30 12:00:59,830][__main__][INFO] - resample 13/20 done
[2026-07-30 12:01:00,735][__main__][INFO] - resample 14/20 done
[2026-07-30 12:01:01,686][__main__][INFO] - resample 15/20 done
[2026-07-30 12:01:02,615][__main__][INFO] - resample 16/20 done
[2026-07-30 12:01:03,534][__main__][INFO] - resample 17/20 done
[2026-07-30 12:01:04,442][__main__][INFO] - resample 18/20 done
[2026-07-30 12:01:05,247][__main__][INFO] - resample 19/20 done
[2026-07-30 12:01:06,190][__main__][INFO] - resample 20/20 done
[2026-07-30 12:01:06,266][__main__][INFO] - S1 german/ot_ple: hausdorff=0.01428 auc=0.6473
[2026-07-30 12:01:06,267][__main__][INFO] - S1 german/learned_knot: hausdorff=0.01620 auc=0.6474
[2026-07-30 12:01:06,272][HYDRA] 	#3 : dataset=german arms=[ot_ple,learned_knot] seed=3 device=cuda out=outputs/s1_noot
[2026-07-30 12:01:07,207][__main__][INFO] - resample 1/20 done
[2026-07-30 12:01:08,080][__main__][INFO] - resample 2/20 done
[2026-07-30 12:01:08,918][__main__][INFO] - resample 3/20 done
[2026-07-30 12:01:09,803][__main__][INFO] - resample 4/20 done
[2026-07-30 12:01:10,623][__main__][INFO] - resample 5/20 done
[2026-07-30 12:01:11,484][__main__][INFO] - resample 6/20 done
[2026-07-30 12:01:12,379][__main__][INFO] - resample 7/20 done
[2026-07-30 12:01:13,268][__main__][INFO] - resample 8/20 done
[2026-07-30 12:01:14,175][__main__][INFO] - resample 9/20 done
[2026-07-30 12:01:14,975][__main__][INFO] - resample 10/20 done
[2026-07-30 12:01:15,765][__main__][INFO] - resample 11/20 done
[2026-07-30 12:01:16,710][__main__][INFO] - resample 12/20 done
[2026-07-30 12:01:17,589][__main__][INFO] - resample 13/20 done
[2026-07-30 12:01:18,449][__main__][INFO] - resample 14/20 done
[2026-07-30 12:01:19,208][__main__][INFO] - resample 15/20 done
[2026-07-30 12:01:20,025][__main__][INFO] - resample 16/20 done
[2026-07-30 12:01:20,823][__main__][INFO] - resample 17/20 done
[2026-07-30 12:01:21,638][__main__][INFO] - resample 18/20 done
[2026-07-30 12:01:22,492][__main__][INFO] - resample 19/20 done
[2026-07-30 12:01:23,409][__main__][INFO] - resample 20/20 done
[2026-07-30 12:01:23,482][__main__][INFO] - S1 german/ot_ple: hausdorff=0.01234 auc=0.6356
[2026-07-30 12:01:23,482][__main__][INFO] - S1 german/learned_knot: hausdorff=0.01225 auc=0.6351
[2026-07-30 12:01:23,487][HYDRA] 	#4 : dataset=german arms=[ot_ple,learned_knot] seed=4 device=cuda out=outputs/s1_noot
[2026-07-30 12:01:24,489][__main__][INFO] - resample 1/20 done
[2026-07-30 12:01:25,378][__main__][INFO] - resample 2/20 done
[2026-07-30 12:01:26,318][__main__][INFO] - resample 3/20 done
[2026-07-30 12:01:27,234][__main__][INFO] - resample 4/20 done
[2026-07-30 12:01:28,211][__main__][INFO] - resample 5/20 done
[2026-07-30 12:01:29,178][__main__][INFO] - resample 6/20 done
[2026-07-30 12:01:30,131][__main__][INFO] - resample 7/20 done
[2026-07-30 12:01:31,015][__main__][INFO] - resample 8/20 done
[2026-07-30 12:01:31,925][__main__][INFO] - resample 9/20 done
[2026-07-30 12:01:32,699][__main__][INFO] - resample 10/20 done
[2026-07-30 12:01:33,586][__main__][INFO] - resample 11/20 done
[2026-07-30 12:01:34,446][__main__][INFO] - resample 12/20 done
[2026-07-30 12:01:35,338][__main__][INFO] - resample 13/20 done
[2026-07-30 12:01:36,136][__main__][INFO] - resample 14/20 done
[2026-07-30 12:01:37,099][__main__][INFO] - resample 15/20 done
[2026-07-30 12:01:37,984][__main__][INFO] - resample 16/20 done
[2026-07-30 12:01:38,966][__main__][INFO] - resample 17/20 done
[2026-07-30 12:01:39,813][__main__][INFO] - resample 18/20 done
[2026-07-30 12:01:40,608][__main__][INFO] - resample 19/20 done
[2026-07-30 12:01:41,453][__main__][INFO] - resample 20/20 done
[2026-07-30 12:01:41,521][__main__][INFO] - S1 german/ot_ple: hausdorff=0.01416 auc=0.6128
[2026-07-30 12:01:41,521][__main__][INFO] - S1 german/learned_knot: hausdorff=0.01582 auc=0.6133
[2026-07-30 12:01:41,523][HYDRA] 	#5 : dataset=taiwan arms=[ot_ple,learned_knot] seed=0 device=cuda out=outputs/s1_noot
[2026-07-30 12:01:46,653][__main__][INFO] - resample 1/20 done
[2026-07-30 12:01:51,598][__main__][INFO] - resample 2/20 done
[2026-07-30 12:01:57,226][__main__][INFO] - resample 3/20 done
[2026-07-30 12:02:02,491][__main__][INFO] - resample 4/20 done
[2026-07-30 12:02:07,697][__main__][INFO] - resample 5/20 done
[2026-07-30 12:02:12,806][__main__][INFO] - resample 6/20 done
[2026-07-30 12:02:17,913][__main__][INFO] - resample 7/20 done
[2026-07-30 12:02:22,914][__main__][INFO] - resample 8/20 done
[2026-07-30 12:02:28,041][__main__][INFO] - resample 9/20 done
[2026-07-30 12:02:33,212][__main__][INFO] - resample 10/20 done
[2026-07-30 12:02:38,097][__main__][INFO] - resample 11/20 done
[2026-07-30 12:02:43,052][__main__][INFO] - resample 12/20 done
[2026-07-30 12:02:48,304][__main__][INFO] - resample 13/20 done
[2026-07-30 12:02:53,391][__main__][INFO] - resample 14/20 done
[2026-07-30 12:02:58,342][__main__][INFO] - resample 15/20 done
[2026-07-30 12:03:03,358][__main__][INFO] - resample 16/20 done
[2026-07-30 12:03:08,191][__main__][INFO] - resample 17/20 done
[2026-07-30 12:03:13,202][__main__][INFO] - resample 18/20 done
[2026-07-30 12:03:18,151][__main__][INFO] - resample 19/20 done
[2026-07-30 12:03:23,137][__main__][INFO] - resample 20/20 done
[2026-07-30 12:03:23,281][__main__][INFO] - S1 taiwan/ot_ple: hausdorff=0.00594 auc=0.7588
[2026-07-30 12:03:23,282][__main__][INFO] - S1 taiwan/learned_knot: hausdorff=0.01097 auc=0.7640
[2026-07-30 12:03:23,284][HYDRA] 	#6 : dataset=taiwan arms=[ot_ple,learned_knot] seed=1 device=cuda out=outputs/s1_noot
[2026-07-30 12:03:28,767][__main__][INFO] - resample 1/20 done
[2026-07-30 12:03:34,140][__main__][INFO] - resample 2/20 done
[2026-07-30 12:03:39,689][__main__][INFO] - resample 3/20 done
[2026-07-30 12:03:44,905][__main__][INFO] - resample 4/20 done
[2026-07-30 12:03:50,256][__main__][INFO] - resample 5/20 done
[2026-07-30 12:03:55,481][__main__][INFO] - resample 6/20 done
[2026-07-30 12:04:00,543][__main__][INFO] - resample 7/20 done
[2026-07-30 12:04:05,844][__main__][INFO] - resample 8/20 done
[2026-07-30 12:04:11,077][__main__][INFO] - resample 9/20 done
[2026-07-30 12:04:16,035][__main__][INFO] - resample 10/20 done
[2026-07-30 12:04:21,272][__main__][INFO] - resample 11/20 done
[2026-07-30 12:04:26,607][__main__][INFO] - resample 12/20 done
[2026-07-30 12:04:32,028][__main__][INFO] - resample 13/20 done
[2026-07-30 12:04:37,125][__main__][INFO] - resample 14/20 done
[2026-07-30 12:04:42,263][__main__][INFO] - resample 15/20 done
[2026-07-30 12:04:47,343][__main__][INFO] - resample 16/20 done
[2026-07-30 12:04:52,185][__main__][INFO] - resample 17/20 done
[2026-07-30 12:04:57,293][__main__][INFO] - resample 18/20 done
[2026-07-30 12:05:02,544][__main__][INFO] - resample 19/20 done
[2026-07-30 12:05:07,576][__main__][INFO] - resample 20/20 done
[2026-07-30 12:05:07,718][__main__][INFO] - S1 taiwan/ot_ple: hausdorff=0.00989 auc=0.7586
[2026-07-30 12:05:07,719][__main__][INFO] - S1 taiwan/learned_knot: hausdorff=0.00775 auc=0.7608
[2026-07-30 12:05:07,722][HYDRA] 	#7 : dataset=taiwan arms=[ot_ple,learned_knot] seed=2 device=cuda out=outputs/s1_noot
[2026-07-30 12:05:12,882][__main__][INFO] - resample 1/20 done
[2026-07-30 12:05:17,966][__main__][INFO] - resample 2/20 done
[2026-07-30 12:05:22,990][__main__][INFO] - resample 3/20 done
[2026-07-30 12:05:28,382][__main__][INFO] - resample 4/20 done
[2026-07-30 12:05:33,623][__main__][INFO] - resample 5/20 done
[2026-07-30 12:05:38,594][__main__][INFO] - resample 6/20 done
[2026-07-30 12:05:43,623][__main__][INFO] - resample 7/20 done
[2026-07-30 12:05:48,928][__main__][INFO] - resample 8/20 done
[2026-07-30 12:05:54,253][__main__][INFO] - resample 9/20 done
[2026-07-30 12:05:59,423][__main__][INFO] - resample 10/20 done
[2026-07-30 12:06:04,333][__main__][INFO] - resample 11/20 done
[2026-07-30 12:06:09,740][__main__][INFO] - resample 12/20 done
[2026-07-30 12:06:14,818][__main__][INFO] - resample 13/20 done
[2026-07-30 12:06:19,958][__main__][INFO] - resample 14/20 done
[2026-07-30 12:06:25,018][__main__][INFO] - resample 15/20 done
[2026-07-30 12:06:30,004][__main__][INFO] - resample 16/20 done
[2026-07-30 12:06:35,164][__main__][INFO] - resample 17/20 done
[2026-07-30 12:06:40,343][__main__][INFO] - resample 18/20 done
[2026-07-30 12:06:45,493][__main__][INFO] - resample 19/20 done
[2026-07-30 12:06:50,926][__main__][INFO] - resample 20/20 done
[2026-07-30 12:06:51,077][__main__][INFO] - S1 taiwan/ot_ple: hausdorff=0.00906 auc=0.7585
[2026-07-30 12:06:51,077][__main__][INFO] - S1 taiwan/learned_knot: hausdorff=0.00993 auc=0.7631
[2026-07-30 12:06:51,082][HYDRA] 	#8 : dataset=taiwan arms=[ot_ple,learned_knot] seed=3 device=cuda out=outputs/s1_noot
[2026-07-30 12:06:56,402][__main__][INFO] - resample 1/20 done
[2026-07-30 12:07:01,487][__main__][INFO] - resample 2/20 done
[2026-07-30 12:07:06,423][__main__][INFO] - resample 3/20 done
[2026-07-30 12:07:11,576][__main__][INFO] - resample 4/20 done
[2026-07-30 12:07:16,662][__main__][INFO] - resample 5/20 done
[2026-07-30 12:07:21,635][__main__][INFO] - resample 6/20 done
[2026-07-30 12:07:26,648][__main__][INFO] - resample 7/20 done
[2026-07-30 12:07:31,780][__main__][INFO] - resample 8/20 done
[2026-07-30 12:07:36,788][__main__][INFO] - resample 9/20 done
[2026-07-30 12:07:41,899][__main__][INFO] - resample 10/20 done
[2026-07-30 12:07:46,752][__main__][INFO] - resample 11/20 done
[2026-07-30 12:07:52,122][__main__][INFO] - resample 12/20 done
[2026-07-30 12:07:57,249][__main__][INFO] - resample 13/20 done
[2026-07-30 12:08:02,473][__main__][INFO] - resample 14/20 done
[2026-07-30 12:08:08,005][__main__][INFO] - resample 15/20 done
[2026-07-30 12:08:13,144][__main__][INFO] - resample 16/20 done
[2026-07-30 12:08:18,393][__main__][INFO] - resample 17/20 done
[2026-07-30 12:08:23,618][__main__][INFO] - resample 18/20 done
[2026-07-30 12:08:28,754][__main__][INFO] - resample 19/20 done
[2026-07-30 12:08:34,026][__main__][INFO] - resample 20/20 done
[2026-07-30 12:08:34,167][__main__][INFO] - S1 taiwan/ot_ple: hausdorff=0.00886 auc=0.7652
[2026-07-30 12:08:34,167][__main__][INFO] - S1 taiwan/learned_knot: hausdorff=0.01227 auc=0.7673
[2026-07-30 12:08:34,171][HYDRA] 	#9 : dataset=taiwan arms=[ot_ple,learned_knot] seed=4 device=cuda out=outputs/s1_noot
[2026-07-30 12:08:39,176][__main__][INFO] - resample 1/20 done
[2026-07-30 12:08:43,948][__main__][INFO] - resample 2/20 done
[2026-07-30 12:08:48,793][__main__][INFO] - resample 3/20 done
[2026-07-30 12:08:53,678][__main__][INFO] - resample 4/20 done
[2026-07-30 12:08:58,749][__main__][INFO] - resample 5/20 done
[2026-07-30 12:09:03,789][__main__][INFO] - resample 6/20 done
[2026-07-30 12:09:08,741][__main__][INFO] - resample 7/20 done
[2026-07-30 12:09:13,524][__main__][INFO] - resample 8/20 done
[2026-07-30 12:09:18,463][__main__][INFO] - resample 9/20 done
[2026-07-30 12:09:23,353][__main__][INFO] - resample 10/20 done
[2026-07-30 12:09:28,286][__main__][INFO] - resample 11/20 done
[2026-07-30 12:09:33,059][__main__][INFO] - resample 12/20 done
[2026-07-30 12:09:37,827][__main__][INFO] - resample 13/20 done
[2026-07-30 12:09:42,745][__main__][INFO] - resample 14/20 done
[2026-07-30 12:09:47,727][__main__][INFO] - resample 15/20 done
[2026-07-30 12:09:52,677][__main__][INFO] - resample 16/20 done
[2026-07-30 12:09:57,565][__main__][INFO] - resample 17/20 done
[2026-07-30 12:10:02,518][__main__][INFO] - resample 18/20 done
[2026-07-30 12:10:07,551][__main__][INFO] - resample 19/20 done
[2026-07-30 12:10:12,306][__main__][INFO] - resample 20/20 done
[2026-07-30 12:10:12,435][__main__][INFO] - S1 taiwan/ot_ple: hausdorff=0.00846 auc=0.7627
[2026-07-30 12:10:12,435][__main__][INFO] - S1 taiwan/learned_knot: hausdorff=0.00691 auc=0.7653
[2026-07-30 12:10:12,438][HYDRA] 	#10 : dataset=gmsc arms=[ot_ple,learned_knot] seed=0 device=cuda out=outputs/s1_noot
[2026-07-30 12:10:29,872][__main__][INFO] - resample 1/20 done
[2026-07-30 12:10:47,709][__main__][INFO] - resample 2/20 done
[2026-07-30 12:11:05,652][__main__][INFO] - resample 3/20 done
[2026-07-30 12:11:24,007][__main__][INFO] - resample 4/20 done
[2026-07-30 12:11:41,996][__main__][INFO] - resample 5/20 done
[2026-07-30 12:11:59,367][__main__][INFO] - resample 6/20 done
[2026-07-30 12:12:16,796][__main__][INFO] - resample 7/20 done
[2026-07-30 12:12:34,085][__main__][INFO] - resample 8/20 done
[2026-07-30 12:12:52,851][__main__][INFO] - resample 9/20 done
[2026-07-30 12:13:10,885][__main__][INFO] - resample 10/20 done
[2026-07-30 12:13:28,755][__main__][INFO] - resample 11/20 done
[2026-07-30 12:13:46,389][__main__][INFO] - resample 12/20 done
[2026-07-30 12:14:04,210][__main__][INFO] - resample 13/20 done
[2026-07-30 12:14:21,894][__main__][INFO] - resample 14/20 done
[2026-07-30 12:14:39,167][__main__][INFO] - resample 15/20 done
[2026-07-30 12:14:56,622][__main__][INFO] - resample 16/20 done
[2026-07-30 12:15:14,015][__main__][INFO] - resample 17/20 done
[2026-07-30 12:15:31,421][__main__][INFO] - resample 18/20 done
[2026-07-30 12:15:49,108][__main__][INFO] - resample 19/20 done
[2026-07-30 12:16:06,923][__main__][INFO] - resample 20/20 done
[2026-07-30 12:16:06,993][__main__][INFO] - S1 gmsc/ot_ple: hausdorff=0.00744 auc=0.8535
[2026-07-30 12:16:06,993][__main__][INFO] - S1 gmsc/learned_knot: hausdorff=0.00855 auc=0.8533
[2026-07-30 12:16:06,996][HYDRA] 	#11 : dataset=gmsc arms=[ot_ple,learned_knot] seed=1 device=cuda out=outputs/s1_noot
[2026-07-30 12:16:25,005][__main__][INFO] - resample 1/20 done
[2026-07-30 12:16:42,671][__main__][INFO] - resample 2/20 done
[2026-07-30 12:17:00,578][__main__][INFO] - resample 3/20 done
[2026-07-30 12:17:19,040][__main__][INFO] - resample 4/20 done
[2026-07-30 12:17:37,037][__main__][INFO] - resample 5/20 done
[2026-07-30 12:17:54,745][__main__][INFO] - resample 6/20 done
[2026-07-30 12:18:11,692][__main__][INFO] - resample 7/20 done
[2026-07-30 12:18:28,706][__main__][INFO] - resample 8/20 done
[2026-07-30 12:18:46,279][__main__][INFO] - resample 9/20 done
[2026-07-30 12:19:03,911][__main__][INFO] - resample 10/20 done
[2026-07-30 12:19:21,615][__main__][INFO] - resample 11/20 done
[2026-07-30 12:19:39,318][__main__][INFO] - resample 12/20 done
[2026-07-30 12:19:57,179][__main__][INFO] - resample 13/20 done
[2026-07-30 12:20:15,135][__main__][INFO] - resample 14/20 done
[2026-07-30 12:20:32,980][__main__][INFO] - resample 15/20 done
[2026-07-30 12:20:51,305][__main__][INFO] - resample 16/20 done
[2026-07-30 12:21:09,071][__main__][INFO] - resample 17/20 done
[2026-07-30 12:21:27,376][__main__][INFO] - resample 18/20 done
[2026-07-30 12:21:44,829][__main__][INFO] - resample 19/20 done
[2026-07-30 12:22:02,424][__main__][INFO] - resample 20/20 done
[2026-07-30 12:22:02,494][__main__][INFO] - S1 gmsc/ot_ple: hausdorff=0.01274 auc=0.8543
[2026-07-30 12:22:02,495][__main__][INFO] - S1 gmsc/learned_knot: hausdorff=0.00662 auc=0.8533
[2026-07-30 12:22:02,499][HYDRA] 	#12 : dataset=gmsc arms=[ot_ple,learned_knot] seed=2 device=cuda out=outputs/s1_noot
[2026-07-30 12:22:20,787][__main__][INFO] - resample 1/20 done
[2026-07-30 12:22:38,602][__main__][INFO] - resample 2/20 done
[2026-07-30 12:22:55,987][__main__][INFO] - resample 3/20 done
[2026-07-30 12:23:14,018][__main__][INFO] - resample 4/20 done
[2026-07-30 12:23:31,609][__main__][INFO] - resample 5/20 done
[2026-07-30 12:23:48,878][__main__][INFO] - resample 6/20 done
[2026-07-30 12:24:06,615][__main__][INFO] - resample 7/20 done
[2026-07-30 12:24:24,527][__main__][INFO] - resample 8/20 done
[2026-07-30 12:24:42,616][__main__][INFO] - resample 9/20 done
[2026-07-30 12:25:00,015][__main__][INFO] - resample 10/20 done
[2026-07-30 12:25:17,891][__main__][INFO] - resample 11/20 done
[2026-07-30 12:25:35,713][__main__][INFO] - resample 12/20 done
[2026-07-30 12:25:53,360][__main__][INFO] - resample 13/20 done
[2026-07-30 12:26:10,695][__main__][INFO] - resample 14/20 done
[2026-07-30 12:26:28,149][__main__][INFO] - resample 15/20 done
[2026-07-30 12:26:46,151][__main__][INFO] - resample 16/20 done
[2026-07-30 12:27:04,056][__main__][INFO] - resample 17/20 done
[2026-07-30 12:27:22,362][__main__][INFO] - resample 18/20 done
[2026-07-30 12:27:40,214][__main__][INFO] - resample 19/20 done
[2026-07-30 12:27:58,624][__main__][INFO] - resample 20/20 done
[2026-07-30 12:27:58,703][__main__][INFO] - S1 gmsc/ot_ple: hausdorff=0.00889 auc=0.8525
[2026-07-30 12:27:58,703][__main__][INFO] - S1 gmsc/learned_knot: hausdorff=0.00339 auc=0.8526
[2026-07-30 12:27:58,706][HYDRA] 	#13 : dataset=gmsc arms=[ot_ple,learned_knot] seed=3 device=cuda out=outputs/s1_noot
[2026-07-30 12:28:16,573][__main__][INFO] - resample 1/20 done
[2026-07-30 12:28:34,206][__main__][INFO] - resample 2/20 done
[2026-07-30 12:28:51,952][__main__][INFO] - resample 3/20 done
[2026-07-30 12:29:09,222][__main__][INFO] - resample 4/20 done
[2026-07-30 12:29:26,702][__main__][INFO] - resample 5/20 done
[2026-07-30 12:29:44,443][__main__][INFO] - resample 6/20 done
[2026-07-30 12:30:02,081][__main__][INFO] - resample 7/20 done
[2026-07-30 12:30:19,468][__main__][INFO] - resample 8/20 done
[2026-07-30 12:30:37,000][__main__][INFO] - resample 9/20 done
[2026-07-30 12:30:54,216][__main__][INFO] - resample 10/20 done
[2026-07-30 12:31:11,363][__main__][INFO] - resample 11/20 done
[2026-07-30 12:31:28,579][__main__][INFO] - resample 12/20 done
[2026-07-30 12:31:45,962][__main__][INFO] - resample 13/20 done
[2026-07-30 12:32:03,777][__main__][INFO] - resample 14/20 done
[2026-07-30 12:32:21,275][__main__][INFO] - resample 15/20 done
[2026-07-30 12:32:38,879][__main__][INFO] - resample 16/20 done
[2026-07-30 12:32:56,358][__main__][INFO] - resample 17/20 done
[2026-07-30 12:33:13,937][__main__][INFO] - resample 18/20 done
[2026-07-30 12:33:31,501][__main__][INFO] - resample 19/20 done
[2026-07-30 12:33:49,758][__main__][INFO] - resample 20/20 done
[2026-07-30 12:33:53,387][__main__][INFO] - S1 gmsc/ot_ple: hausdorff=0.00418 auc=0.8526
[2026-07-30 12:33:53,458][__main__][INFO] - S1 gmsc/learned_knot: hausdorff=0.00849 auc=0.8533
[2026-07-30 12:33:53,509][HYDRA] 	#14 : dataset=gmsc arms=[ot_ple,learned_knot] seed=4 device=cuda out=outputs/s1_noot
[2026-07-30 12:34:13,027][__main__][INFO] - resample 1/20 done
[2026-07-30 12:34:30,499][__main__][INFO] - resample 2/20 done
[2026-07-30 12:34:47,934][__main__][INFO] - resample 3/20 done
[2026-07-30 12:35:05,681][__main__][INFO] - resample 4/20 done
[2026-07-30 12:35:23,355][__main__][INFO] - resample 5/20 done
[2026-07-30 12:35:41,129][__main__][INFO] - resample 6/20 done
[2026-07-30 12:35:58,661][__main__][INFO] - resample 7/20 done
[2026-07-30 12:36:16,147][__main__][INFO] - resample 8/20 done
[2026-07-30 12:36:33,499][__main__][INFO] - resample 9/20 done
[2026-07-30 12:36:50,893][__main__][INFO] - resample 10/20 done
[2026-07-30 12:37:08,648][__main__][INFO] - resample 11/20 done
[2026-07-30 12:37:26,195][__main__][INFO] - resample 12/20 done
[2026-07-30 12:37:43,530][__main__][INFO] - resample 13/20 done
[2026-07-30 12:38:01,160][__main__][INFO] - resample 14/20 done
[2026-07-30 12:38:18,897][__main__][INFO] - resample 15/20 done
[2026-07-30 12:38:36,596][__main__][INFO] - resample 16/20 done
[2026-07-30 12:38:54,047][__main__][INFO] - resample 17/20 done
[2026-07-30 12:39:11,779][__main__][INFO] - resample 18/20 done
[2026-07-30 12:39:29,432][__main__][INFO] - resample 19/20 done
[2026-07-30 12:39:46,678][__main__][INFO] - resample 20/20 done
[2026-07-30 12:39:48,618][__main__][INFO] - S1 gmsc/ot_ple: hausdorff=0.01155 auc=0.8526
[2026-07-30 12:39:48,619][__main__][INFO] - S1 gmsc/learned_knot: hausdorff=0.00361 auc=0.8529
[2026-07-30 12:39:48,643][HYDRA] 	#15 : dataset=adult arms=[ot_ple,learned_knot] seed=0 device=cuda out=outputs/s1_noot
[2026-07-30 12:39:54,943][__main__][INFO] - resample 1/20 done
[2026-07-30 12:40:00,319][__main__][INFO] - resample 2/20 done
[2026-07-30 12:40:05,934][__main__][INFO] - resample 3/20 done
[2026-07-30 12:40:11,495][__main__][INFO] - resample 4/20 done
[2026-07-30 12:40:16,998][__main__][INFO] - resample 5/20 done
[2026-07-30 12:40:22,408][__main__][INFO] - resample 6/20 done
[2026-07-30 12:40:27,941][__main__][INFO] - resample 7/20 done
[2026-07-30 12:40:33,423][__main__][INFO] - resample 8/20 done
[2026-07-30 12:40:38,988][__main__][INFO] - resample 9/20 done
[2026-07-30 12:40:44,414][__main__][INFO] - resample 10/20 done
[2026-07-30 12:40:49,943][__main__][INFO] - resample 11/20 done
[2026-07-30 12:40:55,583][__main__][INFO] - resample 12/20 done
[2026-07-30 12:41:01,167][__main__][INFO] - resample 13/20 done
[2026-07-30 12:41:06,735][__main__][INFO] - resample 14/20 done
[2026-07-30 12:41:12,142][__main__][INFO] - resample 15/20 done
[2026-07-30 12:41:17,687][__main__][INFO] - resample 16/20 done
[2026-07-30 12:41:23,271][__main__][INFO] - resample 17/20 done
[2026-07-30 12:41:29,082][__main__][INFO] - resample 18/20 done
[2026-07-30 12:41:34,596][__main__][INFO] - resample 19/20 done
[2026-07-30 12:41:40,054][__main__][INFO] - resample 20/20 done
[2026-07-30 12:41:41,390][__main__][INFO] - S1 adult/ot_ple: hausdorff=0.00708 auc=0.8574
[2026-07-30 12:41:41,391][__main__][INFO] - S1 adult/learned_knot: hausdorff=0.00404 auc=0.8573
[2026-07-30 12:41:41,405][HYDRA] 	#16 : dataset=adult arms=[ot_ple,learned_knot] seed=1 device=cuda out=outputs/s1_noot
[2026-07-30 12:41:47,607][__main__][INFO] - resample 1/20 done
[2026-07-30 12:41:53,030][__main__][INFO] - resample 2/20 done
[2026-07-30 12:41:58,621][__main__][INFO] - resample 3/20 done
[2026-07-30 12:42:04,121][__main__][INFO] - resample 4/20 done
[2026-07-30 12:42:09,702][__main__][INFO] - resample 5/20 done
[2026-07-30 12:42:15,037][__main__][INFO] - resample 6/20 done
[2026-07-30 12:42:20,559][__main__][INFO] - resample 7/20 done
[2026-07-30 12:42:26,091][__main__][INFO] - resample 8/20 done
[2026-07-30 12:42:31,602][__main__][INFO] - resample 9/20 done
[2026-07-30 12:42:37,179][__main__][INFO] - resample 10/20 done
[2026-07-30 12:42:42,647][__main__][INFO] - resample 11/20 done
[2026-07-30 12:42:48,228][__main__][INFO] - resample 12/20 done
[2026-07-30 12:42:53,724][__main__][INFO] - resample 13/20 done
[2026-07-30 12:42:59,296][__main__][INFO] - resample 14/20 done
[2026-07-30 12:43:04,707][__main__][INFO] - resample 15/20 done
[2026-07-30 12:43:10,126][__main__][INFO] - resample 16/20 done
[2026-07-30 12:43:15,597][__main__][INFO] - resample 17/20 done
[2026-07-30 12:43:21,189][__main__][INFO] - resample 18/20 done
[2026-07-30 12:43:26,679][__main__][INFO] - resample 19/20 done
[2026-07-30 12:43:32,191][__main__][INFO] - resample 20/20 done
[2026-07-30 12:43:32,366][__main__][INFO] - S1 adult/ot_ple: hausdorff=0.00804 auc=0.8504
[2026-07-30 12:43:32,366][__main__][INFO] - S1 adult/learned_knot: hausdorff=0.00599 auc=0.8506
[2026-07-30 12:43:32,369][HYDRA] 	#17 : dataset=adult arms=[ot_ple,learned_knot] seed=2 device=cuda out=outputs/s1_noot
[2026-07-30 12:43:38,408][__main__][INFO] - resample 1/20 done
[2026-07-30 12:43:44,059][__main__][INFO] - resample 2/20 done
[2026-07-30 12:43:49,428][__main__][INFO] - resample 3/20 done
[2026-07-30 12:43:54,899][__main__][INFO] - resample 4/20 done
[2026-07-30 12:44:00,325][__main__][INFO] - resample 5/20 done
[2026-07-30 12:44:05,822][__main__][INFO] - resample 6/20 done
[2026-07-30 12:44:11,320][__main__][INFO] - resample 7/20 done
[2026-07-30 12:44:16,789][__main__][INFO] - resample 8/20 done
[2026-07-30 12:44:22,381][__main__][INFO] - resample 9/20 done
[2026-07-30 12:44:27,882][__main__][INFO] - resample 10/20 done
[2026-07-30 12:44:33,269][__main__][INFO] - resample 11/20 done
[2026-07-30 12:44:38,721][__main__][INFO] - resample 12/20 done
[2026-07-30 12:44:44,141][__main__][INFO] - resample 13/20 done
[2026-07-30 12:44:49,588][__main__][INFO] - resample 14/20 done
[2026-07-30 12:44:54,919][__main__][INFO] - resample 15/20 done
[2026-07-30 12:45:00,476][__main__][INFO] - resample 16/20 done
[2026-07-30 12:45:05,923][__main__][INFO] - resample 17/20 done
[2026-07-30 12:45:11,381][__main__][INFO] - resample 18/20 done
[2026-07-30 12:45:16,843][__main__][INFO] - resample 19/20 done
[2026-07-30 12:45:22,311][__main__][INFO] - resample 20/20 done
[2026-07-30 12:45:22,390][__main__][INFO] - S1 adult/ot_ple: hausdorff=0.02827 auc=0.8501
[2026-07-30 12:45:22,390][__main__][INFO] - S1 adult/learned_knot: hausdorff=0.00329 auc=0.8495
[2026-07-30 12:45:22,394][HYDRA] 	#18 : dataset=adult arms=[ot_ple,learned_knot] seed=3 device=cuda out=outputs/s1_noot
[2026-07-30 12:45:28,083][__main__][INFO] - resample 1/20 done
[2026-07-30 12:45:33,651][__main__][INFO] - resample 2/20 done
[2026-07-30 12:45:39,183][__main__][INFO] - resample 3/20 done
[2026-07-30 12:45:44,705][__main__][INFO] - resample 4/20 done
[2026-07-30 12:45:50,277][__main__][INFO] - resample 5/20 done
[2026-07-30 12:45:55,810][__main__][INFO] - resample 6/20 done
[2026-07-30 12:46:01,400][__main__][INFO] - resample 7/20 done
[2026-07-30 12:46:06,885][__main__][INFO] - resample 8/20 done
[2026-07-30 12:46:12,302][__main__][INFO] - resample 9/20 done
[2026-07-30 12:46:17,750][__main__][INFO] - resample 10/20 done
[2026-07-30 12:46:23,200][__main__][INFO] - resample 11/20 done
[2026-07-30 12:46:28,624][__main__][INFO] - resample 12/20 done
[2026-07-30 12:46:34,055][__main__][INFO] - resample 13/20 done
[2026-07-30 12:46:39,623][__main__][INFO] - resample 14/20 done
[2026-07-30 12:46:44,902][__main__][INFO] - resample 15/20 done
[2026-07-30 12:46:50,311][__main__][INFO] - resample 16/20 done
[2026-07-30 12:46:55,694][__main__][INFO] - resample 17/20 done
[2026-07-30 12:47:01,256][__main__][INFO] - resample 18/20 done
[2026-07-30 12:47:06,695][__main__][INFO] - resample 19/20 done
[2026-07-30 12:47:12,146][__main__][INFO] - resample 20/20 done
[2026-07-30 12:47:12,211][__main__][INFO] - S1 adult/ot_ple: hausdorff=0.00642 auc=0.8550
[2026-07-30 12:47:12,211][__main__][INFO] - S1 adult/learned_knot: hausdorff=0.00366 auc=0.8555
[2026-07-30 12:47:12,216][HYDRA] 	#19 : dataset=adult arms=[ot_ple,learned_knot] seed=4 device=cuda out=outputs/s1_noot
[2026-07-30 12:47:17,831][__main__][INFO] - resample 1/20 done
[2026-07-30 12:47:23,251][__main__][INFO] - resample 2/20 done
[2026-07-30 12:47:28,704][__main__][INFO] - resample 3/20 done
[2026-07-30 12:47:34,210][__main__][INFO] - resample 4/20 done
[2026-07-30 12:47:39,642][__main__][INFO] - resample 5/20 done
[2026-07-30 12:47:45,168][__main__][INFO] - resample 6/20 done
[2026-07-30 12:47:50,468][__main__][INFO] - resample 7/20 done
[2026-07-30 12:47:55,891][__main__][INFO] - resample 8/20 done
[2026-07-30 12:48:01,475][__main__][INFO] - resample 9/20 done
[2026-07-30 12:48:06,938][__main__][INFO] - resample 10/20 done
[2026-07-30 12:48:12,466][__main__][INFO] - resample 11/20 done
[2026-07-30 12:48:17,997][__main__][INFO] - resample 12/20 done
[2026-07-30 12:48:23,459][__main__][INFO] - resample 13/20 done
[2026-07-30 12:48:28,967][__main__][INFO] - resample 14/20 done
[2026-07-30 12:48:34,573][__main__][INFO] - resample 15/20 done
[2026-07-30 12:48:40,006][__main__][INFO] - resample 16/20 done
[2026-07-30 12:48:45,433][__main__][INFO] - resample 17/20 done
[2026-07-30 12:48:50,769][__main__][INFO] - resample 18/20 done
[2026-07-30 12:48:56,328][__main__][INFO] - resample 19/20 done
[2026-07-30 12:49:01,964][__main__][INFO] - resample 20/20 done
[2026-07-30 12:49:02,029][__main__][INFO] - S1 adult/ot_ple: hausdorff=0.00623 auc=0.8527
[2026-07-30 12:49:02,030][__main__][INFO] - S1 adult/learned_knot: hausdorff=0.00424 auc=0.8534
