nohup: ignoring input
[2026-08-03 20:14:12,827][HYDRA] Launching 2 jobs locally
[2026-08-03 20:14:12,827][HYDRA] 	#0 : dataset=gmsc seed=0 out=outputs/scaling
MonthlyIncome 10 auto 60 done
MonthlyIncome 10 auto 300 done
MonthlyIncome 20 auto 60 done
MonthlyIncome 20 auto 300 done
MonthlyIncome 40 auto 60 done
MonthlyIncome 40 auto 300 done
MonthlyIncome 60 auto 60 done
MonthlyIncome 60 auto 300 done
MonthlyIncome 80 auto 60 done
MonthlyIncome 80 auto 300 done
MonthlyIncome 100 auto 60 done
MonthlyIncome 100 auto 300 done
NumberOfTimes90DaysLate 10 auto 60 done
NumberOfTimes90DaysLate 10 auto 300 done
NumberOfTimes90DaysLate 20 auto 60 done
NumberOfTimes90DaysLate 20 auto 300 done
NumberOfTimes90DaysLate 40 auto 60 done
NumberOfTimes90DaysLate 40 auto 300 done
NumberOfTimes90DaysLate 60 auto 60 done
NumberOfTimes90DaysLate 60 auto 300 done
NumberOfTimes90DaysLate 80 auto 60 done
NumberOfTimes90DaysLate 80 auto 300 done
NumberOfTimes90DaysLate 100 auto 60 done
NumberOfTimes90DaysLate 100 auto 300 done
NumberOfTime30-59DaysPastDueNotWorse 10 auto 60 done
NumberOfTime30-59DaysPastDueNotWorse 10 auto 300 done
NumberOfTime30-59DaysPastDueNotWorse 20 auto 60 done
NumberOfTime30-59DaysPastDueNotWorse 20 auto 300 done
NumberOfTime30-59DaysPastDueNotWorse 40 auto 60 done
NumberOfTime30-59DaysPastDueNotWorse 40 auto 300 done
NumberOfTime30-59DaysPastDueNotWorse 60 auto 60 done
NumberOfTime30-59DaysPastDueNotWorse 60 auto 300 done
NumberOfTime30-59DaysPastDueNotWorse 80 auto 60 done
NumberOfTime30-59DaysPastDueNotWorse 80 auto 300 done
NumberOfTime30-59DaysPastDueNotWorse 100 auto 60 done
NumberOfTime30-59DaysPastDueNotWorse 100 auto 300 done
NumberRealEstateLoansOrLines 10 auto 60 done
NumberRealEstateLoansOrLines 10 auto 300 done
NumberRealEstateLoansOrLines 20 auto 60 done
NumberRealEstateLoansOrLines 20 auto 300 done
NumberRealEstateLoansOrLines 40 auto 60 done
NumberRealEstateLoansOrLines 40 auto 300 done
NumberRealEstateLoansOrLines 60 auto 60 done
NumberRealEstateLoansOrLines 60 auto 300 done
NumberRealEstateLoansOrLines 80 auto 60 done
NumberRealEstateLoansOrLines 80 auto 300 done
NumberRealEstateLoansOrLines 100 auto 60 done
NumberRealEstateLoansOrLines 100 auto 300 done
DebtRatio 10 auto 60 done
DebtRatio 10 auto 300 done
DebtRatio 20 auto 60 done
DebtRatio 20 auto 300 done
DebtRatio 40 auto 60 done
DebtRatio 40 auto 300 done
DebtRatio 60 auto 60 done
DebtRatio 60 auto 300 done
DebtRatio 80 auto 60 done
DebtRatio 80 auto 300 done
DebtRatio 100 auto 60 done
DebtRatio 100 auto 300 done
NumberOfOpenCreditLinesAndLoans 10 auto 60 done
NumberOfOpenCreditLinesAndLoans 10 auto 300 done
NumberOfOpenCreditLinesAndLoans 20 auto 60 done
NumberOfOpenCreditLinesAndLoans 20 auto 300 done
NumberOfOpenCreditLinesAndLoans 40 auto 60 done
NumberOfOpenCreditLinesAndLoans 40 auto 300 done
NumberOfOpenCreditLinesAndLoans 60 auto 60 done
NumberOfOpenCreditLinesAndLoans 60 auto 300 done
NumberOfOpenCreditLinesAndLoans 80 auto 60 done
NumberOfOpenCreditLinesAndLoans 80 auto 300 done
NumberOfOpenCreditLinesAndLoans 100 auto 60 done
NumberOfOpenCreditLinesAndLoans 100 auto 300 done
SCALING: wrote 360 rows -> outputs/scaling/scaling_gmsc_0.parquet
[2026-08-03 20:15:13,409][HYDRA] 	#1 : dataset=aps seed=0 out=outputs/scaling
ea_000 10 auto 60 done
ea_000 10 auto 300 done
ea_000 20 auto 60 done
ea_000 20 auto 300 done
ea_000 40 auto 60 done
ea_000 40 auto 300 done
ea_000 60 auto 60 done
ea_000 60 auto 300 done
ea_000 80 auto 60 done
ea_000 80 auto 300 done
ea_000 100 auto 60 done
ea_000 100 auto 300 done
ce_000 10 auto 60 done
ce_000 10 auto 300 done
ce_000 20 auto 60 done
ce_000 20 auto 300 done
ce_000 40 auto 60 done
ce_000 40 auto 300 done
ce_000 60 auto 60 done
ce_000 60 auto 300 done
ce_000 80 auto 60 done
ce_000 80 auto 300 done
ce_000 100 auto 60 done
ce_000 100 auto 300 done
bd_000 10 auto 60 done
bd_000 10 auto 300 done
bd_000 20 auto 60 done
bd_000 20 auto 300 done
bd_000 40 auto 60 done
bd_000 40 auto 300 done
bd_000 60 auto 60 done
bd_000 60 auto 300 done
bd_000 80 auto 60 done
bd_000 80 auto 300 done
bd_000 100 auto 60 done
bd_000 100 auto 300 done
cc_000 10 auto 60 done
cc_000 10 auto 300 done
cc_000 20 auto 60 done
cc_000 20 auto 300 done
cc_000 40 auto 60 done
cc_000 40 auto 300 done
cc_000 60 auto 60 done
cc_000 60 auto 300 done
cc_000 80 auto 60 done
cc_000 80 auto 300 done
cc_000 100 auto 60 done
cc_000 100 auto 300 done
cq_000 10 auto 60 done
cq_000 10 auto 300 done
cq_000 20 auto 60 done
cq_000 20 auto 300 done
cq_000 40 auto 60 done
cq_000 40 auto 300 done
cq_000 60 auto 60 done
cq_000 60 auto 300 done
cq_000 80 auto 60 done
cq_000 80 auto 300 done
cq_000 100 auto 60 done
cq_000 100 auto 300 done
cs_009 10 auto 60 done
cs_009 10 auto 300 done
cs_009 20 auto 60 done
cs_009 20 auto 300 done
cs_009 40 auto 60 done
cs_009 40 auto 300 done
cs_009 60 auto 60 done
cs_009 60 auto 300 done
cs_009 80 auto 60 done
cs_009 80 auto 300 done
cs_009 100 auto 60 done
cs_009 100 auto 300 done
SCALING: wrote 360 rows -> outputs/scaling/scaling_aps_0.parquet
