nohup: ignoring input
[2026-07-16 21:59:52,956][HYDRA] Launching 15 jobs locally
[2026-07-16 21:59:52,956][HYDRA] 	#0 : dataset=gmsc seed=0 device=cuda out=outputs/tok
[2026-07-16 21:59:55,866][__main__][INFO] - n=500 width: auc=0.7555 util=0.60
[2026-07-16 21:59:56,239][__main__][INFO] - n=500 quantile: auc=0.7611 util=0.57
[2026-07-16 21:59:57,479][__main__][INFO] - n=500 ot: auc=0.5387 util=0.59
[2026-07-16 21:59:58,101][__main__][INFO] - n=2000 width: auc=0.7802 util=0.62
[2026-07-16 21:59:58,714][__main__][INFO] - n=2000 quantile: auc=0.7709 util=0.58
[2026-07-16 22:00:00,523][__main__][INFO] - n=2000 ot: auc=0.7244 util=0.59
[2026-07-16 22:00:02,652][__main__][INFO] - n=8000 width: auc=0.8053 util=0.62
[2026-07-16 22:00:04,717][__main__][INFO] - n=8000 quantile: auc=0.7996 util=0.58
[2026-07-16 22:00:10,140][__main__][INFO] - n=8000 ot: auc=0.8014 util=0.59
[2026-07-16 22:00:33,442][__main__][INFO] - n=full width: auc=0.8488 util=0.62
[2026-07-16 22:00:55,721][__main__][INFO] - n=full quantile: auc=0.8444 util=0.58
[2026-07-16 22:01:54,127][__main__][INFO] - n=full ot: auc=0.8322 util=0.64
[2026-07-16 22:01:54,169][__main__][INFO] - E-TOK: wrote outputs/tok/tok_gmsc_0.parquet
[2026-07-16 22:01:54,172][HYDRA] 	#1 : dataset=gmsc seed=1 device=cuda out=outputs/tok
[2026-07-16 22:01:54,764][__main__][INFO] - n=500 width: auc=0.7734 util=0.61
[2026-07-16 22:01:55,110][__main__][INFO] - n=500 quantile: auc=0.7730 util=0.57
[2026-07-16 22:01:56,196][__main__][INFO] - n=500 ot: auc=0.7054 util=0.61
[2026-07-16 22:01:56,783][__main__][INFO] - n=2000 width: auc=0.7654 util=0.62
[2026-07-16 22:01:57,366][__main__][INFO] - n=2000 quantile: auc=0.8035 util=0.58
[2026-07-16 22:01:59,059][__main__][INFO] - n=2000 ot: auc=0.7745 util=0.60
[2026-07-16 22:02:01,020][__main__][INFO] - n=8000 width: auc=0.8161 util=0.61
[2026-07-16 22:02:02,981][__main__][INFO] - n=8000 quantile: auc=0.8123 util=0.58
[2026-07-16 22:02:08,295][__main__][INFO] - n=8000 ot: auc=0.8141 util=0.59
[2026-07-16 22:02:30,230][__main__][INFO] - n=full width: auc=0.8451 util=0.62
[2026-07-16 22:02:52,165][__main__][INFO] - n=full quantile: auc=0.8471 util=0.58
[2026-07-16 22:03:50,577][__main__][INFO] - n=full ot: auc=0.8136 util=0.62
[2026-07-16 22:03:50,585][__main__][INFO] - E-TOK: wrote outputs/tok/tok_gmsc_1.parquet
[2026-07-16 22:03:50,587][HYDRA] 	#2 : dataset=gmsc seed=2 device=cuda out=outputs/tok
[2026-07-16 22:03:51,181][__main__][INFO] - n=500 width: auc=0.7823 util=0.61
[2026-07-16 22:03:51,522][__main__][INFO] - n=500 quantile: auc=0.7819 util=0.57
[2026-07-16 22:03:52,616][__main__][INFO] - n=500 ot: auc=0.4749 util=0.60
[2026-07-16 22:03:53,195][__main__][INFO] - n=2000 width: auc=0.8177 util=0.62
[2026-07-16 22:03:53,771][__main__][INFO] - n=2000 quantile: auc=0.8141 util=0.58
[2026-07-16 22:03:55,465][__main__][INFO] - n=2000 ot: auc=0.5776 util=0.59
[2026-07-16 22:03:57,426][__main__][INFO] - n=8000 width: auc=0.8172 util=0.62
[2026-07-16 22:03:59,379][__main__][INFO] - n=8000 quantile: auc=0.8217 util=0.58
[2026-07-16 22:04:04,684][__main__][INFO] - n=8000 ot: auc=0.7795 util=0.61
[2026-07-16 22:04:26,580][__main__][INFO] - n=full width: auc=0.8464 util=0.62
[2026-07-16 22:04:48,543][__main__][INFO] - n=full quantile: auc=0.8461 util=0.58
[2026-07-16 22:05:46,875][__main__][INFO] - n=full ot: auc=0.8381 util=0.62
[2026-07-16 22:05:46,880][__main__][INFO] - E-TOK: wrote outputs/tok/tok_gmsc_2.parquet
[2026-07-16 22:05:46,882][HYDRA] 	#3 : dataset=gmsc seed=3 device=cuda out=outputs/tok
[2026-07-16 22:05:47,483][__main__][INFO] - n=500 width: auc=0.8054 util=0.62
[2026-07-16 22:05:47,821][__main__][INFO] - n=500 quantile: auc=0.7558 util=0.58
[2026-07-16 22:05:48,933][__main__][INFO] - n=500 ot: auc=0.7034 util=0.59
[2026-07-16 22:05:49,511][__main__][INFO] - n=2000 width: auc=0.7962 util=0.61
[2026-07-16 22:05:50,084][__main__][INFO] - n=2000 quantile: auc=0.7743 util=0.58
[2026-07-16 22:05:51,774][__main__][INFO] - n=2000 ot: auc=0.7702 util=0.60
[2026-07-16 22:05:53,742][__main__][INFO] - n=8000 width: auc=0.8111 util=0.61
[2026-07-16 22:05:55,731][__main__][INFO] - n=8000 quantile: auc=0.8071 util=0.58
[2026-07-16 22:06:01,046][__main__][INFO] - n=8000 ot: auc=0.8147 util=0.59
[2026-07-16 22:06:22,991][__main__][INFO] - n=full width: auc=0.8415 util=0.62
[2026-07-16 22:06:44,956][__main__][INFO] - n=full quantile: auc=0.8484 util=0.58
[2026-07-16 22:07:43,296][__main__][INFO] - n=full ot: auc=0.8219 util=0.63
[2026-07-16 22:07:43,305][__main__][INFO] - E-TOK: wrote outputs/tok/tok_gmsc_3.parquet
[2026-07-16 22:07:43,307][HYDRA] 	#4 : dataset=gmsc seed=4 device=cuda out=outputs/tok
[2026-07-16 22:07:43,892][__main__][INFO] - n=500 width: auc=0.7336 util=0.62
[2026-07-16 22:07:44,236][__main__][INFO] - n=500 quantile: auc=0.7881 util=0.57
[2026-07-16 22:07:45,335][__main__][INFO] - n=500 ot: auc=0.5447 util=0.61
[2026-07-16 22:07:45,913][__main__][INFO] - n=2000 width: auc=0.7714 util=0.61
[2026-07-16 22:07:46,512][__main__][INFO] - n=2000 quantile: auc=0.7935 util=0.58
[2026-07-16 22:07:48,205][__main__][INFO] - n=2000 ot: auc=0.7270 util=0.59
[2026-07-16 22:07:50,171][__main__][INFO] - n=8000 width: auc=0.8085 util=0.61
[2026-07-16 22:07:52,114][__main__][INFO] - n=8000 quantile: auc=0.8021 util=0.58
[2026-07-16 22:07:57,425][__main__][INFO] - n=8000 ot: auc=0.8125 util=0.59
[2026-07-16 22:08:19,366][__main__][INFO] - n=full width: auc=0.8419 util=0.62
[2026-07-16 22:08:41,332][__main__][INFO] - n=full quantile: auc=0.8433 util=0.58
[2026-07-16 22:09:39,656][__main__][INFO] - n=full ot: auc=0.8194 util=0.62
[2026-07-16 22:09:39,663][__main__][INFO] - E-TOK: wrote outputs/tok/tok_gmsc_4.parquet
[2026-07-16 22:09:39,665][HYDRA] 	#5 : dataset=adult seed=0 device=cuda out=outputs/tok
[2026-07-16 22:09:40,169][__main__][INFO] - n=500 width: auc=0.7563 util=0.77
[2026-07-16 22:09:40,465][__main__][INFO] - n=500 quantile: auc=0.7620 util=0.54
[2026-07-16 22:09:41,224][__main__][INFO] - n=500 ot: auc=0.7799 util=0.75
[2026-07-16 22:09:41,770][__main__][INFO] - n=2000 width: auc=0.8403 util=0.82
[2026-07-16 22:09:42,315][__main__][INFO] - n=2000 quantile: auc=0.8164 util=0.56
[2026-07-16 22:09:43,705][__main__][INFO] - n=2000 ot: auc=0.7820 util=0.82
[2026-07-16 22:09:45,585][__main__][INFO] - n=8000 width: auc=0.8484 util=0.79
[2026-07-16 22:09:47,508][__main__][INFO] - n=8000 quantile: auc=0.8158 util=0.56
[2026-07-16 22:09:52,475][__main__][INFO] - n=8000 ot: auc=0.7808 util=0.79
[2026-07-16 22:09:59,586][__main__][INFO] - n=full width: auc=0.8557 util=0.78
[2026-07-16 22:10:06,694][__main__][INFO] - n=full quantile: auc=0.8363 util=0.56
[2026-07-16 22:10:25,565][__main__][INFO] - n=full ot: auc=0.8379 util=0.81
[2026-07-16 22:10:25,571][__main__][INFO] - E-TOK: wrote outputs/tok/tok_adult_0.parquet
[2026-07-16 22:10:25,573][HYDRA] 	#6 : dataset=adult seed=1 device=cuda out=outputs/tok
[2026-07-16 22:10:26,064][__main__][INFO] - n=500 width: auc=0.7658 util=0.75
[2026-07-16 22:10:26,353][__main__][INFO] - n=500 quantile: auc=0.7675 util=0.54
[2026-07-16 22:10:27,122][__main__][INFO] - n=500 ot: auc=0.7772 util=0.74
[2026-07-16 22:10:27,633][__main__][INFO] - n=2000 width: auc=0.8321 util=0.78
[2026-07-16 22:10:28,135][__main__][INFO] - n=2000 quantile: auc=0.8092 util=0.56
[2026-07-16 22:10:29,524][__main__][INFO] - n=2000 ot: auc=0.7837 util=0.78
[2026-07-16 22:10:31,456][__main__][INFO] - n=8000 width: auc=0.8419 util=0.79
[2026-07-16 22:10:33,337][__main__][INFO] - n=8000 quantile: auc=0.8181 util=0.55
[2026-07-16 22:10:38,333][__main__][INFO] - n=8000 ot: auc=0.7955 util=0.79
[2026-07-16 22:10:45,407][__main__][INFO] - n=full width: auc=0.8503 util=0.79
[2026-07-16 22:10:52,503][__main__][INFO] - n=full quantile: auc=0.8270 util=0.56
[2026-07-16 22:11:11,294][__main__][INFO] - n=full ot: auc=0.8282 util=0.81
[2026-07-16 22:11:11,301][__main__][INFO] - E-TOK: wrote outputs/tok/tok_adult_1.parquet
[2026-07-16 22:11:11,302][HYDRA] 	#7 : dataset=adult seed=2 device=cuda out=outputs/tok
[2026-07-16 22:11:11,798][__main__][INFO] - n=500 width: auc=0.8028 util=0.78
[2026-07-16 22:11:12,086][__main__][INFO] - n=500 quantile: auc=0.7771 util=0.55
[2026-07-16 22:11:12,853][__main__][INFO] - n=500 ot: auc=0.7599 util=0.77
[2026-07-16 22:11:13,364][__main__][INFO] - n=2000 width: auc=0.8373 util=0.79
[2026-07-16 22:11:13,879][__main__][INFO] - n=2000 quantile: auc=0.8178 util=0.55
[2026-07-16 22:11:15,263][__main__][INFO] - n=2000 ot: auc=0.7880 util=0.78
[2026-07-16 22:11:17,126][__main__][INFO] - n=8000 width: auc=0.8398 util=0.79
[2026-07-16 22:11:19,005][__main__][INFO] - n=8000 quantile: auc=0.8169 util=0.55
[2026-07-16 22:11:23,992][__main__][INFO] - n=8000 ot: auc=0.7899 util=0.80
[2026-07-16 22:11:31,083][__main__][INFO] - n=full width: auc=0.8522 util=0.79
[2026-07-16 22:11:38,183][__main__][INFO] - n=full quantile: auc=0.8324 util=0.56
[2026-07-16 22:11:57,003][__main__][INFO] - n=full ot: auc=0.8074 util=0.80
[2026-07-16 22:11:57,009][__main__][INFO] - E-TOK: wrote outputs/tok/tok_adult_2.parquet
[2026-07-16 22:11:57,010][HYDRA] 	#8 : dataset=adult seed=3 device=cuda out=outputs/tok
[2026-07-16 22:11:57,486][__main__][INFO] - n=500 width: auc=0.7879 util=0.75
[2026-07-16 22:11:57,757][__main__][INFO] - n=500 quantile: auc=0.7556 util=0.54
[2026-07-16 22:11:58,568][__main__][INFO] - n=500 ot: auc=0.7704 util=0.73
[2026-07-16 22:11:59,100][__main__][INFO] - n=2000 width: auc=0.8328 util=0.78
[2026-07-16 22:11:59,657][__main__][INFO] - n=2000 quantile: auc=0.8049 util=0.55
[2026-07-16 22:12:01,053][__main__][INFO] - n=2000 ot: auc=0.8029 util=0.77
[2026-07-16 22:12:02,957][__main__][INFO] - n=8000 width: auc=0.8392 util=0.80
[2026-07-16 22:12:04,839][__main__][INFO] - n=8000 quantile: auc=0.8145 util=0.56
[2026-07-16 22:12:09,805][__main__][INFO] - n=8000 ot: auc=0.8127 util=0.79
[2026-07-16 22:12:16,915][__main__][INFO] - n=full width: auc=0.8574 util=0.79
[2026-07-16 22:12:24,007][__main__][INFO] - n=full quantile: auc=0.8389 util=0.56
[2026-07-16 22:12:42,812][__main__][INFO] - n=full ot: auc=0.8312 util=0.82
[2026-07-16 22:12:42,818][__main__][INFO] - E-TOK: wrote outputs/tok/tok_adult_3.parquet
[2026-07-16 22:12:42,819][HYDRA] 	#9 : dataset=adult seed=4 device=cuda out=outputs/tok
[2026-07-16 22:12:43,307][__main__][INFO] - n=500 width: auc=0.7869 util=0.77
[2026-07-16 22:12:43,586][__main__][INFO] - n=500 quantile: auc=0.7949 util=0.56
[2026-07-16 22:12:44,437][__main__][INFO] - n=500 ot: auc=0.7720 util=0.76
[2026-07-16 22:12:44,934][__main__][INFO] - n=2000 width: auc=0.8285 util=0.81
[2026-07-16 22:12:45,443][__main__][INFO] - n=2000 quantile: auc=0.8169 util=0.56
[2026-07-16 22:12:46,804][__main__][INFO] - n=2000 ot: auc=0.7892 util=0.79
[2026-07-16 22:12:48,674][__main__][INFO] - n=8000 width: auc=0.8424 util=0.80
[2026-07-16 22:12:50,534][__main__][INFO] - n=8000 quantile: auc=0.8181 util=0.56
[2026-07-16 22:12:55,513][__main__][INFO] - n=8000 ot: auc=0.8033 util=0.80
[2026-07-16 22:13:02,634][__main__][INFO] - n=full width: auc=0.8565 util=0.78
[2026-07-16 22:13:09,725][__main__][INFO] - n=full quantile: auc=0.8317 util=0.56
[2026-07-16 22:13:28,514][__main__][INFO] - n=full ot: auc=0.8142 util=0.81
[2026-07-16 22:13:28,522][__main__][INFO] - E-TOK: wrote outputs/tok/tok_adult_4.parquet
[2026-07-16 22:13:28,523][HYDRA] 	#10 : dataset=higgs-small seed=0 device=cuda out=outputs/tok
[2026-07-16 22:13:29,299][__main__][INFO] - n=500 width: auc=0.5841 util=0.88
[2026-07-16 22:13:29,686][__main__][INFO] - n=500 quantile: auc=0.5942 util=0.88
[2026-07-16 22:13:30,702][__main__][INFO] - n=500 ot: auc=0.6491 util=0.88
[2026-07-16 22:13:31,330][__main__][INFO] - n=2000 width: auc=0.6242 util=0.88
[2026-07-16 22:13:31,979][__main__][INFO] - n=2000 quantile: auc=0.6255 util=0.88
[2026-07-16 22:13:33,593][__main__][INFO] - n=2000 ot: auc=0.6998 util=0.88
[2026-07-16 22:13:35,642][__main__][INFO] - n=8000 width: auc=0.6439 util=0.88
[2026-07-16 22:13:37,712][__main__][INFO] - n=8000 quantile: auc=0.6600 util=0.88
[2026-07-16 22:13:42,981][__main__][INFO] - n=8000 ot: auc=0.7058 util=0.88
[2026-07-16 22:13:57,707][__main__][INFO] - n=full width: auc=0.7476 util=0.88
[2026-07-16 22:14:12,575][__main__][INFO] - n=full quantile: auc=0.7445 util=0.88
[2026-07-16 22:14:51,142][__main__][INFO] - n=full ot: auc=0.7684 util=0.88
[2026-07-16 22:14:51,149][__main__][INFO] - E-TOK: wrote outputs/tok/tok_higgs-small_0.parquet
[2026-07-16 22:14:51,154][HYDRA] 	#11 : dataset=higgs-small seed=1 device=cuda out=outputs/tok
[2026-07-16 22:14:51,939][__main__][INFO] - n=500 width: auc=0.5860 util=0.88
[2026-07-16 22:14:52,319][__main__][INFO] - n=500 quantile: auc=0.5860 util=0.88
[2026-07-16 22:14:53,322][__main__][INFO] - n=500 ot: auc=0.6557 util=0.88
[2026-07-16 22:14:53,944][__main__][INFO] - n=2000 width: auc=0.6170 util=0.88
[2026-07-16 22:14:54,587][__main__][INFO] - n=2000 quantile: auc=0.6175 util=0.88
[2026-07-16 22:14:56,222][__main__][INFO] - n=2000 ot: auc=0.7143 util=0.88
[2026-07-16 22:14:58,281][__main__][INFO] - n=8000 width: auc=0.6742 util=0.88
[2026-07-16 22:15:00,332][__main__][INFO] - n=8000 quantile: auc=0.6589 util=0.88
[2026-07-16 22:15:05,582][__main__][INFO] - n=8000 ot: auc=0.7426 util=0.88
[2026-07-16 22:15:20,404][__main__][INFO] - n=full width: auc=0.7551 util=0.88
[2026-07-16 22:15:35,272][__main__][INFO] - n=full quantile: auc=0.7465 util=0.88
[2026-07-16 22:16:13,811][__main__][INFO] - n=full ot: auc=0.7787 util=0.88
[2026-07-16 22:16:13,818][__main__][INFO] - E-TOK: wrote outputs/tok/tok_higgs-small_1.parquet
[2026-07-16 22:16:13,821][HYDRA] 	#12 : dataset=higgs-small seed=2 device=cuda out=outputs/tok
[2026-07-16 22:16:14,613][__main__][INFO] - n=500 width: auc=0.5865 util=0.88
[2026-07-16 22:16:14,992][__main__][INFO] - n=500 quantile: auc=0.5858 util=0.88
[2026-07-16 22:16:16,011][__main__][INFO] - n=500 ot: auc=0.6276 util=0.88
[2026-07-16 22:16:16,638][__main__][INFO] - n=2000 width: auc=0.6166 util=0.88
[2026-07-16 22:16:17,266][__main__][INFO] - n=2000 quantile: auc=0.6156 util=0.88
[2026-07-16 22:16:18,880][__main__][INFO] - n=2000 ot: auc=0.7093 util=0.88
[2026-07-16 22:16:20,917][__main__][INFO] - n=8000 width: auc=0.6450 util=0.88
[2026-07-16 22:16:22,980][__main__][INFO] - n=8000 quantile: auc=0.6520 util=0.88
[2026-07-16 22:16:28,232][__main__][INFO] - n=8000 ot: auc=0.6916 util=0.88
[2026-07-16 22:16:43,037][__main__][INFO] - n=full width: auc=0.7479 util=0.88
[2026-07-16 22:16:57,910][__main__][INFO] - n=full quantile: auc=0.7432 util=0.88
[2026-07-16 22:17:36,570][__main__][INFO] - n=full ot: auc=0.7641 util=0.88
[2026-07-16 22:17:36,579][__main__][INFO] - E-TOK: wrote outputs/tok/tok_higgs-small_2.parquet
[2026-07-16 22:17:36,582][HYDRA] 	#13 : dataset=higgs-small seed=3 device=cuda out=outputs/tok
[2026-07-16 22:17:37,367][__main__][INFO] - n=500 width: auc=0.5840 util=0.88
[2026-07-16 22:17:37,748][__main__][INFO] - n=500 quantile: auc=0.5869 util=0.88
[2026-07-16 22:17:38,753][__main__][INFO] - n=500 ot: auc=0.6447 util=0.88
[2026-07-16 22:17:39,377][__main__][INFO] - n=2000 width: auc=0.6403 util=0.88
[2026-07-16 22:17:39,999][__main__][INFO] - n=2000 quantile: auc=0.6316 util=0.88
[2026-07-16 22:17:41,610][__main__][INFO] - n=2000 ot: auc=0.7055 util=0.88
[2026-07-16 22:17:43,659][__main__][INFO] - n=8000 width: auc=0.6595 util=0.88
[2026-07-16 22:17:45,702][__main__][INFO] - n=8000 quantile: auc=0.6428 util=0.88
[2026-07-16 22:17:50,962][__main__][INFO] - n=8000 ot: auc=0.7245 util=0.88
[2026-07-16 22:18:05,777][__main__][INFO] - n=full width: auc=0.7504 util=0.88
[2026-07-16 22:18:20,600][__main__][INFO] - n=full quantile: auc=0.7499 util=0.88
[2026-07-16 22:18:59,163][__main__][INFO] - n=full ot: auc=0.7751 util=0.88
[2026-07-16 22:18:59,169][__main__][INFO] - E-TOK: wrote outputs/tok/tok_higgs-small_3.parquet
[2026-07-16 22:18:59,172][HYDRA] 	#14 : dataset=higgs-small seed=4 device=cuda out=outputs/tok
[2026-07-16 22:18:59,955][__main__][INFO] - n=500 width: auc=0.5827 util=0.88
[2026-07-16 22:19:00,338][__main__][INFO] - n=500 quantile: auc=0.5772 util=0.88
[2026-07-16 22:19:01,341][__main__][INFO] - n=500 ot: auc=0.6567 util=0.88
[2026-07-16 22:19:01,966][__main__][INFO] - n=2000 width: auc=0.6182 util=0.88
[2026-07-16 22:19:02,609][__main__][INFO] - n=2000 quantile: auc=0.6247 util=0.88
[2026-07-16 22:19:04,230][__main__][INFO] - n=2000 ot: auc=0.7139 util=0.88
[2026-07-16 22:19:06,288][__main__][INFO] - n=8000 width: auc=0.6707 util=0.88
[2026-07-16 22:19:08,331][__main__][INFO] - n=8000 quantile: auc=0.6680 util=0.88
[2026-07-16 22:19:13,592][__main__][INFO] - n=8000 ot: auc=0.7386 util=0.88
[2026-07-16 22:19:28,308][__main__][INFO] - n=full width: auc=0.7539 util=0.88
[2026-07-16 22:19:43,117][__main__][INFO] - n=full quantile: auc=0.7569 util=0.88
[2026-07-16 22:20:21,663][__main__][INFO] - n=full ot: auc=0.7752 util=0.88
[2026-07-16 22:20:21,670][__main__][INFO] - E-TOK: wrote outputs/tok/tok_higgs-small_4.parquet
