nohup: ignoring input
[2026-07-16 23:22:16,026][HYDRA] Launching 15 jobs locally
[2026-07-16 23:22:16,026][HYDRA] 	#0 : dataset=gmsc seed=0 device=cuda out=outputs/tok2
[2026-07-16 23:22:23,178][__main__][INFO] - n=500 width: auc=0.6705 util=0.60
[2026-07-16 23:22:28,087][__main__][INFO] - n=500 quantile: auc=0.6974 util=0.57
[2026-07-16 23:22:40,746][__main__][INFO] - n=500 ot: auc=0.6704 util=0.59
[2026-07-16 23:22:50,543][__main__][INFO] - n=2000 width: auc=0.7346 util=0.62
[2026-07-16 23:23:00,274][__main__][INFO] - n=2000 quantile: auc=0.6998 util=0.58
[2026-07-16 23:23:25,413][__main__][INFO] - n=2000 ot: auc=0.7387 util=0.61
[2026-07-16 23:23:31,056][__main__][INFO] - n=8000 width: auc=0.6968 util=0.62
[2026-07-16 23:23:36,714][__main__][INFO] - n=8000 quantile: auc=0.7101 util=0.58
[2026-07-16 23:23:51,134][__main__][INFO] - n=8000 ot: auc=0.7958 util=0.61
[2026-07-16 23:24:14,433][__main__][INFO] - n=full width: auc=0.8488 util=0.62
[2026-07-16 23:24:37,655][__main__][INFO] - n=full quantile: auc=0.8444 util=0.58
[2026-07-16 23:25:36,511][__main__][INFO] - n=full ot: auc=0.8322 util=0.64
[2026-07-16 23:25:36,532][__main__][INFO] - E-TOK: wrote outputs/tok2/tok_gmsc_0.parquet
[2026-07-16 23:25:36,534][HYDRA] 	#1 : dataset=gmsc seed=1 device=cuda out=outputs/tok2
[2026-07-16 23:25:41,704][__main__][INFO] - n=500 width: auc=0.6861 util=0.61
[2026-07-16 23:25:46,646][__main__][INFO] - n=500 quantile: auc=0.7265 util=0.57
[2026-07-16 23:25:59,433][__main__][INFO] - n=500 ot: auc=0.6511 util=0.61
[2026-07-16 23:26:09,252][__main__][INFO] - n=2000 width: auc=0.6986 util=0.62
[2026-07-16 23:26:19,086][__main__][INFO] - n=2000 quantile: auc=0.7464 util=0.58
[2026-07-16 23:26:43,961][__main__][INFO] - n=2000 ot: auc=0.7379 util=0.61
[2026-07-16 23:26:49,697][__main__][INFO] - n=8000 width: auc=0.7618 util=0.61
[2026-07-16 23:26:55,205][__main__][INFO] - n=8000 quantile: auc=0.7660 util=0.58
[2026-07-16 23:27:09,791][__main__][INFO] - n=8000 ot: auc=0.7877 util=0.59
[2026-07-16 23:27:32,603][__main__][INFO] - n=full width: auc=0.8451 util=0.62
[2026-07-16 23:27:55,162][__main__][INFO] - n=full quantile: auc=0.8471 util=0.58
[2026-07-16 23:28:53,783][__main__][INFO] - n=full ot: auc=0.8136 util=0.62
[2026-07-16 23:28:53,792][__main__][INFO] - E-TOK: wrote outputs/tok2/tok_gmsc_1.parquet
[2026-07-16 23:28:53,797][HYDRA] 	#2 : dataset=gmsc seed=2 device=cuda out=outputs/tok2
[2026-07-16 23:28:58,884][__main__][INFO] - n=500 width: auc=0.6780 util=0.61
[2026-07-16 23:29:03,720][__main__][INFO] - n=500 quantile: auc=0.7221 util=0.57
[2026-07-16 23:29:16,220][__main__][INFO] - n=500 ot: auc=0.7261 util=0.59
[2026-07-16 23:29:25,706][__main__][INFO] - n=2000 width: auc=0.6994 util=0.62
[2026-07-16 23:29:35,281][__main__][INFO] - n=2000 quantile: auc=0.7271 util=0.58
[2026-07-16 23:29:59,821][__main__][INFO] - n=2000 ot: auc=0.7281 util=0.61
[2026-07-16 23:30:05,274][__main__][INFO] - n=8000 width: auc=0.7743 util=0.62
[2026-07-16 23:30:10,756][__main__][INFO] - n=8000 quantile: auc=0.7879 util=0.58
[2026-07-16 23:30:25,081][__main__][INFO] - n=8000 ot: auc=0.8039 util=0.61
[2026-07-16 23:30:47,534][__main__][INFO] - n=full width: auc=0.8464 util=0.62
[2026-07-16 23:31:10,085][__main__][INFO] - n=full quantile: auc=0.8461 util=0.58
[2026-07-16 23:32:08,332][__main__][INFO] - n=full ot: auc=0.8381 util=0.62
[2026-07-16 23:32:08,341][__main__][INFO] - E-TOK: wrote outputs/tok2/tok_gmsc_2.parquet
[2026-07-16 23:32:08,345][HYDRA] 	#3 : dataset=gmsc seed=3 device=cuda out=outputs/tok2
[2026-07-16 23:32:13,401][__main__][INFO] - n=500 width: auc=0.6678 util=0.62
[2026-07-16 23:32:18,292][__main__][INFO] - n=500 quantile: auc=0.6505 util=0.58
[2026-07-16 23:32:30,781][__main__][INFO] - n=500 ot: auc=0.7192 util=0.61
[2026-07-16 23:32:40,244][__main__][INFO] - n=2000 width: auc=0.7198 util=0.61
[2026-07-16 23:32:49,754][__main__][INFO] - n=2000 quantile: auc=0.7236 util=0.58
[2026-07-16 23:33:14,251][__main__][INFO] - n=2000 ot: auc=0.7379 util=0.61
[2026-07-16 23:33:19,722][__main__][INFO] - n=8000 width: auc=0.7145 util=0.61
[2026-07-16 23:33:25,193][__main__][INFO] - n=8000 quantile: auc=0.7465 util=0.58
[2026-07-16 23:33:39,482][__main__][INFO] - n=8000 ot: auc=0.8046 util=0.61
[2026-07-16 23:34:02,082][__main__][INFO] - n=full width: auc=0.8415 util=0.62
[2026-07-16 23:34:24,642][__main__][INFO] - n=full quantile: auc=0.8484 util=0.58
[2026-07-16 23:35:22,971][__main__][INFO] - n=full ot: auc=0.8219 util=0.63
[2026-07-16 23:35:22,979][__main__][INFO] - E-TOK: wrote outputs/tok2/tok_gmsc_3.parquet
[2026-07-16 23:35:22,984][HYDRA] 	#4 : dataset=gmsc seed=4 device=cuda out=outputs/tok2
[2026-07-16 23:35:28,005][__main__][INFO] - n=500 width: auc=0.6113 util=0.62
[2026-07-16 23:35:32,803][__main__][INFO] - n=500 quantile: auc=0.6094 util=0.57
[2026-07-16 23:35:45,321][__main__][INFO] - n=500 ot: auc=0.6729 util=0.62
[2026-07-16 23:35:54,914][__main__][INFO] - n=2000 width: auc=0.7069 util=0.61
[2026-07-16 23:36:04,441][__main__][INFO] - n=2000 quantile: auc=0.7201 util=0.58
[2026-07-16 23:36:28,963][__main__][INFO] - n=2000 ot: auc=0.7227 util=0.61
[2026-07-16 23:36:34,493][__main__][INFO] - n=8000 width: auc=0.7178 util=0.61
[2026-07-16 23:36:39,945][__main__][INFO] - n=8000 quantile: auc=0.7492 util=0.58
[2026-07-16 23:36:54,240][__main__][INFO] - n=8000 ot: auc=0.7905 util=0.60
[2026-07-16 23:37:16,655][__main__][INFO] - n=full width: auc=0.8419 util=0.62
[2026-07-16 23:37:39,173][__main__][INFO] - n=full quantile: auc=0.8433 util=0.58
[2026-07-16 23:38:37,401][__main__][INFO] - n=full ot: auc=0.8194 util=0.62
[2026-07-16 23:38:37,408][__main__][INFO] - E-TOK: wrote outputs/tok2/tok_gmsc_4.parquet
[2026-07-16 23:38:37,411][HYDRA] 	#5 : dataset=adult seed=0 device=cuda out=outputs/tok2
[2026-07-16 23:38:42,393][__main__][INFO] - n=500 width: auc=0.7193 util=0.77
[2026-07-16 23:38:47,116][__main__][INFO] - n=500 quantile: auc=0.7120 util=0.54
[2026-07-16 23:38:59,325][__main__][INFO] - n=500 ot: auc=0.6744 util=0.75
[2026-07-16 23:39:08,695][__main__][INFO] - n=2000 width: auc=0.7785 util=0.82
[2026-07-16 23:39:18,062][__main__][INFO] - n=2000 quantile: auc=0.7282 util=0.56
[2026-07-16 23:39:42,235][__main__][INFO] - n=2000 ot: auc=0.6480 util=0.79
[2026-07-16 23:39:47,586][__main__][INFO] - n=8000 width: auc=0.8231 util=0.79
[2026-07-16 23:39:52,984][__main__][INFO] - n=8000 quantile: auc=0.7826 util=0.56
[2026-07-16 23:40:06,936][__main__][INFO] - n=8000 ot: auc=0.7925 util=0.79
[2026-07-16 23:40:14,134][__main__][INFO] - n=full width: auc=0.8557 util=0.78
[2026-07-16 23:40:21,316][__main__][INFO] - n=full quantile: auc=0.8363 util=0.56
[2026-07-16 23:40:40,094][__main__][INFO] - n=full ot: auc=0.8379 util=0.81
[2026-07-16 23:40:40,102][__main__][INFO] - E-TOK: wrote outputs/tok2/tok_adult_0.parquet
[2026-07-16 23:40:40,103][HYDRA] 	#6 : dataset=adult seed=1 device=cuda out=outputs/tok2
[2026-07-16 23:40:45,136][__main__][INFO] - n=500 width: auc=0.7433 util=0.75
[2026-07-16 23:40:49,875][__main__][INFO] - n=500 quantile: auc=0.7350 util=0.54
[2026-07-16 23:41:02,054][__main__][INFO] - n=500 ot: auc=0.7187 util=0.74
[2026-07-16 23:41:11,439][__main__][INFO] - n=2000 width: auc=0.7740 util=0.78
[2026-07-16 23:41:20,787][__main__][INFO] - n=2000 quantile: auc=0.7513 util=0.56
[2026-07-16 23:41:45,425][__main__][INFO] - n=2000 ot: auc=0.7291 util=0.78
[2026-07-16 23:41:50,798][__main__][INFO] - n=8000 width: auc=0.8221 util=0.79
[2026-07-16 23:41:56,198][__main__][INFO] - n=8000 quantile: auc=0.7861 util=0.55
[2026-07-16 23:42:10,134][__main__][INFO] - n=8000 ot: auc=0.8095 util=0.81
[2026-07-16 23:42:17,376][__main__][INFO] - n=full width: auc=0.8503 util=0.79
[2026-07-16 23:42:24,598][__main__][INFO] - n=full quantile: auc=0.8270 util=0.56
[2026-07-16 23:42:43,425][__main__][INFO] - n=full ot: auc=0.8282 util=0.81
[2026-07-16 23:42:43,431][__main__][INFO] - E-TOK: wrote outputs/tok2/tok_adult_1.parquet
[2026-07-16 23:42:43,433][HYDRA] 	#7 : dataset=adult seed=2 device=cuda out=outputs/tok2
[2026-07-16 23:42:48,348][__main__][INFO] - n=500 width: auc=0.7530 util=0.78
[2026-07-16 23:42:53,158][__main__][INFO] - n=500 quantile: auc=0.7304 util=0.55
[2026-07-16 23:43:05,386][__main__][INFO] - n=500 ot: auc=0.7465 util=0.77
[2026-07-16 23:43:14,756][__main__][INFO] - n=2000 width: auc=0.7782 util=0.79
[2026-07-16 23:43:24,136][__main__][INFO] - n=2000 quantile: auc=0.7415 util=0.55
[2026-07-16 23:43:48,335][__main__][INFO] - n=2000 ot: auc=0.7480 util=0.80
[2026-07-16 23:43:53,773][__main__][INFO] - n=8000 width: auc=0.8144 util=0.79
[2026-07-16 23:43:59,154][__main__][INFO] - n=8000 quantile: auc=0.7792 util=0.55
[2026-07-16 23:44:13,105][__main__][INFO] - n=8000 ot: auc=0.7943 util=0.80
[2026-07-16 23:44:20,286][__main__][INFO] - n=full width: auc=0.8522 util=0.79
[2026-07-16 23:44:27,465][__main__][INFO] - n=full quantile: auc=0.8324 util=0.56
[2026-07-16 23:44:46,264][__main__][INFO] - n=full ot: auc=0.8074 util=0.80
[2026-07-16 23:44:46,270][__main__][INFO] - E-TOK: wrote outputs/tok2/tok_adult_2.parquet
[2026-07-16 23:44:46,273][HYDRA] 	#8 : dataset=adult seed=3 device=cuda out=outputs/tok2
[2026-07-16 23:44:51,279][__main__][INFO] - n=500 width: auc=0.7581 util=0.75
[2026-07-16 23:44:56,063][__main__][INFO] - n=500 quantile: auc=0.7315 util=0.54
[2026-07-16 23:45:08,225][__main__][INFO] - n=500 ot: auc=0.7391 util=0.73
[2026-07-16 23:45:17,604][__main__][INFO] - n=2000 width: auc=0.7888 util=0.78
[2026-07-16 23:45:26,999][__main__][INFO] - n=2000 quantile: auc=0.7504 util=0.55
[2026-07-16 23:45:51,176][__main__][INFO] - n=2000 ot: auc=0.7751 util=0.77
[2026-07-16 23:45:56,563][__main__][INFO] - n=8000 width: auc=0.8127 util=0.80
[2026-07-16 23:46:01,965][__main__][INFO] - n=8000 quantile: auc=0.7804 util=0.56
[2026-07-16 23:46:15,936][__main__][INFO] - n=8000 ot: auc=0.7925 util=0.80
[2026-07-16 23:46:23,123][__main__][INFO] - n=full width: auc=0.8574 util=0.79
[2026-07-16 23:46:30,325][__main__][INFO] - n=full quantile: auc=0.8389 util=0.56
[2026-07-16 23:46:49,184][__main__][INFO] - n=full ot: auc=0.8312 util=0.82
[2026-07-16 23:46:49,190][__main__][INFO] - E-TOK: wrote outputs/tok2/tok_adult_3.parquet
[2026-07-16 23:46:49,192][HYDRA] 	#9 : dataset=adult seed=4 device=cuda out=outputs/tok2
[2026-07-16 23:46:54,167][__main__][INFO] - n=500 width: auc=0.7724 util=0.77
[2026-07-16 23:46:58,883][__main__][INFO] - n=500 quantile: auc=0.7474 util=0.56
[2026-07-16 23:47:11,085][__main__][INFO] - n=500 ot: auc=0.7422 util=0.75
[2026-07-16 23:47:20,466][__main__][INFO] - n=2000 width: auc=0.7698 util=0.81
[2026-07-16 23:47:29,833][__main__][INFO] - n=2000 quantile: auc=0.7570 util=0.56
[2026-07-16 23:47:54,025][__main__][INFO] - n=2000 ot: auc=0.7594 util=0.80
[2026-07-16 23:47:59,423][__main__][INFO] - n=8000 width: auc=0.8116 util=0.80
[2026-07-16 23:48:04,773][__main__][INFO] - n=8000 quantile: auc=0.7821 util=0.56
[2026-07-16 23:48:18,726][__main__][INFO] - n=8000 ot: auc=0.8034 util=0.82
[2026-07-16 23:48:25,927][__main__][INFO] - n=full width: auc=0.8565 util=0.78
[2026-07-16 23:48:33,098][__main__][INFO] - n=full quantile: auc=0.8317 util=0.56
[2026-07-16 23:48:51,885][__main__][INFO] - n=full ot: auc=0.8142 util=0.81
[2026-07-16 23:48:51,893][__main__][INFO] - E-TOK: wrote outputs/tok2/tok_adult_4.parquet
[2026-07-16 23:48:51,896][HYDRA] 	#10 : dataset=higgs-small seed=0 device=cuda out=outputs/tok2
[2026-07-16 23:48:57,186][__main__][INFO] - n=500 width: auc=0.5926 util=0.88
[2026-07-16 23:49:02,058][__main__][INFO] - n=500 quantile: auc=0.5917 util=0.88
[2026-07-16 23:49:14,484][__main__][INFO] - n=500 ot: auc=0.6172 util=0.88
[2026-07-16 23:49:24,085][__main__][INFO] - n=2000 width: auc=0.6054 util=0.88
[2026-07-16 23:49:33,629][__main__][INFO] - n=2000 quantile: auc=0.6103 util=0.88
[2026-07-16 23:49:58,064][__main__][INFO] - n=2000 ot: auc=0.6705 util=0.88
[2026-07-16 23:50:03,632][__main__][INFO] - n=8000 width: auc=0.6315 util=0.88
[2026-07-16 23:50:09,204][__main__][INFO] - n=8000 quantile: auc=0.6263 util=0.88
[2026-07-16 23:50:23,464][__main__][INFO] - n=8000 ot: auc=0.7014 util=0.88
[2026-07-16 23:50:38,571][__main__][INFO] - n=full width: auc=0.7476 util=0.88
[2026-07-16 23:50:53,788][__main__][INFO] - n=full quantile: auc=0.7445 util=0.88
[2026-07-16 23:51:32,364][__main__][INFO] - n=full ot: auc=0.7684 util=0.88
[2026-07-16 23:51:32,373][__main__][INFO] - E-TOK: wrote outputs/tok2/tok_higgs-small_0.parquet
[2026-07-16 23:51:32,379][HYDRA] 	#11 : dataset=higgs-small seed=1 device=cuda out=outputs/tok2
[2026-07-16 23:51:37,673][__main__][INFO] - n=500 width: auc=0.5800 util=0.88
[2026-07-16 23:51:42,571][__main__][INFO] - n=500 quantile: auc=0.5846 util=0.88
[2026-07-16 23:51:54,984][__main__][INFO] - n=500 ot: auc=0.6392 util=0.88
[2026-07-16 23:52:04,569][__main__][INFO] - n=2000 width: auc=0.5939 util=0.88
[2026-07-16 23:52:14,118][__main__][INFO] - n=2000 quantile: auc=0.5992 util=0.88
[2026-07-16 23:52:38,594][__main__][INFO] - n=2000 ot: auc=0.6752 util=0.88
[2026-07-16 23:52:44,152][__main__][INFO] - n=8000 width: auc=0.6565 util=0.88
[2026-07-16 23:52:49,757][__main__][INFO] - n=8000 quantile: auc=0.6525 util=0.88
[2026-07-16 23:53:03,974][__main__][INFO] - n=8000 ot: auc=0.7131 util=0.88
[2026-07-16 23:53:19,171][__main__][INFO] - n=full width: auc=0.7551 util=0.88
[2026-07-16 23:53:34,423][__main__][INFO] - n=full quantile: auc=0.7465 util=0.88
[2026-07-16 23:54:12,985][__main__][INFO] - n=full ot: auc=0.7787 util=0.88
[2026-07-16 23:54:12,992][__main__][INFO] - E-TOK: wrote outputs/tok2/tok_higgs-small_1.parquet
[2026-07-16 23:54:12,995][HYDRA] 	#12 : dataset=higgs-small seed=2 device=cuda out=outputs/tok2
[2026-07-16 23:54:18,306][__main__][INFO] - n=500 width: auc=0.5754 util=0.88
[2026-07-16 23:54:23,297][__main__][INFO] - n=500 quantile: auc=0.5860 util=0.88
[2026-07-16 23:54:35,895][__main__][INFO] - n=500 ot: auc=0.6259 util=0.88
[2026-07-16 23:54:45,407][__main__][INFO] - n=2000 width: auc=0.6124 util=0.88
[2026-07-16 23:54:55,009][__main__][INFO] - n=2000 quantile: auc=0.6025 util=0.88
[2026-07-16 23:55:19,466][__main__][INFO] - n=2000 ot: auc=0.6729 util=0.88
[2026-07-16 23:55:25,034][__main__][INFO] - n=8000 width: auc=0.6311 util=0.88
[2026-07-16 23:55:30,606][__main__][INFO] - n=8000 quantile: auc=0.6221 util=0.88
[2026-07-16 23:55:44,834][__main__][INFO] - n=8000 ot: auc=0.6858 util=0.88
[2026-07-16 23:56:00,028][__main__][INFO] - n=full width: auc=0.7479 util=0.88
[2026-07-16 23:56:15,321][__main__][INFO] - n=full quantile: auc=0.7432 util=0.88
[2026-07-16 23:56:53,905][__main__][INFO] - n=full ot: auc=0.7641 util=0.88
[2026-07-16 23:56:53,969][__main__][INFO] - E-TOK: wrote outputs/tok2/tok_higgs-small_2.parquet
[2026-07-16 23:56:53,972][HYDRA] 	#13 : dataset=higgs-small seed=3 device=cuda out=outputs/tok2
[2026-07-16 23:56:59,333][__main__][INFO] - n=500 width: auc=0.5825 util=0.88
[2026-07-16 23:57:04,219][__main__][INFO] - n=500 quantile: auc=0.5838 util=0.88
[2026-07-16 23:57:16,635][__main__][INFO] - n=500 ot: auc=0.6345 util=0.88
[2026-07-16 23:57:26,179][__main__][INFO] - n=2000 width: auc=0.6175 util=0.88
[2026-07-16 23:57:35,714][__main__][INFO] - n=2000 quantile: auc=0.6145 util=0.88
[2026-07-16 23:58:00,173][__main__][INFO] - n=2000 ot: auc=0.6736 util=0.88
[2026-07-16 23:58:05,722][__main__][INFO] - n=8000 width: auc=0.6334 util=0.88
[2026-07-16 23:58:11,308][__main__][INFO] - n=8000 quantile: auc=0.6272 util=0.88
[2026-07-16 23:58:25,554][__main__][INFO] - n=8000 ot: auc=0.6993 util=0.88
[2026-07-16 23:58:40,697][__main__][INFO] - n=full width: auc=0.7504 util=0.88
[2026-07-16 23:58:56,001][__main__][INFO] - n=full quantile: auc=0.7499 util=0.88
[2026-07-16 23:59:34,535][__main__][INFO] - n=full ot: auc=0.7751 util=0.88
[2026-07-16 23:59:34,555][__main__][INFO] - E-TOK: wrote outputs/tok2/tok_higgs-small_3.parquet
[2026-07-16 23:59:34,558][HYDRA] 	#14 : dataset=higgs-small seed=4 device=cuda out=outputs/tok2
[2026-07-16 23:59:39,853][__main__][INFO] - n=500 width: auc=0.5709 util=0.88
[2026-07-16 23:59:44,726][__main__][INFO] - n=500 quantile: auc=0.5747 util=0.88
[2026-07-16 23:59:57,265][__main__][INFO] - n=500 ot: auc=0.6599 util=0.88
[2026-07-17 00:00:06,820][__main__][INFO] - n=2000 width: auc=0.6135 util=0.88
[2026-07-17 00:00:16,369][__main__][INFO] - n=2000 quantile: auc=0.6185 util=0.88
[2026-07-17 00:00:41,144][__main__][INFO] - n=2000 ot: auc=0.6894 util=0.88
[2026-07-17 00:00:46,726][__main__][INFO] - n=8000 width: auc=0.6210 util=0.88
[2026-07-17 00:00:52,309][__main__][INFO] - n=8000 quantile: auc=0.6250 util=0.88
[2026-07-17 00:01:06,565][__main__][INFO] - n=8000 ot: auc=0.7074 util=0.88
[2026-07-17 00:01:21,808][__main__][INFO] - n=full width: auc=0.7539 util=0.88
[2026-07-17 00:01:36,942][__main__][INFO] - n=full quantile: auc=0.7569 util=0.88
[2026-07-17 00:02:15,565][__main__][INFO] - n=full ot: auc=0.7752 util=0.88
[2026-07-17 00:02:15,573][__main__][INFO] - E-TOK: wrote outputs/tok2/tok_higgs-small_4.parquet
