nohup: ignoring input
[2026-08-02 03:11:36,920][HYDRA] Launching 4 jobs locally
[2026-08-02 03:11:36,920][HYDRA] 	#0 : dataset=german n_seeds=10 out=outputs/w1tau
WARNING: All log messages before absl::InitializeLog() is called are written to STDERR
E0000 00:00:1785654704.799531   74506 linear_solver.cc:2026] No solution exists. MPSolverInterface::result_status_ = MPSOLVER_INFEASIBLE
E0000 00:00:1785654704.868484   74506 linear_solver.cc:2026] No solution exists. MPSolverInterface::result_status_ = MPSOLVER_INFEASIBLE
E0000 00:00:1785654719.849526   74506 linear_solver.cc:2026] No solution exists. MPSolverInterface::result_status_ = MPSOLVER_INFEASIBLE
E0000 00:00:1785654719.855780   74506 linear_solver.cc:2026] No solution exists. MPSolverInterface::result_status_ = MPSOLVER_INFEASIBLE
E0000 00:00:1785654719.989985   74506 linear_solver.cc:2026] No solution exists. MPSolverInterface::result_status_ = MPSOLVER_INFEASIBLE
E0000 00:00:1785654719.996956   74506 linear_solver.cc:2026] No solution exists. MPSolverInterface::result_status_ = MPSOLVER_INFEASIBLE
E0000 00:00:1785654723.818029   74506 linear_solver.cc:2026] No solution exists. MPSolverInterface::result_status_ = MPSOLVER_INFEASIBLE
E0000 00:00:1785654723.862013   74506 linear_solver.cc:2026] No solution exists. MPSolverInterface::result_status_ = MPSOLVER_INFEASIBLE
E0000 00:00:1785654738.264984   74506 linear_solver.cc:2026] No solution exists. MPSolverInterface::result_status_ = MPSOLVER_INFEASIBLE
E0000 00:00:1785654738.334666   74506 linear_solver.cc:2026] No solution exists. MPSolverInterface::result_status_ = MPSOLVER_INFEASIBLE
E0000 00:00:1785654756.364848   74506 linear_solver.cc:2026] No solution exists. MPSolverInterface::result_status_ = MPSOLVER_INFEASIBLE
E0000 00:00:1785654756.371502   74506 linear_solver.cc:2026] No solution exists. MPSolverInterface::result_status_ = MPSOLVER_INFEASIBLE
E0000 00:00:1785654764.969174   74506 linear_solver.cc:2026] No solution exists. MPSolverInterface::result_status_ = MPSOLVER_INFEASIBLE
E0000 00:00:1785654765.019721   74506 linear_solver.cc:2026] No solution exists. MPSolverInterface::result_status_ = MPSOLVER_INFEASIBLE
E0000 00:00:1785654783.393987   74506 linear_solver.cc:2026] No solution exists. MPSolverInterface::result_status_ = MPSOLVER_INFEASIBLE
E0000 00:00:1785654783.465699   74506 linear_solver.cc:2026] No solution exists. MPSolverInterface::result_status_ = MPSOLVER_INFEASIBLE
E0000 00:00:1785654800.341680   74506 linear_solver.cc:2026] No solution exists. MPSolverInterface::result_status_ = MPSOLVER_INFEASIBLE
E0000 00:00:1785654800.370281   74506 linear_solver.cc:2026] No solution exists. MPSolverInterface::result_status_ = MPSOLVER_INFEASIBLE
E0000 00:00:1785654809.486875   74506 linear_solver.cc:2026] No solution exists. MPSolverInterface::result_status_ = MPSOLVER_INFEASIBLE
E0000 00:00:1785654809.554038   74506 linear_solver.cc:2026] No solution exists. MPSolverInterface::result_status_ = MPSOLVER_INFEASIBLE
E0000 00:00:1785654826.526959   74506 linear_solver.cc:2026] No solution exists. MPSolverInterface::result_status_ = MPSOLVER_INFEASIBLE
E0000 00:00:1785654826.533315   74506 linear_solver.cc:2026] No solution exists. MPSolverInterface::result_status_ = MPSOLVER_INFEASIBLE
E0000 00:00:1785654829.205047   74506 linear_solver.cc:2026] No solution exists. MPSolverInterface::result_status_ = MPSOLVER_INFEASIBLE
E0000 00:00:1785654829.237811   74506 linear_solver.cc:2026] No solution exists. MPSolverInterface::result_status_ = MPSOLVER_INFEASIBLE
E0000 00:00:1785654849.662890   74506 linear_solver.cc:2026] No solution exists. MPSolverInterface::result_status_ = MPSOLVER_INFEASIBLE
E0000 00:00:1785654849.740431   74506 linear_solver.cc:2026] No solution exists. MPSolverInterface::result_status_ = MPSOLVER_INFEASIBLE
E0000 00:00:1785654871.219261   74506 linear_solver.cc:2026] No solution exists. MPSolverInterface::result_status_ = MPSOLVER_INFEASIBLE
E0000 00:00:1785654871.258347   74506 linear_solver.cc:2026] No solution exists. MPSolverInterface::result_status_ = MPSOLVER_INFEASIBLE
E0000 00:00:1785654885.877342   74506 linear_solver.cc:2026] No solution exists. MPSolverInterface::result_status_ = MPSOLVER_INFEASIBLE
E0000 00:00:1785654885.958603   74506 linear_solver.cc:2026] No solution exists. MPSolverInterface::result_status_ = MPSOLVER_INFEASIBLE
E0000 00:00:1785654905.857401   74506 linear_solver.cc:2026] No solution exists. MPSolverInterface::result_status_ = MPSOLVER_INFEASIBLE
E0000 00:00:1785654905.863547   74506 linear_solver.cc:2026] No solution exists. MPSolverInterface::result_status_ = MPSOLVER_INFEASIBLE
E0000 00:00:1785654908.429807   74506 linear_solver.cc:2026] No solution exists. MPSolverInterface::result_status_ = MPSOLVER_INFEASIBLE
E0000 00:00:1785654908.464537   74506 linear_solver.cc:2026] No solution exists. MPSolverInterface::result_status_ = MPSOLVER_INFEASIBLE
E0000 00:00:1785654924.521479   74506 linear_solver.cc:2026] No solution exists. MPSolverInterface::result_status_ = MPSOLVER_INFEASIBLE
E0000 00:00:1785654924.587224   74506 linear_solver.cc:2026] No solution exists. MPSolverInterface::result_status_ = MPSOLVER_INFEASIBLE
E0000 00:00:1785654945.256964   74506 linear_solver.cc:2026] No solution exists. MPSolverInterface::result_status_ = MPSOLVER_INFEASIBLE
E0000 00:00:1785654945.276407   74506 linear_solver.cc:2026] No solution exists. MPSolverInterface::result_status_ = MPSOLVER_INFEASIBLE
E0000 00:00:1785654950.414950   74506 linear_solver.cc:2026] No solution exists. MPSolverInterface::result_status_ = MPSOLVER_INFEASIBLE
E0000 00:00:1785654950.489417   74506 linear_solver.cc:2026] No solution exists. MPSolverInterface::result_status_ = MPSOLVER_INFEASIBLE
E0000 00:00:1785654971.774537   74506 linear_solver.cc:2026] No solution exists. MPSolverInterface::result_status_ = MPSOLVER_INFEASIBLE
E0000 00:00:1785654971.857421   74506 linear_solver.cc:2026] No solution exists. MPSolverInterface::result_status_ = MPSOLVER_INFEASIBLE
E0000 00:00:1785654997.690505   74506 linear_solver.cc:2026] No solution exists. MPSolverInterface::result_status_ = MPSOLVER_INFEASIBLE
E0000 00:00:1785654997.696843   74506 linear_solver.cc:2026] No solution exists. MPSolverInterface::result_status_ = MPSOLVER_INFEASIBLE
E0000 00:00:1785655003.272813   74506 linear_solver.cc:2026] No solution exists. MPSolverInterface::result_status_ = MPSOLVER_INFEASIBLE
E0000 00:00:1785655003.331627   74506 linear_solver.cc:2026] No solution exists. MPSolverInterface::result_status_ = MPSOLVER_INFEASIBLE
E0000 00:00:1785655026.453094   74506 linear_solver.cc:2026] No solution exists. MPSolverInterface::result_status_ = MPSOLVER_INFEASIBLE
E0000 00:00:1785655026.536977   74506 linear_solver.cc:2026] No solution exists. MPSolverInterface::result_status_ = MPSOLVER_INFEASIBLE
E0000 00:00:1785655054.582097   74506 linear_solver.cc:2026] No solution exists. MPSolverInterface::result_status_ = MPSOLVER_INFEASIBLE
E0000 00:00:1785655054.588457   74506 linear_solver.cc:2026] No solution exists. MPSolverInterface::result_status_ = MPSOLVER_INFEASIBLE
E0000 00:00:1785655064.581979   74506 linear_solver.cc:2026] No solution exists. MPSolverInterface::result_status_ = MPSOLVER_INFEASIBLE
E0000 00:00:1785655064.637698   74506 linear_solver.cc:2026] No solution exists. MPSolverInterface::result_status_ = MPSOLVER_INFEASIBLE
E0000 00:00:1785655089.714762   74506 linear_solver.cc:2026] No solution exists. MPSolverInterface::result_status_ = MPSOLVER_INFEASIBLE
E0000 00:00:1785655089.780536   74506 linear_solver.cc:2026] No solution exists. MPSolverInterface::result_status_ = MPSOLVER_INFEASIBLE
E0000 00:00:1785655109.144101   74506 linear_solver.cc:2026] No solution exists. MPSolverInterface::result_status_ = MPSOLVER_INFEASIBLE
E0000 00:00:1785655109.150671   74506 linear_solver.cc:2026] No solution exists. MPSolverInterface::result_status_ = MPSOLVER_INFEASIBLE
E0000 00:00:1785655109.270025   74506 linear_solver.cc:2026] No solution exists. MPSolverInterface::result_status_ = MPSOLVER_INFEASIBLE
E0000 00:00:1785655109.277880   74506 linear_solver.cc:2026] No solution exists. MPSolverInterface::result_status_ = MPSOLVER_INFEASIBLE
E0000 00:00:1785655111.886851   74506 linear_solver.cc:2026] No solution exists. MPSolverInterface::result_status_ = MPSOLVER_INFEASIBLE
E0000 00:00:1785655111.926730   74506 linear_solver.cc:2026] No solution exists. MPSolverInterface::result_status_ = MPSOLVER_INFEASIBLE
W1TAU: wrote 1120 rows -> outputs/w1tau/w1tau_german_rank_0.parquet
[2026-08-02 03:18:37,614][HYDRA] 	#1 : dataset=taiwan n_seeds=10 out=outputs/w1tau
E0000 00:00:1785655120.557400   74506 linear_solver.cc:2026] No solution exists. MPSolverInterface::result_status_ = MPSOLVER_INFEASIBLE
E0000 00:00:1785655120.573279   74506 linear_solver.cc:2026] No solution exists. MPSolverInterface::result_status_ = MPSOLVER_INFEASIBLE
E0000 00:00:1785655127.601656   74506 linear_solver.cc:2026] No solution exists. MPSolverInterface::result_status_ = MPSOLVER_INFEASIBLE
E0000 00:00:1785655127.689015   74506 linear_solver.cc:2026] No solution exists. MPSolverInterface::result_status_ = MPSOLVER_INFEASIBLE
E0000 00:00:1785655130.118363   74506 linear_solver.cc:2026] No solution exists. MPSolverInterface::result_status_ = MPSOLVER_INFEASIBLE
E0000 00:00:1785655130.129330   74506 linear_solver.cc:2026] No solution exists. MPSolverInterface::result_status_ = MPSOLVER_INFEASIBLE
E0000 00:00:1785655130.362445   74506 linear_solver.cc:2026] No solution exists. MPSolverInterface::result_status_ = MPSOLVER_INFEASIBLE
E0000 00:00:1785655130.371824   74506 linear_solver.cc:2026] No solution exists. MPSolverInterface::result_status_ = MPSOLVER_INFEASIBLE
E0000 00:00:1785655130.646719   74506 linear_solver.cc:2026] No solution exists. MPSolverInterface::result_status_ = MPSOLVER_INFEASIBLE
E0000 00:00:1785655130.657809   74506 linear_solver.cc:2026] No solution exists. MPSolverInterface::result_status_ = MPSOLVER_INFEASIBLE
E0000 00:00:1785655131.091017   74506 linear_solver.cc:2026] No solution exists. MPSolverInterface::result_status_ = MPSOLVER_INFEASIBLE
E0000 00:00:1785655131.101284   74506 linear_solver.cc:2026] No solution exists. MPSolverInterface::result_status_ = MPSOLVER_INFEASIBLE
E0000 00:00:1785655131.504878   74506 linear_solver.cc:2026] No solution exists. MPSolverInterface::result_status_ = MPSOLVER_INFEASIBLE
E0000 00:00:1785655131.528724   74506 linear_solver.cc:2026] No solution exists. MPSolverInterface::result_status_ = MPSOLVER_INFEASIBLE
E0000 00:00:1785655131.932170   74506 linear_solver.cc:2026] No solution exists. MPSolverInterface::result_status_ = MPSOLVER_INFEASIBLE
E0000 00:00:1785655131.942135   74506 linear_solver.cc:2026] No solution exists. MPSolverInterface::result_status_ = MPSOLVER_INFEASIBLE
E0000 00:00:1785655162.454507   74506 linear_solver.cc:2026] No solution exists. MPSolverInterface::result_status_ = MPSOLVER_INFEASIBLE
E0000 00:00:1785655162.540260   74506 linear_solver.cc:2026] No solution exists. MPSolverInterface::result_status_ = MPSOLVER_INFEASIBLE
E0000 00:00:1785655187.877529   74506 linear_solver.cc:2026] No solution exists. MPSolverInterface::result_status_ = MPSOLVER_INFEASIBLE
E0000 00:00:1785655187.950342   74506 linear_solver.cc:2026] No solution exists. MPSolverInterface::result_status_ = MPSOLVER_INFEASIBLE
E0000 00:00:1785655225.875720   74506 linear_solver.cc:2026] No solution exists. MPSolverInterface::result_status_ = MPSOLVER_INFEASIBLE
E0000 00:00:1785655225.958107   74506 linear_solver.cc:2026] No solution exists. MPSolverInterface::result_status_ = MPSOLVER_INFEASIBLE
E0000 00:00:1785655258.787794   74506 linear_solver.cc:2026] No solution exists. MPSolverInterface::result_status_ = MPSOLVER_INFEASIBLE
E0000 00:00:1785655258.859107   74506 linear_solver.cc:2026] No solution exists. MPSolverInterface::result_status_ = MPSOLVER_INFEASIBLE
E0000 00:00:1785655286.317104   74506 linear_solver.cc:2026] No solution exists. MPSolverInterface::result_status_ = MPSOLVER_INFEASIBLE
E0000 00:00:1785655286.378174   74506 linear_solver.cc:2026] No solution exists. MPSolverInterface::result_status_ = MPSOLVER_INFEASIBLE
E0000 00:00:1785655312.278777   74506 linear_solver.cc:2026] No solution exists. MPSolverInterface::result_status_ = MPSOLVER_INFEASIBLE
E0000 00:00:1785655314.224405   74506 linear_solver.cc:2026] No solution exists. MPSolverInterface::result_status_ = MPSOLVER_INFEASIBLE
E0000 00:00:1785655332.680436   74506 linear_solver.cc:2026] No solution exists. MPSolverInterface::result_status_ = MPSOLVER_INFEASIBLE
E0000 00:00:1785655332.688121   74506 linear_solver.cc:2026] No solution exists. MPSolverInterface::result_status_ = MPSOLVER_INFEASIBLE
E0000 00:00:1785655334.793202   74506 linear_solver.cc:2026] No solution exists. MPSolverInterface::result_status_ = MPSOLVER_INFEASIBLE
E0000 00:00:1785655334.834073   74506 linear_solver.cc:2026] No solution exists. MPSolverInterface::result_status_ = MPSOLVER_INFEASIBLE
E0000 00:00:1785655336.124431   74506 linear_solver.cc:2026] No solution exists. MPSolverInterface::result_status_ = MPSOLVER_INFEASIBLE
E0000 00:00:1785655336.134910   74506 linear_solver.cc:2026] No solution exists. MPSolverInterface::result_status_ = MPSOLVER_INFEASIBLE
E0000 00:00:1785655336.361165   74506 linear_solver.cc:2026] No solution exists. MPSolverInterface::result_status_ = MPSOLVER_INFEASIBLE
E0000 00:00:1785655336.370445   74506 linear_solver.cc:2026] No solution exists. MPSolverInterface::result_status_ = MPSOLVER_INFEASIBLE
E0000 00:00:1785655336.547824   74506 linear_solver.cc:2026] No solution exists. MPSolverInterface::result_status_ = MPSOLVER_INFEASIBLE
E0000 00:00:1785655336.556883   74506 linear_solver.cc:2026] No solution exists. MPSolverInterface::result_status_ = MPSOLVER_INFEASIBLE
E0000 00:00:1785655336.735561   74506 linear_solver.cc:2026] No solution exists. MPSolverInterface::result_status_ = MPSOLVER_INFEASIBLE
E0000 00:00:1785655336.744235   74506 linear_solver.cc:2026] No solution exists. MPSolverInterface::result_status_ = MPSOLVER_INFEASIBLE
E0000 00:00:1785655336.922065   74506 linear_solver.cc:2026] No solution exists. MPSolverInterface::result_status_ = MPSOLVER_INFEASIBLE
E0000 00:00:1785655337.000690   74506 linear_solver.cc:2026] No solution exists. MPSolverInterface::result_status_ = MPSOLVER_INFEASIBLE
E0000 00:00:1785655337.517943   74506 linear_solver.cc:2026] No solution exists. MPSolverInterface::result_status_ = MPSOLVER_INFEASIBLE
E0000 00:00:1785655337.527206   74506 linear_solver.cc:2026] No solution exists. MPSolverInterface::result_status_ = MPSOLVER_INFEASIBLE
E0000 00:00:1785655342.564823   74506 linear_solver.cc:2026] No solution exists. MPSolverInterface::result_status_ = MPSOLVER_INFEASIBLE
E0000 00:00:1785655342.637214   74506 linear_solver.cc:2026] No solution exists. MPSolverInterface::result_status_ = MPSOLVER_INFEASIBLE
E0000 00:00:1785655362.098129   74506 linear_solver.cc:2026] No solution exists. MPSolverInterface::result_status_ = MPSOLVER_INFEASIBLE
E0000 00:00:1785655362.182402   74506 linear_solver.cc:2026] No solution exists. MPSolverInterface::result_status_ = MPSOLVER_INFEASIBLE
E0000 00:00:1785655384.768440   74506 linear_solver.cc:2026] No solution exists. MPSolverInterface::result_status_ = MPSOLVER_INFEASIBLE
E0000 00:00:1785655384.837588   74506 linear_solver.cc:2026] No solution exists. MPSolverInterface::result_status_ = MPSOLVER_INFEASIBLE
E0000 00:00:1785655419.346479   74506 linear_solver.cc:2026] No solution exists. MPSolverInterface::result_status_ = MPSOLVER_INFEASIBLE
E0000 00:00:1785655419.420018   74506 linear_solver.cc:2026] No solution exists. MPSolverInterface::result_status_ = MPSOLVER_INFEASIBLE
E0000 00:00:1785655460.774142   74506 linear_solver.cc:2026] No solution exists. MPSolverInterface::result_status_ = MPSOLVER_INFEASIBLE
E0000 00:00:1785655460.833423   74506 linear_solver.cc:2026] No solution exists. MPSolverInterface::result_status_ = MPSOLVER_INFEASIBLE
E0000 00:00:1785655485.398404   74506 linear_solver.cc:2026] No solution exists. MPSolverInterface::result_status_ = MPSOLVER_INFEASIBLE
E0000 00:00:1785655486.421447   74506 linear_solver.cc:2026] No solution exists. MPSolverInterface::result_status_ = MPSOLVER_INFEASIBLE
E0000 00:00:1785655501.180141   74506 linear_solver.cc:2026] No solution exists. MPSolverInterface::result_status_ = MPSOLVER_INFEASIBLE
E0000 00:00:1785655501.188520   74506 linear_solver.cc:2026] No solution exists. MPSolverInterface::result_status_ = MPSOLVER_INFEASIBLE
E0000 00:00:1785655503.619160   74506 linear_solver.cc:2026] No solution exists. MPSolverInterface::result_status_ = MPSOLVER_INFEASIBLE
E0000 00:00:1785655503.660213   74506 linear_solver.cc:2026] No solution exists. MPSolverInterface::result_status_ = MPSOLVER_INFEASIBLE
E0000 00:00:1785655505.054194   74506 linear_solver.cc:2026] No solution exists. MPSolverInterface::result_status_ = MPSOLVER_INFEASIBLE
E0000 00:00:1785655505.065198   74506 linear_solver.cc:2026] No solution exists. MPSolverInterface::result_status_ = MPSOLVER_INFEASIBLE
E0000 00:00:1785655505.295615   74506 linear_solver.cc:2026] No solution exists. MPSolverInterface::result_status_ = MPSOLVER_INFEASIBLE
E0000 00:00:1785655505.305352   74506 linear_solver.cc:2026] No solution exists. MPSolverInterface::result_status_ = MPSOLVER_INFEASIBLE
E0000 00:00:1785655505.520368   74506 linear_solver.cc:2026] No solution exists. MPSolverInterface::result_status_ = MPSOLVER_INFEASIBLE
E0000 00:00:1785655505.530078   74506 linear_solver.cc:2026] No solution exists. MPSolverInterface::result_status_ = MPSOLVER_INFEASIBLE
E0000 00:00:1785655505.740582   74506 linear_solver.cc:2026] No solution exists. MPSolverInterface::result_status_ = MPSOLVER_INFEASIBLE
E0000 00:00:1785655505.750498   74506 linear_solver.cc:2026] No solution exists. MPSolverInterface::result_status_ = MPSOLVER_INFEASIBLE
E0000 00:00:1785655505.963700   74506 linear_solver.cc:2026] No solution exists. MPSolverInterface::result_status_ = MPSOLVER_INFEASIBLE
E0000 00:00:1785655505.986319   74506 linear_solver.cc:2026] No solution exists. MPSolverInterface::result_status_ = MPSOLVER_INFEASIBLE
E0000 00:00:1785655506.356721   74506 linear_solver.cc:2026] No solution exists. MPSolverInterface::result_status_ = MPSOLVER_INFEASIBLE
E0000 00:00:1785655506.379846   74506 linear_solver.cc:2026] No solution exists. MPSolverInterface::result_status_ = MPSOLVER_INFEASIBLE
E0000 00:00:1785655528.233144   74506 linear_solver.cc:2026] No solution exists. MPSolverInterface::result_status_ = MPSOLVER_INFEASIBLE
E0000 00:00:1785655528.311849   74506 linear_solver.cc:2026] No solution exists. MPSolverInterface::result_status_ = MPSOLVER_INFEASIBLE
E0000 00:00:1785655557.583642   74506 linear_solver.cc:2026] No solution exists. MPSolverInterface::result_status_ = MPSOLVER_INFEASIBLE
E0000 00:00:1785655557.652691   74506 linear_solver.cc:2026] No solution exists. MPSolverInterface::result_status_ = MPSOLVER_INFEASIBLE
E0000 00:00:1785655586.691700   74506 linear_solver.cc:2026] No solution exists. MPSolverInterface::result_status_ = MPSOLVER_INFEASIBLE
E0000 00:00:1785655586.763478   74506 linear_solver.cc:2026] No solution exists. MPSolverInterface::result_status_ = MPSOLVER_INFEASIBLE
E0000 00:00:1785655618.514015   74506 linear_solver.cc:2026] No solution exists. MPSolverInterface::result_status_ = MPSOLVER_INFEASIBLE
E0000 00:00:1785655619.665269   74506 linear_solver.cc:2026] No solution exists. MPSolverInterface::result_status_ = MPSOLVER_INFEASIBLE
E0000 00:00:1785655641.307274   74506 linear_solver.cc:2026] No solution exists. MPSolverInterface::result_status_ = MPSOLVER_INFEASIBLE
E0000 00:00:1785655642.671422   74506 linear_solver.cc:2026] No solution exists. MPSolverInterface::result_status_ = MPSOLVER_INFEASIBLE
E0000 00:00:1785655658.270481   74506 linear_solver.cc:2026] No solution exists. MPSolverInterface::result_status_ = MPSOLVER_INFEASIBLE
E0000 00:00:1785655658.502269   74506 linear_solver.cc:2026] No solution exists. MPSolverInterface::result_status_ = MPSOLVER_INFEASIBLE
E0000 00:00:1785655673.780453   74506 linear_solver.cc:2026] No solution exists. MPSolverInterface::result_status_ = MPSOLVER_INFEASIBLE
E0000 00:00:1785655673.827882   74506 linear_solver.cc:2026] No solution exists. MPSolverInterface::result_status_ = MPSOLVER_INFEASIBLE
E0000 00:00:1785655675.694288   74506 linear_solver.cc:2026] No solution exists. MPSolverInterface::result_status_ = MPSOLVER_INFEASIBLE
E0000 00:00:1785655675.705405   74506 linear_solver.cc:2026] No solution exists. MPSolverInterface::result_status_ = MPSOLVER_INFEASIBLE
E0000 00:00:1785655675.941111   74506 linear_solver.cc:2026] No solution exists. MPSolverInterface::result_status_ = MPSOLVER_INFEASIBLE
E0000 00:00:1785655675.950761   74506 linear_solver.cc:2026] No solution exists. MPSolverInterface::result_status_ = MPSOLVER_INFEASIBLE
E0000 00:00:1785655676.139598   74506 linear_solver.cc:2026] No solution exists. MPSolverInterface::result_status_ = MPSOLVER_INFEASIBLE
E0000 00:00:1785655676.149837   74506 linear_solver.cc:2026] No solution exists. MPSolverInterface::result_status_ = MPSOLVER_INFEASIBLE
E0000 00:00:1785655676.407790   74506 linear_solver.cc:2026] No solution exists. MPSolverInterface::result_status_ = MPSOLVER_INFEASIBLE
E0000 00:00:1785655676.417305   74506 linear_solver.cc:2026] No solution exists. MPSolverInterface::result_status_ = MPSOLVER_INFEASIBLE
E0000 00:00:1785655676.607051   74506 linear_solver.cc:2026] No solution exists. MPSolverInterface::result_status_ = MPSOLVER_INFEASIBLE
E0000 00:00:1785655676.616905   74506 linear_solver.cc:2026] No solution exists. MPSolverInterface::result_status_ = MPSOLVER_INFEASIBLE
E0000 00:00:1785655676.807454   74506 linear_solver.cc:2026] No solution exists. MPSolverInterface::result_status_ = MPSOLVER_INFEASIBLE
E0000 00:00:1785655676.817001   74506 linear_solver.cc:2026] No solution exists. MPSolverInterface::result_status_ = MPSOLVER_INFEASIBLE
E0000 00:00:1785655681.470885   74506 linear_solver.cc:2026] No solution exists. MPSolverInterface::result_status_ = MPSOLVER_INFEASIBLE
E0000 00:00:1785655681.538969   74506 linear_solver.cc:2026] No solution exists. MPSolverInterface::result_status_ = MPSOLVER_INFEASIBLE
E0000 00:00:1785655694.968182   74506 linear_solver.cc:2026] No solution exists. MPSolverInterface::result_status_ = MPSOLVER_INFEASIBLE
E0000 00:00:1785655695.040637   74506 linear_solver.cc:2026] No solution exists. MPSolverInterface::result_status_ = MPSOLVER_INFEASIBLE
E0000 00:00:1785655711.921917   74506 linear_solver.cc:2026] No solution exists. MPSolverInterface::result_status_ = MPSOLVER_INFEASIBLE
E0000 00:00:1785655711.984387   74506 linear_solver.cc:2026] No solution exists. MPSolverInterface::result_status_ = MPSOLVER_INFEASIBLE
E0000 00:00:1785655731.698893   74506 linear_solver.cc:2026] No solution exists. MPSolverInterface::result_status_ = MPSOLVER_INFEASIBLE
E0000 00:00:1785655731.750288   74506 linear_solver.cc:2026] No solution exists. MPSolverInterface::result_status_ = MPSOLVER_INFEASIBLE
E0000 00:00:1785655752.861023   74506 linear_solver.cc:2026] No solution exists. MPSolverInterface::result_status_ = MPSOLVER_INFEASIBLE
E0000 00:00:1785655752.934293   74506 linear_solver.cc:2026] No solution exists. MPSolverInterface::result_status_ = MPSOLVER_INFEASIBLE
E0000 00:00:1785655784.903239   74506 linear_solver.cc:2026] No solution exists. MPSolverInterface::result_status_ = MPSOLVER_INFEASIBLE
E0000 00:00:1785655787.054197   74506 linear_solver.cc:2026] No solution exists. MPSolverInterface::result_status_ = MPSOLVER_INFEASIBLE
E0000 00:00:1785655804.006984   74506 linear_solver.cc:2026] No solution exists. MPSolverInterface::result_status_ = MPSOLVER_INFEASIBLE
E0000 00:00:1785655804.015668   74506 linear_solver.cc:2026] No solution exists. MPSolverInterface::result_status_ = MPSOLVER_INFEASIBLE
E0000 00:00:1785655807.757348   74506 linear_solver.cc:2026] No solution exists. MPSolverInterface::result_status_ = MPSOLVER_INFEASIBLE
E0000 00:00:1785655807.813471   74506 linear_solver.cc:2026] No solution exists. MPSolverInterface::result_status_ = MPSOLVER_INFEASIBLE
E0000 00:00:1785655810.404322   74506 linear_solver.cc:2026] No solution exists. MPSolverInterface::result_status_ = MPSOLVER_INFEASIBLE
E0000 00:00:1785655810.415455   74506 linear_solver.cc:2026] No solution exists. MPSolverInterface::result_status_ = MPSOLVER_INFEASIBLE
E0000 00:00:1785655810.852309   74506 linear_solver.cc:2026] No solution exists. MPSolverInterface::result_status_ = MPSOLVER_INFEASIBLE
E0000 00:00:1785655810.875732   74506 linear_solver.cc:2026] No solution exists. MPSolverInterface::result_status_ = MPSOLVER_INFEASIBLE
E0000 00:00:1785655811.144539   74506 linear_solver.cc:2026] No solution exists. MPSolverInterface::result_status_ = MPSOLVER_INFEASIBLE
E0000 00:00:1785655811.154679   74506 linear_solver.cc:2026] No solution exists. MPSolverInterface::result_status_ = MPSOLVER_INFEASIBLE
E0000 00:00:1785655811.352349   74506 linear_solver.cc:2026] No solution exists. MPSolverInterface::result_status_ = MPSOLVER_INFEASIBLE
E0000 00:00:1785655811.362426   74506 linear_solver.cc:2026] No solution exists. MPSolverInterface::result_status_ = MPSOLVER_INFEASIBLE
E0000 00:00:1785655811.559302   74506 linear_solver.cc:2026] No solution exists. MPSolverInterface::result_status_ = MPSOLVER_INFEASIBLE
E0000 00:00:1785655811.569357   74506 linear_solver.cc:2026] No solution exists. MPSolverInterface::result_status_ = MPSOLVER_INFEASIBLE
E0000 00:00:1785655811.792366   74506 linear_solver.cc:2026] No solution exists. MPSolverInterface::result_status_ = MPSOLVER_INFEASIBLE
E0000 00:00:1785655811.815971   74506 linear_solver.cc:2026] No solution exists. MPSolverInterface::result_status_ = MPSOLVER_INFEASIBLE
E0000 00:00:1785655835.074010   74506 linear_solver.cc:2026] No solution exists. MPSolverInterface::result_status_ = MPSOLVER_INFEASIBLE
E0000 00:00:1785655835.142535   74506 linear_solver.cc:2026] No solution exists. MPSolverInterface::result_status_ = MPSOLVER_INFEASIBLE
E0000 00:00:1785655859.577472   74506 linear_solver.cc:2026] No solution exists. MPSolverInterface::result_status_ = MPSOLVER_INFEASIBLE
E0000 00:00:1785655859.640110   74506 linear_solver.cc:2026] No solution exists. MPSolverInterface::result_status_ = MPSOLVER_INFEASIBLE
E0000 00:00:1785655884.587158   74506 linear_solver.cc:2026] No solution exists. MPSolverInterface::result_status_ = MPSOLVER_INFEASIBLE
E0000 00:00:1785655884.646097   74506 linear_solver.cc:2026] No solution exists. MPSolverInterface::result_status_ = MPSOLVER_INFEASIBLE
E0000 00:00:1785655908.312655   74506 linear_solver.cc:2026] No solution exists. MPSolverInterface::result_status_ = MPSOLVER_INFEASIBLE
E0000 00:00:1785655908.376070   74506 linear_solver.cc:2026] No solution exists. MPSolverInterface::result_status_ = MPSOLVER_INFEASIBLE
E0000 00:00:1785655928.899944   74506 linear_solver.cc:2026] No solution exists. MPSolverInterface::result_status_ = MPSOLVER_INFEASIBLE
E0000 00:00:1785655928.952089   74506 linear_solver.cc:2026] No solution exists. MPSolverInterface::result_status_ = MPSOLVER_INFEASIBLE
E0000 00:00:1785655946.615218   74506 linear_solver.cc:2026] No solution exists. MPSolverInterface::result_status_ = MPSOLVER_INFEASIBLE
E0000 00:00:1785655946.663263   74506 linear_solver.cc:2026] No solution exists. MPSolverInterface::result_status_ = MPSOLVER_INFEASIBLE
E0000 00:00:1785655948.676076   74506 linear_solver.cc:2026] No solution exists. MPSolverInterface::result_status_ = MPSOLVER_INFEASIBLE
E0000 00:00:1785655948.686751   74506 linear_solver.cc:2026] No solution exists. MPSolverInterface::result_status_ = MPSOLVER_INFEASIBLE
E0000 00:00:1785655948.905281   74506 linear_solver.cc:2026] No solution exists. MPSolverInterface::result_status_ = MPSOLVER_INFEASIBLE
E0000 00:00:1785655948.914683   74506 linear_solver.cc:2026] No solution exists. MPSolverInterface::result_status_ = MPSOLVER_INFEASIBLE
E0000 00:00:1785655949.092329   74506 linear_solver.cc:2026] No solution exists. MPSolverInterface::result_status_ = MPSOLVER_INFEASIBLE
E0000 00:00:1785655949.102049   74506 linear_solver.cc:2026] No solution exists. MPSolverInterface::result_status_ = MPSOLVER_INFEASIBLE
E0000 00:00:1785655949.283711   74506 linear_solver.cc:2026] No solution exists. MPSolverInterface::result_status_ = MPSOLVER_INFEASIBLE
E0000 00:00:1785655949.293156   74506 linear_solver.cc:2026] No solution exists. MPSolverInterface::result_status_ = MPSOLVER_INFEASIBLE
E0000 00:00:1785655949.518662   74506 linear_solver.cc:2026] No solution exists. MPSolverInterface::result_status_ = MPSOLVER_INFEASIBLE
E0000 00:00:1785655949.538310   74506 linear_solver.cc:2026] No solution exists. MPSolverInterface::result_status_ = MPSOLVER_INFEASIBLE
E0000 00:00:1785655949.722470   74506 linear_solver.cc:2026] No solution exists. MPSolverInterface::result_status_ = MPSOLVER_INFEASIBLE
E0000 00:00:1785655949.731839   74506 linear_solver.cc:2026] No solution exists. MPSolverInterface::result_status_ = MPSOLVER_INFEASIBLE
E0000 00:00:1785655966.786475   74506 linear_solver.cc:2026] No solution exists. MPSolverInterface::result_status_ = MPSOLVER_INFEASIBLE
E0000 00:00:1785655966.855243   74506 linear_solver.cc:2026] No solution exists. MPSolverInterface::result_status_ = MPSOLVER_INFEASIBLE
E0000 00:00:1785655991.162033   74506 linear_solver.cc:2026] No solution exists. MPSolverInterface::result_status_ = MPSOLVER_INFEASIBLE
E0000 00:00:1785655991.278294   74506 linear_solver.cc:2026] No solution exists. MPSolverInterface::result_status_ = MPSOLVER_INFEASIBLE
E0000 00:00:1785656018.191287   74506 linear_solver.cc:2026] No solution exists. MPSolverInterface::result_status_ = MPSOLVER_INFEASIBLE
E0000 00:00:1785656018.251535   74506 linear_solver.cc:2026] No solution exists. MPSolverInterface::result_status_ = MPSOLVER_INFEASIBLE
E0000 00:00:1785656063.742729   74506 linear_solver.cc:2026] No solution exists. MPSolverInterface::result_status_ = MPSOLVER_INFEASIBLE
E0000 00:00:1785656065.675215   74506 linear_solver.cc:2026] No solution exists. MPSolverInterface::result_status_ = MPSOLVER_INFEASIBLE
E0000 00:00:1785656093.613346   74506 linear_solver.cc:2026] No solution exists. MPSolverInterface::result_status_ = MPSOLVER_INFEASIBLE
E0000 00:00:1785656093.672940   74506 linear_solver.cc:2026] No solution exists. MPSolverInterface::result_status_ = MPSOLVER_INFEASIBLE
E0000 00:00:1785656121.670236   74506 linear_solver.cc:2026] No solution exists. MPSolverInterface::result_status_ = MPSOLVER_INFEASIBLE
E0000 00:00:1785656122.422555   74506 linear_solver.cc:2026] No solution exists. MPSolverInterface::result_status_ = MPSOLVER_INFEASIBLE
E0000 00:00:1785656146.682670   74506 linear_solver.cc:2026] No solution exists. MPSolverInterface::result_status_ = MPSOLVER_INFEASIBLE
E0000 00:00:1785656146.735047   74506 linear_solver.cc:2026] No solution exists. MPSolverInterface::result_status_ = MPSOLVER_INFEASIBLE
E0000 00:00:1785656149.231405   74506 linear_solver.cc:2026] No solution exists. MPSolverInterface::result_status_ = MPSOLVER_INFEASIBLE
E0000 00:00:1785656149.242107   74506 linear_solver.cc:2026] No solution exists. MPSolverInterface::result_status_ = MPSOLVER_INFEASIBLE
E0000 00:00:1785656149.458317   74506 linear_solver.cc:2026] No solution exists. MPSolverInterface::result_status_ = MPSOLVER_INFEASIBLE
E0000 00:00:1785656149.467382   74506 linear_solver.cc:2026] No solution exists. MPSolverInterface::result_status_ = MPSOLVER_INFEASIBLE
E0000 00:00:1785656149.642923   74506 linear_solver.cc:2026] No solution exists. MPSolverInterface::result_status_ = MPSOLVER_INFEASIBLE
E0000 00:00:1785656149.651989   74506 linear_solver.cc:2026] No solution exists. MPSolverInterface::result_status_ = MPSOLVER_INFEASIBLE
E0000 00:00:1785656149.833475   74506 linear_solver.cc:2026] No solution exists. MPSolverInterface::result_status_ = MPSOLVER_INFEASIBLE
E0000 00:00:1785656149.842603   74506 linear_solver.cc:2026] No solution exists. MPSolverInterface::result_status_ = MPSOLVER_INFEASIBLE
E0000 00:00:1785656150.020398   74506 linear_solver.cc:2026] No solution exists. MPSolverInterface::result_status_ = MPSOLVER_INFEASIBLE
E0000 00:00:1785656150.029340   74506 linear_solver.cc:2026] No solution exists. MPSolverInterface::result_status_ = MPSOLVER_INFEASIBLE
E0000 00:00:1785656150.208726   74506 linear_solver.cc:2026] No solution exists. MPSolverInterface::result_status_ = MPSOLVER_INFEASIBLE
E0000 00:00:1785656150.217760   74506 linear_solver.cc:2026] No solution exists. MPSolverInterface::result_status_ = MPSOLVER_INFEASIBLE
E0000 00:00:1785656163.362680   74506 linear_solver.cc:2026] No solution exists. MPSolverInterface::result_status_ = MPSOLVER_INFEASIBLE
E0000 00:00:1785656163.424389   74506 linear_solver.cc:2026] No solution exists. MPSolverInterface::result_status_ = MPSOLVER_INFEASIBLE
E0000 00:00:1785656189.388409   74506 linear_solver.cc:2026] No solution exists. MPSolverInterface::result_status_ = MPSOLVER_INFEASIBLE
E0000 00:00:1785656189.454973   74506 linear_solver.cc:2026] No solution exists. MPSolverInterface::result_status_ = MPSOLVER_INFEASIBLE
E0000 00:00:1785656209.535810   74506 linear_solver.cc:2026] No solution exists. MPSolverInterface::result_status_ = MPSOLVER_INFEASIBLE
E0000 00:00:1785656209.595611   74506 linear_solver.cc:2026] No solution exists. MPSolverInterface::result_status_ = MPSOLVER_INFEASIBLE
E0000 00:00:1785656236.111058   74506 linear_solver.cc:2026] No solution exists. MPSolverInterface::result_status_ = MPSOLVER_INFEASIBLE
E0000 00:00:1785656236.548153   74506 linear_solver.cc:2026] No solution exists. MPSolverInterface::result_status_ = MPSOLVER_INFEASIBLE
E0000 00:00:1785656264.844634   74506 linear_solver.cc:2026] No solution exists. MPSolverInterface::result_status_ = MPSOLVER_INFEASIBLE
E0000 00:00:1785656266.602446   74506 linear_solver.cc:2026] No solution exists. MPSolverInterface::result_status_ = MPSOLVER_INFEASIBLE
E0000 00:00:1785656284.681517   74506 linear_solver.cc:2026] No solution exists. MPSolverInterface::result_status_ = MPSOLVER_INFEASIBLE
E0000 00:00:1785656285.176118   74506 linear_solver.cc:2026] No solution exists. MPSolverInterface::result_status_ = MPSOLVER_INFEASIBLE
E0000 00:00:1785656298.907711   74506 linear_solver.cc:2026] No solution exists. MPSolverInterface::result_status_ = MPSOLVER_INFEASIBLE
E0000 00:00:1785656298.947073   74506 linear_solver.cc:2026] No solution exists. MPSolverInterface::result_status_ = MPSOLVER_INFEASIBLE
E0000 00:00:1785656300.479425   74506 linear_solver.cc:2026] No solution exists. MPSolverInterface::result_status_ = MPSOLVER_INFEASIBLE
E0000 00:00:1785656300.488387   74506 linear_solver.cc:2026] No solution exists. MPSolverInterface::result_status_ = MPSOLVER_INFEASIBLE
E0000 00:00:1785656300.661035   74506 linear_solver.cc:2026] No solution exists. MPSolverInterface::result_status_ = MPSOLVER_INFEASIBLE
E0000 00:00:1785656300.670135   74506 linear_solver.cc:2026] No solution exists. MPSolverInterface::result_status_ = MPSOLVER_INFEASIBLE
E0000 00:00:1785656300.847118   74506 linear_solver.cc:2026] No solution exists. MPSolverInterface::result_status_ = MPSOLVER_INFEASIBLE
E0000 00:00:1785656300.855787   74506 linear_solver.cc:2026] No solution exists. MPSolverInterface::result_status_ = MPSOLVER_INFEASIBLE
E0000 00:00:1785656301.032827   74506 linear_solver.cc:2026] No solution exists. MPSolverInterface::result_status_ = MPSOLVER_INFEASIBLE
E0000 00:00:1785656301.041888   74506 linear_solver.cc:2026] No solution exists. MPSolverInterface::result_status_ = MPSOLVER_INFEASIBLE
E0000 00:00:1785656301.216791   74506 linear_solver.cc:2026] No solution exists. MPSolverInterface::result_status_ = MPSOLVER_INFEASIBLE
E0000 00:00:1785656301.225818   74506 linear_solver.cc:2026] No solution exists. MPSolverInterface::result_status_ = MPSOLVER_INFEASIBLE
E0000 00:00:1785656309.705014   74506 linear_solver.cc:2026] No solution exists. MPSolverInterface::result_status_ = MPSOLVER_INFEASIBLE
E0000 00:00:1785656309.782559   74506 linear_solver.cc:2026] No solution exists. MPSolverInterface::result_status_ = MPSOLVER_INFEASIBLE
E0000 00:00:1785656336.247714   74506 linear_solver.cc:2026] No solution exists. MPSolverInterface::result_status_ = MPSOLVER_INFEASIBLE
E0000 00:00:1785656336.306306   74506 linear_solver.cc:2026] No solution exists. MPSolverInterface::result_status_ = MPSOLVER_INFEASIBLE
E0000 00:00:1785656355.567111   74506 linear_solver.cc:2026] No solution exists. MPSolverInterface::result_status_ = MPSOLVER_INFEASIBLE
E0000 00:00:1785656355.617362   74506 linear_solver.cc:2026] No solution exists. MPSolverInterface::result_status_ = MPSOLVER_INFEASIBLE
E0000 00:00:1785656388.892359   74506 linear_solver.cc:2026] No solution exists. MPSolverInterface::result_status_ = MPSOLVER_INFEASIBLE
E0000 00:00:1785656391.040390   74506 linear_solver.cc:2026] No solution exists. MPSolverInterface::result_status_ = MPSOLVER_INFEASIBLE
E0000 00:00:1785656424.729087   74506 linear_solver.cc:2026] No solution exists. MPSolverInterface::result_status_ = MPSOLVER_INFEASIBLE
E0000 00:00:1785656427.165699   74506 linear_solver.cc:2026] No solution exists. MPSolverInterface::result_status_ = MPSOLVER_INFEASIBLE
E0000 00:00:1785656443.927484   74506 linear_solver.cc:2026] No solution exists. MPSolverInterface::result_status_ = MPSOLVER_INFEASIBLE
E0000 00:00:1785656444.150423   74506 linear_solver.cc:2026] No solution exists. MPSolverInterface::result_status_ = MPSOLVER_INFEASIBLE
E0000 00:00:1785656454.449742   74506 linear_solver.cc:2026] No solution exists. MPSolverInterface::result_status_ = MPSOLVER_INFEASIBLE
E0000 00:00:1785656454.509234   74506 linear_solver.cc:2026] No solution exists. MPSolverInterface::result_status_ = MPSOLVER_INFEASIBLE
E0000 00:00:1785656461.070182   74506 linear_solver.cc:2026] No solution exists. MPSolverInterface::result_status_ = MPSOLVER_INFEASIBLE
E0000 00:00:1785656461.129080   74506 linear_solver.cc:2026] No solution exists. MPSolverInterface::result_status_ = MPSOLVER_INFEASIBLE
E0000 00:00:1785656463.413280   74506 linear_solver.cc:2026] No solution exists. MPSolverInterface::result_status_ = MPSOLVER_INFEASIBLE
E0000 00:00:1785656463.423840   74506 linear_solver.cc:2026] No solution exists. MPSolverInterface::result_status_ = MPSOLVER_INFEASIBLE
E0000 00:00:1785656463.642179   74506 linear_solver.cc:2026] No solution exists. MPSolverInterface::result_status_ = MPSOLVER_INFEASIBLE
E0000 00:00:1785656463.652120   74506 linear_solver.cc:2026] No solution exists. MPSolverInterface::result_status_ = MPSOLVER_INFEASIBLE
E0000 00:00:1785656463.838102   74506 linear_solver.cc:2026] No solution exists. MPSolverInterface::result_status_ = MPSOLVER_INFEASIBLE
E0000 00:00:1785656463.847472   74506 linear_solver.cc:2026] No solution exists. MPSolverInterface::result_status_ = MPSOLVER_INFEASIBLE
E0000 00:00:1785656464.033863   74506 linear_solver.cc:2026] No solution exists. MPSolverInterface::result_status_ = MPSOLVER_INFEASIBLE
E0000 00:00:1785656464.043587   74506 linear_solver.cc:2026] No solution exists. MPSolverInterface::result_status_ = MPSOLVER_INFEASIBLE
E0000 00:00:1785656464.236328   74506 linear_solver.cc:2026] No solution exists. MPSolverInterface::result_status_ = MPSOLVER_INFEASIBLE
E0000 00:00:1785656464.245940   74506 linear_solver.cc:2026] No solution exists. MPSolverInterface::result_status_ = MPSOLVER_INFEASIBLE
E0000 00:00:1785656464.432972   74506 linear_solver.cc:2026] No solution exists. MPSolverInterface::result_status_ = MPSOLVER_INFEASIBLE
E0000 00:00:1785656464.442289   74506 linear_solver.cc:2026] No solution exists. MPSolverInterface::result_status_ = MPSOLVER_INFEASIBLE
E0000 00:00:1785656469.314039   74506 linear_solver.cc:2026] No solution exists. MPSolverInterface::result_status_ = MPSOLVER_INFEASIBLE
E0000 00:00:1785656469.374663   74506 linear_solver.cc:2026] No solution exists. MPSolverInterface::result_status_ = MPSOLVER_INFEASIBLE
E0000 00:00:1785656486.644613   74506 linear_solver.cc:2026] No solution exists. MPSolverInterface::result_status_ = MPSOLVER_INFEASIBLE
E0000 00:00:1785656486.717975   74506 linear_solver.cc:2026] No solution exists. MPSolverInterface::result_status_ = MPSOLVER_INFEASIBLE
E0000 00:00:1785656510.837299   74506 linear_solver.cc:2026] No solution exists. MPSolverInterface::result_status_ = MPSOLVER_INFEASIBLE
E0000 00:00:1785656510.918345   74506 linear_solver.cc:2026] No solution exists. MPSolverInterface::result_status_ = MPSOLVER_INFEASIBLE
E0000 00:00:1785656543.255555   74506 linear_solver.cc:2026] No solution exists. MPSolverInterface::result_status_ = MPSOLVER_INFEASIBLE
E0000 00:00:1785656543.327143   74506 linear_solver.cc:2026] No solution exists. MPSolverInterface::result_status_ = MPSOLVER_INFEASIBLE
E0000 00:00:1785656573.436134   74506 linear_solver.cc:2026] No solution exists. MPSolverInterface::result_status_ = MPSOLVER_INFEASIBLE
E0000 00:00:1785656573.493823   74506 linear_solver.cc:2026] No solution exists. MPSolverInterface::result_status_ = MPSOLVER_INFEASIBLE
E0000 00:00:1785656600.956349   74506 linear_solver.cc:2026] No solution exists. MPSolverInterface::result_status_ = MPSOLVER_INFEASIBLE
E0000 00:00:1785656602.247240   74506 linear_solver.cc:2026] No solution exists. MPSolverInterface::result_status_ = MPSOLVER_INFEASIBLE
E0000 00:00:1785656619.023942   74506 linear_solver.cc:2026] No solution exists. MPSolverInterface::result_status_ = MPSOLVER_INFEASIBLE
E0000 00:00:1785656619.089352   74506 linear_solver.cc:2026] No solution exists. MPSolverInterface::result_status_ = MPSOLVER_INFEASIBLE
E0000 00:00:1785656620.752163   74506 linear_solver.cc:2026] No solution exists. MPSolverInterface::result_status_ = MPSOLVER_INFEASIBLE
E0000 00:00:1785656620.763470   74506 linear_solver.cc:2026] No solution exists. MPSolverInterface::result_status_ = MPSOLVER_INFEASIBLE
E0000 00:00:1785656621.119458   74506 linear_solver.cc:2026] No solution exists. MPSolverInterface::result_status_ = MPSOLVER_INFEASIBLE
E0000 00:00:1785656621.132772   74506 linear_solver.cc:2026] No solution exists. MPSolverInterface::result_status_ = MPSOLVER_INFEASIBLE
E0000 00:00:1785656621.389986   74506 linear_solver.cc:2026] No solution exists. MPSolverInterface::result_status_ = MPSOLVER_INFEASIBLE
E0000 00:00:1785656621.399787   74506 linear_solver.cc:2026] No solution exists. MPSolverInterface::result_status_ = MPSOLVER_INFEASIBLE
E0000 00:00:1785656621.584441   74506 linear_solver.cc:2026] No solution exists. MPSolverInterface::result_status_ = MPSOLVER_INFEASIBLE
E0000 00:00:1785656621.593928   74506 linear_solver.cc:2026] No solution exists. MPSolverInterface::result_status_ = MPSOLVER_INFEASIBLE
E0000 00:00:1785656621.778884   74506 linear_solver.cc:2026] No solution exists. MPSolverInterface::result_status_ = MPSOLVER_INFEASIBLE
E0000 00:00:1785656621.788412   74506 linear_solver.cc:2026] No solution exists. MPSolverInterface::result_status_ = MPSOLVER_INFEASIBLE
E0000 00:00:1785656621.971025   74506 linear_solver.cc:2026] No solution exists. MPSolverInterface::result_status_ = MPSOLVER_INFEASIBLE
E0000 00:00:1785656621.980595   74506 linear_solver.cc:2026] No solution exists. MPSolverInterface::result_status_ = MPSOLVER_INFEASIBLE
E0000 00:00:1785656629.149666   74506 linear_solver.cc:2026] No solution exists. MPSolverInterface::result_status_ = MPSOLVER_INFEASIBLE
E0000 00:00:1785656629.248682   74506 linear_solver.cc:2026] No solution exists. MPSolverInterface::result_status_ = MPSOLVER_INFEASIBLE
E0000 00:00:1785656650.181867   74506 linear_solver.cc:2026] No solution exists. MPSolverInterface::result_status_ = MPSOLVER_INFEASIBLE
E0000 00:00:1785656650.257622   74506 linear_solver.cc:2026] No solution exists. MPSolverInterface::result_status_ = MPSOLVER_INFEASIBLE
E0000 00:00:1785656671.843490   74506 linear_solver.cc:2026] No solution exists. MPSolverInterface::result_status_ = MPSOLVER_INFEASIBLE
E0000 00:00:1785656671.902895   74506 linear_solver.cc:2026] No solution exists. MPSolverInterface::result_status_ = MPSOLVER_INFEASIBLE
E0000 00:00:1785656701.498481   74506 linear_solver.cc:2026] No solution exists. MPSolverInterface::result_status_ = MPSOLVER_INFEASIBLE
E0000 00:00:1785656701.567011   74506 linear_solver.cc:2026] No solution exists. MPSolverInterface::result_status_ = MPSOLVER_INFEASIBLE
E0000 00:00:1785656727.844041   74506 linear_solver.cc:2026] No solution exists. MPSolverInterface::result_status_ = MPSOLVER_INFEASIBLE
E0000 00:00:1785656727.901316   74506 linear_solver.cc:2026] No solution exists. MPSolverInterface::result_status_ = MPSOLVER_INFEASIBLE
E0000 00:00:1785656759.215500   74506 linear_solver.cc:2026] No solution exists. MPSolverInterface::result_status_ = MPSOLVER_INFEASIBLE
E0000 00:00:1785656760.358108   74506 linear_solver.cc:2026] No solution exists. MPSolverInterface::result_status_ = MPSOLVER_INFEASIBLE
W1TAU: wrote 3680 rows -> outputs/w1tau/w1tau_taiwan_rank_0.parquet
[2026-08-02 03:46:16,390][HYDRA] 	#2 : dataset=gmsc n_seeds=10 out=outputs/w1tau
E0000 00:00:1785656788.552656   74506 linear_solver.cc:2026] No solution exists. MPSolverInterface::result_status_ = MPSOLVER_INFEASIBLE
E0000 00:00:1785656788.687169   74506 linear_solver.cc:2026] No solution exists. MPSolverInterface::result_status_ = MPSOLVER_INFEASIBLE
E0000 00:00:1785656802.095613   74506 linear_solver.cc:2026] No solution exists. MPSolverInterface::result_status_ = MPSOLVER_INFEASIBLE
E0000 00:00:1785656802.209969   74506 linear_solver.cc:2026] No solution exists. MPSolverInterface::result_status_ = MPSOLVER_INFEASIBLE
E0000 00:00:1785656808.013108   74506 linear_solver.cc:2026] No solution exists. MPSolverInterface::result_status_ = MPSOLVER_INFEASIBLE
E0000 00:00:1785656808.083277   74506 linear_solver.cc:2026] No solution exists. MPSolverInterface::result_status_ = MPSOLVER_INFEASIBLE
E0000 00:00:1785656811.061249   74506 linear_solver.cc:2026] No solution exists. MPSolverInterface::result_status_ = MPSOLVER_INFEASIBLE
E0000 00:00:1785656811.086248   74506 linear_solver.cc:2026] No solution exists. MPSolverInterface::result_status_ = MPSOLVER_INFEASIBLE
E0000 00:00:1785656824.332191   74506 linear_solver.cc:2026] No solution exists. MPSolverInterface::result_status_ = MPSOLVER_INFEASIBLE
E0000 00:00:1785656824.457738   74506 linear_solver.cc:2026] No solution exists. MPSolverInterface::result_status_ = MPSOLVER_INFEASIBLE
E0000 00:00:1785656836.364900   74506 linear_solver.cc:2026] No solution exists. MPSolverInterface::result_status_ = MPSOLVER_INFEASIBLE
E0000 00:00:1785656836.468736   74506 linear_solver.cc:2026] No solution exists. MPSolverInterface::result_status_ = MPSOLVER_INFEASIBLE
E0000 00:00:1785656841.174564   74506 linear_solver.cc:2026] No solution exists. MPSolverInterface::result_status_ = MPSOLVER_INFEASIBLE
E0000 00:00:1785656841.244665   74506 linear_solver.cc:2026] No solution exists. MPSolverInterface::result_status_ = MPSOLVER_INFEASIBLE
E0000 00:00:1785656843.911660   74506 linear_solver.cc:2026] No solution exists. MPSolverInterface::result_status_ = MPSOLVER_INFEASIBLE
E0000 00:00:1785656843.937459   74506 linear_solver.cc:2026] No solution exists. MPSolverInterface::result_status_ = MPSOLVER_INFEASIBLE
E0000 00:00:1785656853.502104   74506 linear_solver.cc:2026] No solution exists. MPSolverInterface::result_status_ = MPSOLVER_INFEASIBLE
E0000 00:00:1785656853.618133   74506 linear_solver.cc:2026] No solution exists. MPSolverInterface::result_status_ = MPSOLVER_INFEASIBLE
E0000 00:00:1785656867.223610   74506 linear_solver.cc:2026] No solution exists. MPSolverInterface::result_status_ = MPSOLVER_INFEASIBLE
E0000 00:00:1785656867.349887   74506 linear_solver.cc:2026] No solution exists. MPSolverInterface::result_status_ = MPSOLVER_INFEASIBLE
E0000 00:00:1785656878.443795   74506 linear_solver.cc:2026] No solution exists. MPSolverInterface::result_status_ = MPSOLVER_INFEASIBLE
E0000 00:00:1785656878.587515   74506 linear_solver.cc:2026] No solution exists. MPSolverInterface::result_status_ = MPSOLVER_INFEASIBLE
E0000 00:00:1785656883.288648   74506 linear_solver.cc:2026] No solution exists. MPSolverInterface::result_status_ = MPSOLVER_INFEASIBLE
E0000 00:00:1785656883.326658   74506 linear_solver.cc:2026] No solution exists. MPSolverInterface::result_status_ = MPSOLVER_INFEASIBLE
E0000 00:00:1785656894.241475   74506 linear_solver.cc:2026] No solution exists. MPSolverInterface::result_status_ = MPSOLVER_INFEASIBLE
E0000 00:00:1785656894.364245   74506 linear_solver.cc:2026] No solution exists. MPSolverInterface::result_status_ = MPSOLVER_INFEASIBLE
E0000 00:00:1785656904.141698   74506 linear_solver.cc:2026] No solution exists. MPSolverInterface::result_status_ = MPSOLVER_INFEASIBLE
E0000 00:00:1785656904.245369   74506 linear_solver.cc:2026] No solution exists. MPSolverInterface::result_status_ = MPSOLVER_INFEASIBLE
E0000 00:00:1785656908.770021   74506 linear_solver.cc:2026] No solution exists. MPSolverInterface::result_status_ = MPSOLVER_INFEASIBLE
E0000 00:00:1785656908.846013   74506 linear_solver.cc:2026] No solution exists. MPSolverInterface::result_status_ = MPSOLVER_INFEASIBLE
E0000 00:00:1785656911.085915   74506 linear_solver.cc:2026] No solution exists. MPSolverInterface::result_status_ = MPSOLVER_INFEASIBLE
E0000 00:00:1785656911.111664   74506 linear_solver.cc:2026] No solution exists. MPSolverInterface::result_status_ = MPSOLVER_INFEASIBLE
E0000 00:00:1785656921.991191   74506 linear_solver.cc:2026] No solution exists. MPSolverInterface::result_status_ = MPSOLVER_INFEASIBLE
E0000 00:00:1785656922.110777   74506 linear_solver.cc:2026] No solution exists. MPSolverInterface::result_status_ = MPSOLVER_INFEASIBLE
E0000 00:00:1785656931.574189   74506 linear_solver.cc:2026] No solution exists. MPSolverInterface::result_status_ = MPSOLVER_INFEASIBLE
E0000 00:00:1785656931.696168   74506 linear_solver.cc:2026] No solution exists. MPSolverInterface::result_status_ = MPSOLVER_INFEASIBLE
E0000 00:00:1785656937.784020   74506 linear_solver.cc:2026] No solution exists. MPSolverInterface::result_status_ = MPSOLVER_INFEASIBLE
E0000 00:00:1785656937.856328   74506 linear_solver.cc:2026] No solution exists. MPSolverInterface::result_status_ = MPSOLVER_INFEASIBLE
E0000 00:00:1785656940.332296   74506 linear_solver.cc:2026] No solution exists. MPSolverInterface::result_status_ = MPSOLVER_INFEASIBLE
E0000 00:00:1785656940.358021   74506 linear_solver.cc:2026] No solution exists. MPSolverInterface::result_status_ = MPSOLVER_INFEASIBLE
E0000 00:00:1785656952.226245   74506 linear_solver.cc:2026] No solution exists. MPSolverInterface::result_status_ = MPSOLVER_INFEASIBLE
E0000 00:00:1785656952.358495   74506 linear_solver.cc:2026] No solution exists. MPSolverInterface::result_status_ = MPSOLVER_INFEASIBLE
E0000 00:00:1785656962.180672   74506 linear_solver.cc:2026] No solution exists. MPSolverInterface::result_status_ = MPSOLVER_INFEASIBLE
E0000 00:00:1785656962.363850   74506 linear_solver.cc:2026] No solution exists. MPSolverInterface::result_status_ = MPSOLVER_INFEASIBLE
E0000 00:00:1785656968.543984   74506 linear_solver.cc:2026] No solution exists. MPSolverInterface::result_status_ = MPSOLVER_INFEASIBLE
E0000 00:00:1785656968.615820   74506 linear_solver.cc:2026] No solution exists. MPSolverInterface::result_status_ = MPSOLVER_INFEASIBLE
E0000 00:00:1785656970.952116   74506 linear_solver.cc:2026] No solution exists. MPSolverInterface::result_status_ = MPSOLVER_INFEASIBLE
E0000 00:00:1785656971.003404   74506 linear_solver.cc:2026] No solution exists. MPSolverInterface::result_status_ = MPSOLVER_INFEASIBLE
E0000 00:00:1785656982.807924   74506 linear_solver.cc:2026] No solution exists. MPSolverInterface::result_status_ = MPSOLVER_INFEASIBLE
E0000 00:00:1785656982.928457   74506 linear_solver.cc:2026] No solution exists. MPSolverInterface::result_status_ = MPSOLVER_INFEASIBLE
E0000 00:00:1785656993.147211   74506 linear_solver.cc:2026] No solution exists. MPSolverInterface::result_status_ = MPSOLVER_INFEASIBLE
E0000 00:00:1785656993.265794   74506 linear_solver.cc:2026] No solution exists. MPSolverInterface::result_status_ = MPSOLVER_INFEASIBLE
E0000 00:00:1785656999.511332   74506 linear_solver.cc:2026] No solution exists. MPSolverInterface::result_status_ = MPSOLVER_INFEASIBLE
E0000 00:00:1785656999.582269   74506 linear_solver.cc:2026] No solution exists. MPSolverInterface::result_status_ = MPSOLVER_INFEASIBLE
E0000 00:00:1785657002.301130   74506 linear_solver.cc:2026] No solution exists. MPSolverInterface::result_status_ = MPSOLVER_INFEASIBLE
E0000 00:00:1785657002.325665   74506 linear_solver.cc:2026] No solution exists. MPSolverInterface::result_status_ = MPSOLVER_INFEASIBLE
E0000 00:00:1785657011.138169   74506 linear_solver.cc:2026] No solution exists. MPSolverInterface::result_status_ = MPSOLVER_INFEASIBLE
E0000 00:00:1785657011.262401   74506 linear_solver.cc:2026] No solution exists. MPSolverInterface::result_status_ = MPSOLVER_INFEASIBLE
E0000 00:00:1785657024.285997   74506 linear_solver.cc:2026] No solution exists. MPSolverInterface::result_status_ = MPSOLVER_INFEASIBLE
E0000 00:00:1785657024.357652   74506 linear_solver.cc:2026] No solution exists. MPSolverInterface::result_status_ = MPSOLVER_INFEASIBLE
E0000 00:00:1785657026.898372   74506 linear_solver.cc:2026] No solution exists. MPSolverInterface::result_status_ = MPSOLVER_INFEASIBLE
E0000 00:00:1785657026.923633   74506 linear_solver.cc:2026] No solution exists. MPSolverInterface::result_status_ = MPSOLVER_INFEASIBLE
E0000 00:00:1785657037.120297   74506 linear_solver.cc:2026] No solution exists. MPSolverInterface::result_status_ = MPSOLVER_INFEASIBLE
E0000 00:00:1785657037.250922   74506 linear_solver.cc:2026] No solution exists. MPSolverInterface::result_status_ = MPSOLVER_INFEASIBLE
E0000 00:00:1785657049.370111   74506 linear_solver.cc:2026] No solution exists. MPSolverInterface::result_status_ = MPSOLVER_INFEASIBLE
E0000 00:00:1785657049.439846   74506 linear_solver.cc:2026] No solution exists. MPSolverInterface::result_status_ = MPSOLVER_INFEASIBLE
E0000 00:00:1785657051.574672   74506 linear_solver.cc:2026] No solution exists. MPSolverInterface::result_status_ = MPSOLVER_INFEASIBLE
E0000 00:00:1785657051.600119   74506 linear_solver.cc:2026] No solution exists. MPSolverInterface::result_status_ = MPSOLVER_INFEASIBLE
E0000 00:00:1785657061.966279   74506 linear_solver.cc:2026] No solution exists. MPSolverInterface::result_status_ = MPSOLVER_INFEASIBLE
E0000 00:00:1785657062.096167   74506 linear_solver.cc:2026] No solution exists. MPSolverInterface::result_status_ = MPSOLVER_INFEASIBLE
E0000 00:00:1785657075.426026   74506 linear_solver.cc:2026] No solution exists. MPSolverInterface::result_status_ = MPSOLVER_INFEASIBLE
E0000 00:00:1785657075.639422   74506 linear_solver.cc:2026] No solution exists. MPSolverInterface::result_status_ = MPSOLVER_INFEASIBLE
E0000 00:00:1785657082.848940   74506 linear_solver.cc:2026] No solution exists. MPSolverInterface::result_status_ = MPSOLVER_INFEASIBLE
E0000 00:00:1785657082.920771   74506 linear_solver.cc:2026] No solution exists. MPSolverInterface::result_status_ = MPSOLVER_INFEASIBLE
E0000 00:00:1785657085.159380   74506 linear_solver.cc:2026] No solution exists. MPSolverInterface::result_status_ = MPSOLVER_INFEASIBLE
E0000 00:00:1785657085.184260   74506 linear_solver.cc:2026] No solution exists. MPSolverInterface::result_status_ = MPSOLVER_INFEASIBLE
W1TAU: wrote 1600 rows -> outputs/w1tau/w1tau_gmsc_rank_0.parquet
[2026-08-02 03:51:26,310][HYDRA] 	#3 : dataset=hmeq n_seeds=10 out=outputs/w1tau
E0000 00:00:1785657092.464132   74506 linear_solver.cc:2026] No solution exists. MPSolverInterface::result_status_ = MPSOLVER_INFEASIBLE
E0000 00:00:1785657092.522744   74506 linear_solver.cc:2026] No solution exists. MPSolverInterface::result_status_ = MPSOLVER_INFEASIBLE
E0000 00:00:1785657114.064623   74506 linear_solver.cc:2026] No solution exists. MPSolverInterface::result_status_ = MPSOLVER_INFEASIBLE
E0000 00:00:1785657114.122315   74506 linear_solver.cc:2026] No solution exists. MPSolverInterface::result_status_ = MPSOLVER_INFEASIBLE
E0000 00:00:1785657143.504169   74506 linear_solver.cc:2026] No solution exists. MPSolverInterface::result_status_ = MPSOLVER_INFEASIBLE
E0000 00:00:1785657143.539217   74506 linear_solver.cc:2026] No solution exists. MPSolverInterface::result_status_ = MPSOLVER_INFEASIBLE
E0000 00:00:1785657152.947518   74506 linear_solver.cc:2026] No solution exists. MPSolverInterface::result_status_ = MPSOLVER_INFEASIBLE
E0000 00:00:1785657153.006601   74506 linear_solver.cc:2026] No solution exists. MPSolverInterface::result_status_ = MPSOLVER_INFEASIBLE
E0000 00:00:1785657173.325219   74506 linear_solver.cc:2026] No solution exists. MPSolverInterface::result_status_ = MPSOLVER_INFEASIBLE
E0000 00:00:1785657173.383099   74506 linear_solver.cc:2026] No solution exists. MPSolverInterface::result_status_ = MPSOLVER_INFEASIBLE
E0000 00:00:1785657193.479688   74506 linear_solver.cc:2026] No solution exists. MPSolverInterface::result_status_ = MPSOLVER_INFEASIBLE
E0000 00:00:1785657193.513098   74506 linear_solver.cc:2026] No solution exists. MPSolverInterface::result_status_ = MPSOLVER_INFEASIBLE
E0000 00:00:1785657203.974644   74506 linear_solver.cc:2026] No solution exists. MPSolverInterface::result_status_ = MPSOLVER_INFEASIBLE
E0000 00:00:1785657204.084591   74506 linear_solver.cc:2026] No solution exists. MPSolverInterface::result_status_ = MPSOLVER_INFEASIBLE
E0000 00:00:1785657225.365415   74506 linear_solver.cc:2026] No solution exists. MPSolverInterface::result_status_ = MPSOLVER_INFEASIBLE
E0000 00:00:1785657225.434490   74506 linear_solver.cc:2026] No solution exists. MPSolverInterface::result_status_ = MPSOLVER_INFEASIBLE
E0000 00:00:1785657241.390383   74506 linear_solver.cc:2026] No solution exists. MPSolverInterface::result_status_ = MPSOLVER_INFEASIBLE
E0000 00:00:1785657241.424790   74506 linear_solver.cc:2026] No solution exists. MPSolverInterface::result_status_ = MPSOLVER_INFEASIBLE
E0000 00:00:1785657251.016335   74506 linear_solver.cc:2026] No solution exists. MPSolverInterface::result_status_ = MPSOLVER_INFEASIBLE
E0000 00:00:1785657251.074880   74506 linear_solver.cc:2026] No solution exists. MPSolverInterface::result_status_ = MPSOLVER_INFEASIBLE
E0000 00:00:1785657272.826932   74506 linear_solver.cc:2026] No solution exists. MPSolverInterface::result_status_ = MPSOLVER_INFEASIBLE
E0000 00:00:1785657272.893789   74506 linear_solver.cc:2026] No solution exists. MPSolverInterface::result_status_ = MPSOLVER_INFEASIBLE
E0000 00:00:1785657291.570850   74506 linear_solver.cc:2026] No solution exists. MPSolverInterface::result_status_ = MPSOLVER_INFEASIBLE
E0000 00:00:1785657291.638444   74506 linear_solver.cc:2026] No solution exists. MPSolverInterface::result_status_ = MPSOLVER_INFEASIBLE
E0000 00:00:1785657310.748530   74506 linear_solver.cc:2026] No solution exists. MPSolverInterface::result_status_ = MPSOLVER_INFEASIBLE
E0000 00:00:1785657310.809375   74506 linear_solver.cc:2026] No solution exists. MPSolverInterface::result_status_ = MPSOLVER_INFEASIBLE
E0000 00:00:1785657324.764551   74506 linear_solver.cc:2026] No solution exists. MPSolverInterface::result_status_ = MPSOLVER_INFEASIBLE
E0000 00:00:1785657324.814229   74506 linear_solver.cc:2026] No solution exists. MPSolverInterface::result_status_ = MPSOLVER_INFEASIBLE
E0000 00:00:1785657332.824149   74506 linear_solver.cc:2026] No solution exists. MPSolverInterface::result_status_ = MPSOLVER_INFEASIBLE
E0000 00:00:1785657332.858685   74506 linear_solver.cc:2026] No solution exists. MPSolverInterface::result_status_ = MPSOLVER_INFEASIBLE
E0000 00:00:1785657343.094729   74506 linear_solver.cc:2026] No solution exists. MPSolverInterface::result_status_ = MPSOLVER_INFEASIBLE
E0000 00:00:1785657343.163247   74506 linear_solver.cc:2026] No solution exists. MPSolverInterface::result_status_ = MPSOLVER_INFEASIBLE
E0000 00:00:1785657362.513502   74506 linear_solver.cc:2026] No solution exists. MPSolverInterface::result_status_ = MPSOLVER_INFEASIBLE
E0000 00:00:1785657362.574515   74506 linear_solver.cc:2026] No solution exists. MPSolverInterface::result_status_ = MPSOLVER_INFEASIBLE
E0000 00:00:1785657377.020295   74506 linear_solver.cc:2026] No solution exists. MPSolverInterface::result_status_ = MPSOLVER_INFEASIBLE
E0000 00:00:1785657377.079204   74506 linear_solver.cc:2026] No solution exists. MPSolverInterface::result_status_ = MPSOLVER_INFEASIBLE
E0000 00:00:1785657391.666815   74506 linear_solver.cc:2026] No solution exists. MPSolverInterface::result_status_ = MPSOLVER_INFEASIBLE
E0000 00:00:1785657391.700807   74506 linear_solver.cc:2026] No solution exists. MPSolverInterface::result_status_ = MPSOLVER_INFEASIBLE
E0000 00:00:1785657403.049840   74506 linear_solver.cc:2026] No solution exists. MPSolverInterface::result_status_ = MPSOLVER_INFEASIBLE
E0000 00:00:1785657403.109655   74506 linear_solver.cc:2026] No solution exists. MPSolverInterface::result_status_ = MPSOLVER_INFEASIBLE
E0000 00:00:1785657420.730670   74506 linear_solver.cc:2026] No solution exists. MPSolverInterface::result_status_ = MPSOLVER_INFEASIBLE
E0000 00:00:1785657420.874993   74506 linear_solver.cc:2026] No solution exists. MPSolverInterface::result_status_ = MPSOLVER_INFEASIBLE
E0000 00:00:1785657439.627297   74506 linear_solver.cc:2026] No solution exists. MPSolverInterface::result_status_ = MPSOLVER_INFEASIBLE
E0000 00:00:1785657439.696100   74506 linear_solver.cc:2026] No solution exists. MPSolverInterface::result_status_ = MPSOLVER_INFEASIBLE
E0000 00:00:1785657455.625095   74506 linear_solver.cc:2026] No solution exists. MPSolverInterface::result_status_ = MPSOLVER_INFEASIBLE
E0000 00:00:1785657455.665050   74506 linear_solver.cc:2026] No solution exists. MPSolverInterface::result_status_ = MPSOLVER_INFEASIBLE
E0000 00:00:1785657465.785185   74506 linear_solver.cc:2026] No solution exists. MPSolverInterface::result_status_ = MPSOLVER_INFEASIBLE
E0000 00:00:1785657465.841635   74506 linear_solver.cc:2026] No solution exists. MPSolverInterface::result_status_ = MPSOLVER_INFEASIBLE
E0000 00:00:1785657484.234398   74506 linear_solver.cc:2026] No solution exists. MPSolverInterface::result_status_ = MPSOLVER_INFEASIBLE
E0000 00:00:1785657484.302655   74506 linear_solver.cc:2026] No solution exists. MPSolverInterface::result_status_ = MPSOLVER_INFEASIBLE
E0000 00:00:1785657504.367856   74506 linear_solver.cc:2026] No solution exists. MPSolverInterface::result_status_ = MPSOLVER_INFEASIBLE
E0000 00:00:1785657504.436888   74506 linear_solver.cc:2026] No solution exists. MPSolverInterface::result_status_ = MPSOLVER_INFEASIBLE
E0000 00:00:1785657524.013563   74506 linear_solver.cc:2026] No solution exists. MPSolverInterface::result_status_ = MPSOLVER_INFEASIBLE
E0000 00:00:1785657524.057293   74506 linear_solver.cc:2026] No solution exists. MPSolverInterface::result_status_ = MPSOLVER_INFEASIBLE
E0000 00:00:1785657535.436807   74506 linear_solver.cc:2026] No solution exists. MPSolverInterface::result_status_ = MPSOLVER_INFEASIBLE
E0000 00:00:1785657535.499960   74506 linear_solver.cc:2026] No solution exists. MPSolverInterface::result_status_ = MPSOLVER_INFEASIBLE
E0000 00:00:1785657552.517259   74506 linear_solver.cc:2026] No solution exists. MPSolverInterface::result_status_ = MPSOLVER_INFEASIBLE
E0000 00:00:1785657552.573810   74506 linear_solver.cc:2026] No solution exists. MPSolverInterface::result_status_ = MPSOLVER_INFEASIBLE
E0000 00:00:1785657575.634094   74506 linear_solver.cc:2026] No solution exists. MPSolverInterface::result_status_ = MPSOLVER_INFEASIBLE
E0000 00:00:1785657575.725670   74506 linear_solver.cc:2026] No solution exists. MPSolverInterface::result_status_ = MPSOLVER_INFEASIBLE
E0000 00:00:1785657600.392318   74506 linear_solver.cc:2026] No solution exists. MPSolverInterface::result_status_ = MPSOLVER_INFEASIBLE
E0000 00:00:1785657600.459010   74506 linear_solver.cc:2026] No solution exists. MPSolverInterface::result_status_ = MPSOLVER_INFEASIBLE
E0000 00:00:1785657618.961430   74506 linear_solver.cc:2026] No solution exists. MPSolverInterface::result_status_ = MPSOLVER_INFEASIBLE
E0000 00:00:1785657619.068057   74506 linear_solver.cc:2026] No solution exists. MPSolverInterface::result_status_ = MPSOLVER_INFEASIBLE
E0000 00:00:1785657632.706887   74506 linear_solver.cc:2026] No solution exists. MPSolverInterface::result_status_ = MPSOLVER_INFEASIBLE
E0000 00:00:1785657632.755623   74506 linear_solver.cc:2026] No solution exists. MPSolverInterface::result_status_ = MPSOLVER_INFEASIBLE
E0000 00:00:1785657649.842397   74506 linear_solver.cc:2026] No solution exists. MPSolverInterface::result_status_ = MPSOLVER_INFEASIBLE
E0000 00:00:1785657649.891011   74506 linear_solver.cc:2026] No solution exists. MPSolverInterface::result_status_ = MPSOLVER_INFEASIBLE
E0000 00:00:1785657676.821120   74506 linear_solver.cc:2026] No solution exists. MPSolverInterface::result_status_ = MPSOLVER_INFEASIBLE
E0000 00:00:1785657676.941128   74506 linear_solver.cc:2026] No solution exists. MPSolverInterface::result_status_ = MPSOLVER_INFEASIBLE
E0000 00:00:1785657722.342502   74506 linear_solver.cc:2026] No solution exists. MPSolverInterface::result_status_ = MPSOLVER_INFEASIBLE
E0000 00:00:1785657722.379157   74506 linear_solver.cc:2026] No solution exists. MPSolverInterface::result_status_ = MPSOLVER_INFEASIBLE
E0000 00:00:1785657730.946979   74506 linear_solver.cc:2026] No solution exists. MPSolverInterface::result_status_ = MPSOLVER_INFEASIBLE
E0000 00:00:1785657731.009463   74506 linear_solver.cc:2026] No solution exists. MPSolverInterface::result_status_ = MPSOLVER_INFEASIBLE
E0000 00:00:1785657748.080211   74506 linear_solver.cc:2026] No solution exists. MPSolverInterface::result_status_ = MPSOLVER_INFEASIBLE
E0000 00:00:1785657748.139092   74506 linear_solver.cc:2026] No solution exists. MPSolverInterface::result_status_ = MPSOLVER_INFEASIBLE
E0000 00:00:1785657763.261691   74506 linear_solver.cc:2026] No solution exists. MPSolverInterface::result_status_ = MPSOLVER_INFEASIBLE
E0000 00:00:1785657763.334862   74506 linear_solver.cc:2026] No solution exists. MPSolverInterface::result_status_ = MPSOLVER_INFEASIBLE
E0000 00:00:1785657781.243508   74506 linear_solver.cc:2026] No solution exists. MPSolverInterface::result_status_ = MPSOLVER_INFEASIBLE
E0000 00:00:1785657781.271554   74506 linear_solver.cc:2026] No solution exists. MPSolverInterface::result_status_ = MPSOLVER_INFEASIBLE
W1TAU: wrote 1600 rows -> outputs/w1tau/w1tau_hmeq_rank_0.parquet
